=== AppMonitor Started at Sat Oct 10 00:11:03 UTC 2026 ===
PID: 232
Environment Variables:
  APP_DATA_DIR=/var/lib/appmonitor/data
  APP_LOG_LEVEL=INFO
  APP_CONFIG_PATH=/opt/appmonitor/config.json
=======================================
=== AppMonitor Started at Sat Oct 10 00:11:19 UTC 2026 ===
PID: 285
Environment Variables:
  APP_DATA_DIR=/var/lib/appmonitor/data
  APP_LOG_LEVEL=INFO
  APP_CONFIG_PATH=/opt/appmonitor/config.json
=======================================
=== AppMonitor Started at Sat Oct 10 00:11:34 UTC 2026 ===
PID: 320
Environment Variables:
  APP_DATA_DIR=/var/lib/appmonitor/data
  APP_LOG_LEVEL=INFO
  APP_CONFIG_PATH=/opt/appmonitor/config.json
=======================================
=== AppMonitor Started at Sat Oct 10 00:11:38 UTC 2026 ===
PID: 350
Environment Variables:
  APP_DATA_DIR=/var/lib/appmonitor/data
  APP_LOG_LEVEL=INFO
  APP_CONFIG_PATH=/opt/appmonitor/config.json
=======================================
