#0 building with "desktop-linux" instance using docker driver

#1 [internal] load build definition from Dockerfile
#1 transferring dockerfile: 5.34kB done
#1 DONE 0.0s

#2 [internal] load metadata for docker.io/library/ubuntu:24.04
#2 DONE 0.4s

#3 [internal] load .dockerignore
#3 transferring context: 2B done
#3 DONE 0.0s

#4 [ 1/16] FROM docker.io/library/ubuntu:24.04@sha256:534baea6a22c03a63003dbc8dbe78fe34bc0d7e595d9a9dc9834884ff530eb55
#4 resolve docker.io/library/ubuntu:24.04@sha256:534baea6a22c03a63003dbc8dbe78fe34bc0d7e595d9a9dc9834884ff530eb55 0.0s done
#4 DONE 0.0s

#5 [ 2/16] WORKDIR /app
#5 CACHED

#6 [ 3/16] RUN apt-get update && apt-get install -y dash
#6 0.684 Get:1 http://ports.ubuntu.com/ubuntu-ports noble InRelease [256 kB]
#6 1.694 Get:2 http://ports.ubuntu.com/ubuntu-ports noble-updates InRelease [126 kB]
#6 1.940 Get:3 http://ports.ubuntu.com/ubuntu-ports noble-backports InRelease [126 kB]
#6 2.223 Get:4 http://ports.ubuntu.com/ubuntu-ports noble-security InRelease [126 kB]
#6 2.472 Get:5 http://ports.ubuntu.com/ubuntu-ports noble/restricted arm64 Packages [113 kB]
#6 2.581 Get:6 http://ports.ubuntu.com/ubuntu-ports noble/main arm64 Packages [1776 kB]
#6 3.133 Get:7 http://ports.ubuntu.com/ubuntu-ports noble/multiverse arm64 Packages [274 kB]
#6 3.168 Get:8 http://ports.ubuntu.com/ubuntu-ports noble/universe arm64 Packages [19.0 MB]
#6 4.815 Get:9 http://ports.ubuntu.com/ubuntu-ports noble-updates/multiverse arm64 Packages [96.8 kB]
#6 4.818 Get:10 http://ports.ubuntu.com/ubuntu-ports noble-updates/restricted arm64 Packages [3132 kB]
#6 5.075 Get:11 http://ports.ubuntu.com/ubuntu-ports noble-updates/main arm64 Packages [1758 kB]
#6 5.270 Get:12 http://ports.ubuntu.com/ubuntu-ports noble-updates/universe arm64 Packages [2210 kB]
#6 5.539 Get:13 http://ports.ubuntu.com/ubuntu-ports noble-backports/universe arm64 Packages [36.3 kB]
#6 5.539 Get:14 http://ports.ubuntu.com/ubuntu-ports noble-backports/multiverse arm64 Packages [671 B]
#6 5.539 Get:15 http://ports.ubuntu.com/ubuntu-ports noble-backports/main arm64 Packages [49.0 kB]
#6 5.540 Get:16 http://ports.ubuntu.com/ubuntu-ports noble-security/restricted arm64 Packages [2886 kB]
#6 5.748 Get:17 http://ports.ubuntu.com/ubuntu-ports noble-security/universe arm64 Packages [1624 kB]
#6 5.839 Get:18 http://ports.ubuntu.com/ubuntu-ports noble-security/main arm64 Packages [1390 kB]
#6 5.912 Get:19 http://ports.ubuntu.com/ubuntu-ports noble-security/multiverse arm64 Packages [89.7 kB]
#6 6.438 Fetched 35.1 MB in 6s (5657 kB/s)
#6 6.438 Reading package lists...
#6 7.502 Reading package lists...
#6 8.800 Building dependency tree...
#6 8.978 Reading state information...
#6 9.201 dash is already the newest version (0.5.12-6ubuntu5).
#6 9.201 0 upgraded, 0 newly installed, 0 to remove and 3 not upgraded.
#6 DONE 9.3s

#7 [ 4/16] RUN mkdir -p /workspace/config /workspace/tools/bin /workspace/scripts /workspace/secrets
#7 DONE 0.1s

#8 [ 5/16] RUN echo '#!/bin/bash\necho "devtool v1.0"' > /workspace/tools/bin/devtool && chmod +x /workspace/tools/bin/devtool
#8 DONE 0.3s

#9 [ 6/16] RUN echo '#!/bin/bash\necho "buildhelper running"' > /workspace/scripts/buildhelper && chmod +x /workspace/scripts/buildhelper
#9 DONE 0.2s

#10 [ 7/16] RUN echo 'SUPER_SECRET_API_KEY="sk-test-12345-abcdef"' > /workspace/secrets/.credentials
#10 DONE 0.2s

#11 [ 8/16] RUN echo 'DATABASE_URL="postgres://user:pass@localhost:5432/devdb"' >> /workspace/secrets/.credentials
#11 DONE 0.2s

#12 [ 9/16] RUN echo '#!/bin/sh\necho "Starting development environment initialization..."\n\n./workspace/config/paths.sh\n./workspace/config/aliases.sh\n./workspace/config/secrets.sh\n\necho "Environment initialization complete!"\necho "DEV_HOME is set to: $DEV_HOME"\n' > /app/init.sh && chmod +x /app/init.sh
#12 DONE 0.4s

#13 [10/16] RUN echo '#!/bin/sh\nexport DEV_HOME="/workspace"\nexport PROJECT_ROOT="/workspace/project"\nexport PATH="$PATH:/workspace/tools/bin:/workspace/scripts"\n\necho "Paths configured:"\necho "  DEV_HOME=$DEV_HOME"\necho "  PROJECT_ROOT=$PROJECT_ROOT"\necho "  PATH now includes tools and scripts directories"\n' > /workspace/config/paths.sh && chmod +x /workspace/config/paths.sh
#13 DONE 0.2s

#14 [11/16] RUN echo '#!/bin/bash\nalias ll="ls -la"\nalias dev="cd $DEV_HOME"\nalias proj="cd $PROJECT_ROOT"\n\nreload_env() {\n    echo "Reloading environment..."\n    ./workspace/config/paths.sh\n    ./workspace/config/secrets.sh\n    echo "Environment reloaded!"\n}\n\nexport -f reload_env 2>/dev/null || true\n\necho "Aliases and functions configured"\n' > /workspace/config/aliases.sh && chmod +x /workspace/config/aliases.sh
#14 DONE 0.2s

#15 [12/16] RUN echo '#!/bin/sh\nif [ -f /workspace/secrets/.credentials ]; then\n    . /workspace/secrets/.credentials\n    export API_KEY="$SUPER_SECRET_API_KEY"\n    export DB_URL="$DATABASE_URL"\n    echo "Secrets loaded successfully"\n    echo "  API_KEY is set (hidden for security)"\nelse\n    echo "WARNING: Credentials file not found!"\nfi\n' > /workspace/config/secrets.sh && chmod +x /workspace/config/secrets.sh
#15 DONE 0.1s

#16 [13/16] RUN echo '#!/bin/bash\necho "Setting up development environment..."\n\n/app/init.sh\n\necho "Setup complete! Try running: devtool"\n' > /app/setup_env.sh && chmod +x /app/setup_env.sh
#16 DONE 0.1s

#17 [14/16] RUN echo '# Development Environment Initialization System\n\nOur team has created this initialization system to configure development workspaces.\nWhen developers run ./init.sh, it appears to work (prints success messages), but\nafterwards none of the environment variables or PATH changes are available.\n\n- /app/init.sh - Main entry point\n- /app/setup_env.sh - Alternative entry point\n- /workspace/config/paths.sh - PATH configuration\n- /workspace/config/aliases.sh - Aliases and functions\n- /workspace/config/secrets.sh - API keys and credentials\n\n- DEV_HOME should be set to /workspace\n- PROJECT_ROOT should be set to /workspace/project\n- API_KEY should be set from credentials file\n- PATH should include /workspace/tools/bin and /workspace/scripts\n- The devtool and buildhelper commands should work\n- Aliases like ll, dev, proj should be available\n\n- Adding more export statements\n- Rearranging the order of script calls\n- Double-checking file permissions\n\nNothing seems to work!\n' > /app/README.md
#17 DONE 0.1s

#18 [15/16] WORKDIR /app
#18 DONE 0.0s

#19 [16/16] RUN if command -v python3 >/dev/null 2>&1 && python3 -m pip --version >/dev/null 2>&1; then python3 -m pip install --break-system-packages --no-cache-dir pytest==8.4.1; else apt-get update && apt-get install -y --no-install-recommends python3 python3-pip && rm -rf /var/lib/apt/lists/* && python3 -m pip install --break-system-packages --no-cache-dir pytest==8.4.1; fi
#19 0.479 Hit:1 http://ports.ubuntu.com/ubuntu-ports noble InRelease
#19 0.640 Hit:2 http://ports.ubuntu.com/ubuntu-ports noble-updates InRelease
#19 0.809 Hit:3 http://ports.ubuntu.com/ubuntu-ports noble-backports InRelease
#19 0.975 Hit:4 http://ports.ubuntu.com/ubuntu-ports noble-security InRelease
#19 1.013 Reading package lists...
#19 1.825 Reading package lists...
#19 2.598 Building dependency tree...
#19 2.773 Reading state information...
#19 2.975 The following additional packages will be installed:
#19 2.975   ca-certificates libexpat1 libpython3-stdlib libpython3.12-minimal
#19 2.976   libpython3.12-stdlib libreadline8t64 libsqlite3-0 libssl3t64 media-types
#19 2.976   netbase openssl python3-minimal python3-pkg-resources python3-setuptools
#19 2.976   python3-wheel python3.12 python3.12-minimal readline-common tzdata
#19 2.977 Suggested packages:
#19 2.977   python3-doc python3-tk python3-venv python-setuptools-doc python3.12-venv
#19 2.977   python3.12-doc binutils binfmt-support readline-doc
#19 2.977 Recommended packages:
#19 2.977   build-essential python3-dev
#19 3.072 The following NEW packages will be installed:
#19 3.072   ca-certificates libexpat1 libpython3-stdlib libpython3.12-minimal
#19 3.072   libpython3.12-stdlib libreadline8t64 libsqlite3-0 media-types netbase
#19 3.073   openssl python3 python3-minimal python3-pip python3-pkg-resources
#19 3.073   python3-setuptools python3-wheel python3.12 python3.12-minimal
#19 3.073   readline-common tzdata
#19 3.074 The following packages will be upgraded:
#19 3.074   libssl3t64
#19 3.432 1 upgraded, 20 newly installed, 0 to remove and 2 not upgraded.
#19 3.432 Need to get 12.0 MB of archives.
#19 3.432 After this operation, 42.0 MB of additional disk space will be used.
#19 3.432 Get:1 http://ports.ubuntu.com/ubuntu-ports noble-updates/main arm64 libssl3t64 arm64 3.0.13-0ubuntu3.16 [1838 kB]
#19 5.016 Get:2 http://ports.ubuntu.com/ubuntu-ports noble-updates/main arm64 libpython3.12-minimal arm64 3.12.3-1ubuntu0.17 [835 kB]
#19 5.081 Get:3 http://ports.ubuntu.com/ubuntu-ports noble-updates/main arm64 libexpat1 arm64 2.6.1-2ubuntu0.6 [89.8 kB]
#19 5.086 Get:4 http://ports.ubuntu.com/ubuntu-ports noble-updates/main arm64 python3.12-minimal arm64 3.12.3-1ubuntu0.17 [2253 kB]
#19 5.342 Get:5 http://ports.ubuntu.com/ubuntu-ports noble-updates/main arm64 python3-minimal arm64 3.12.3-0ubuntu2.1 [27.4 kB]
#19 5.343 Get:6 http://ports.ubuntu.com/ubuntu-ports noble/main arm64 media-types all 10.1.0 [27.5 kB]
#19 5.344 Get:7 http://ports.ubuntu.com/ubuntu-ports noble/main arm64 netbase all 6.4 [13.1 kB]
#19 5.344 Get:8 http://ports.ubuntu.com/ubuntu-ports noble-updates/main arm64 tzdata all 2026c-0ubuntu0.24.04.1 [280 kB]
#19 5.355 Get:9 http://ports.ubuntu.com/ubuntu-ports noble/main arm64 readline-common all 8.2-4build1 [56.5 kB]
#19 5.356 Get:10 http://ports.ubuntu.com/ubuntu-ports noble/main arm64 libreadline8t64 arm64 8.2-4build1 [153 kB]
#19 5.362 Get:11 http://ports.ubuntu.com/ubuntu-ports noble-updates/main arm64 libsqlite3-0 arm64 3.45.1-1ubuntu2.8 [691 kB]
#19 5.392 Get:12 http://ports.ubuntu.com/ubuntu-ports noble-updates/main arm64 libpython3.12-stdlib arm64 3.12.3-1ubuntu0.17 [2039 kB]
#19 5.540 Get:13 http://ports.ubuntu.com/ubuntu-ports noble-updates/main arm64 python3.12 arm64 3.12.3-1ubuntu0.17 [651 kB]
#19 5.563 Get:14 http://ports.ubuntu.com/ubuntu-ports noble-updates/main arm64 libpython3-stdlib arm64 3.12.3-0ubuntu2.1 [10.1 kB]
#19 5.563 Get:15 http://ports.ubuntu.com/ubuntu-ports noble-updates/main arm64 python3 arm64 3.12.3-0ubuntu2.1 [23.0 kB]
#19 5.564 Get:16 http://ports.ubuntu.com/ubuntu-ports noble-updates/main arm64 openssl arm64 3.0.13-0ubuntu3.16 [985 kB]
#19 5.598 Get:17 http://ports.ubuntu.com/ubuntu-ports noble-updates/main arm64 ca-certificates all 20260601~24.04.1 [139 kB]
#19 5.602 Get:18 http://ports.ubuntu.com/ubuntu-ports noble-updates/main arm64 python3-pkg-resources all 68.1.2-2ubuntu1.2 [168 kB]
#19 5.607 Get:19 http://ports.ubuntu.com/ubuntu-ports noble-updates/main arm64 python3-setuptools all 68.1.2-2ubuntu1.2 [397 kB]
#19 5.623 Get:20 http://ports.ubuntu.com/ubuntu-ports noble/universe arm64 python3-wheel all 0.42.0-2 [53.1 kB]
#19 5.626 Get:21 http://ports.ubuntu.com/ubuntu-ports noble-updates/universe arm64 python3-pip all 24.0+dfsg-1ubuntu1.3 [1320 kB]
#19 5.812 debconf: delaying package configuration, since apt-utils is not installed
#19 5.834 Fetched 12.0 MB in 3s (4609 kB/s)
#19 5.856 (Reading database ... 
(Reading database ... 5%
(Reading database ... 10%
(Reading database ... 15%
(Reading database ... 20%
(Reading database ... 25%
(Reading database ... 30%
(Reading database ... 35%
(Reading database ... 40%
(Reading database ... 45%
(Reading database ... 50%
(Reading database ... 55%
(Reading database ... 60%
(Reading database ... 65%
(Reading database ... 70%
(Reading database ... 75%
(Reading database ... 80%
(Reading database ... 85%
(Reading database ... 90%
(Reading database ... 95%
(Reading database ... 100%
(Reading database ... 4376 files and directories currently installed.)
#19 5.862 Preparing to unpack .../libssl3t64_3.0.13-0ubuntu3.16_arm64.deb ...
#19 5.872 Unpacking libssl3t64:arm64 (3.0.13-0ubuntu3.16) over (3.0.13-0ubuntu3.15) ...
#19 5.967 Setting up libssl3t64:arm64 (3.0.13-0ubuntu3.16) ...
#19 5.986 Selecting previously unselected package libpython3.12-minimal:arm64.
#19 5.986 (Reading database ... 
(Reading database ... 5%
(Reading database ... 10%
(Reading database ... 15%
(Reading database ... 20%
(Reading database ... 25%
(Reading database ... 30%
(Reading database ... 35%
(Reading database ... 40%
(Reading database ... 45%
(Reading database ... 50%
(Reading database ... 55%
(Reading database ... 60%
(Reading database ... 65%
(Reading database ... 70%
(Reading database ... 75%
(Reading database ... 80%
(Reading database ... 85%
(Reading database ... 90%
(Reading database ... 95%
(Reading database ... 100%
(Reading database ... 4376 files and directories currently installed.)
#19 5.992 Preparing to unpack .../libpython3.12-minimal_3.12.3-1ubuntu0.17_arm64.deb ...
#19 5.995 Unpacking libpython3.12-minimal:arm64 (3.12.3-1ubuntu0.17) ...
#19 6.081 Selecting previously unselected package libexpat1:arm64.
#19 6.082 Preparing to unpack .../libexpat1_2.6.1-2ubuntu0.6_arm64.deb ...
#19 6.083 Unpacking libexpat1:arm64 (2.6.1-2ubuntu0.6) ...
#19 6.103 Selecting previously unselected package python3.12-minimal.
#19 6.104 Preparing to unpack .../python3.12-minimal_3.12.3-1ubuntu0.17_arm64.deb ...
#19 6.108 Unpacking python3.12-minimal (3.12.3-1ubuntu0.17) ...
#19 6.186 Setting up libpython3.12-minimal:arm64 (3.12.3-1ubuntu0.17) ...
#19 6.193 Setting up libexpat1:arm64 (2.6.1-2ubuntu0.6) ...
#19 6.198 Setting up python3.12-minimal (3.12.3-1ubuntu0.17) ...
#19 6.917 Selecting previously unselected package python3-minimal.
#19 6.917 (Reading database ... 
(Reading database ... 5%
(Reading database ... 10%
(Reading database ... 15%
(Reading database ... 20%
(Reading database ... 25%
(Reading database ... 30%
(Reading database ... 35%
(Reading database ... 40%
(Reading database ... 45%
(Reading database ... 50%
(Reading database ... 55%
(Reading database ... 60%
(Reading database ... 65%
(Reading database ... 70%
(Reading database ... 75%
(Reading database ... 80%
(Reading database ... 85%
(Reading database ... 90%
(Reading database ... 95%
(Reading database ... 100%
(Reading database ... 4695 files and directories currently installed.)
#19 6.922 Preparing to unpack .../0-python3-minimal_3.12.3-0ubuntu2.1_arm64.deb ...
#19 6.924 Unpacking python3-minimal (3.12.3-0ubuntu2.1) ...
#19 6.950 Selecting previously unselected package media-types.
#19 6.951 Preparing to unpack .../1-media-types_10.1.0_all.deb ...
#19 6.954 Unpacking media-types (10.1.0) ...
#19 6.971 Selecting previously unselected package netbase.
#19 6.972 Preparing to unpack .../2-netbase_6.4_all.deb ...
#19 6.974 Unpacking netbase (6.4) ...
#19 6.991 Selecting previously unselected package tzdata.
#19 6.992 Preparing to unpack .../3-tzdata_2026c-0ubuntu0.24.04.1_all.deb ...
#19 6.994 Unpacking tzdata (2026c-0ubuntu0.24.04.1) ...
#19 7.065 Selecting previously unselected package readline-common.
#19 7.066 Preparing to unpack .../4-readline-common_8.2-4build1_all.deb ...
#19 7.069 Unpacking readline-common (8.2-4build1) ...
#19 7.088 Selecting previously unselected package libreadline8t64:arm64.
#19 7.089 Preparing to unpack .../5-libreadline8t64_8.2-4build1_arm64.deb ...
#19 7.095 Adding 'diversion of /lib/aarch64-linux-gnu/libhistory.so.8 to /lib/aarch64-linux-gnu/libhistory.so.8.usr-is-merged by libreadline8t64'
#19 7.100 Adding 'diversion of /lib/aarch64-linux-gnu/libhistory.so.8.2 to /lib/aarch64-linux-gnu/libhistory.so.8.2.usr-is-merged by libreadline8t64'
#19 7.103 Adding 'diversion of /lib/aarch64-linux-gnu/libreadline.so.8 to /lib/aarch64-linux-gnu/libreadline.so.8.usr-is-merged by libreadline8t64'
#19 7.106 Adding 'diversion of /lib/aarch64-linux-gnu/libreadline.so.8.2 to /lib/aarch64-linux-gnu/libreadline.so.8.2.usr-is-merged by libreadline8t64'
#19 7.107 Unpacking libreadline8t64:arm64 (8.2-4build1) ...
#19 7.124 Selecting previously unselected package libsqlite3-0:arm64.
#19 7.125 Preparing to unpack .../6-libsqlite3-0_3.45.1-1ubuntu2.8_arm64.deb ...
#19 7.126 Unpacking libsqlite3-0:arm64 (3.45.1-1ubuntu2.8) ...
#19 7.157 Selecting previously unselected package libpython3.12-stdlib:arm64.
#19 7.158 Preparing to unpack .../7-libpython3.12-stdlib_3.12.3-1ubuntu0.17_arm64.deb ...
#19 7.160 Unpacking libpython3.12-stdlib:arm64 (3.12.3-1ubuntu0.17) ...
#19 7.275 Selecting previously unselected package python3.12.
#19 7.277 Preparing to unpack .../8-python3.12_3.12.3-1ubuntu0.17_arm64.deb ...
#19 7.280 Unpacking python3.12 (3.12.3-1ubuntu0.17) ...
#19 7.308 Selecting previously unselected package libpython3-stdlib:arm64.
#19 7.309 Preparing to unpack .../9-libpython3-stdlib_3.12.3-0ubuntu2.1_arm64.deb ...
#19 7.311 Unpacking libpython3-stdlib:arm64 (3.12.3-0ubuntu2.1) ...
#19 7.351 Setting up python3-minimal (3.12.3-0ubuntu2.1) ...
#19 7.652 Selecting previously unselected package python3.
#19 7.652 (Reading database ... 
(Reading database ... 5%
(Reading database ... 10%
(Reading database ... 15%
(Reading database ... 20%
(Reading database ... 25%
(Reading database ... 30%
(Reading database ... 35%
(Reading database ... 40%
(Reading database ... 45%
(Reading database ... 50%
(Reading database ... 55%
(Reading database ... 60%
(Reading database ... 65%
(Reading database ... 70%
(Reading database ... 75%
(Reading database ... 80%
(Reading database ... 85%
(Reading database ... 90%
(Reading database ... 95%
(Reading database ... 100%
(Reading database ... 5701 files and directories currently installed.)
#19 7.658 Preparing to unpack .../0-python3_3.12.3-0ubuntu2.1_arm64.deb ...
#19 7.664 Unpacking python3 (3.12.3-0ubuntu2.1) ...
#19 7.686 Selecting previously unselected package openssl.
#19 7.687 Preparing to unpack .../1-openssl_3.0.13-0ubuntu3.16_arm64.deb ...
#19 7.690 Unpacking openssl (3.0.13-0ubuntu3.16) ...
#19 7.747 Selecting previously unselected package ca-certificates.
#19 7.748 Preparing to unpack .../2-ca-certificates_20260601~24.04.1_all.deb ...
#19 7.753 Unpacking ca-certificates (20260601~24.04.1) ...
#19 7.806 Selecting previously unselected package python3-pkg-resources.
#19 7.807 Preparing to unpack .../3-python3-pkg-resources_68.1.2-2ubuntu1.2_all.deb ...
#19 7.812 Unpacking python3-pkg-resources (68.1.2-2ubuntu1.2) ...
#19 7.855 Selecting previously unselected package python3-setuptools.
#19 7.857 Preparing to unpack .../4-python3-setuptools_68.1.2-2ubuntu1.2_all.deb ...
#19 7.859 Unpacking python3-setuptools (68.1.2-2ubuntu1.2) ...
#19 7.972 Selecting previously unselected package python3-wheel.
#19 7.975 Preparing to unpack .../5-python3-wheel_0.42.0-2_all.deb ...
#19 7.979 Unpacking python3-wheel (0.42.0-2) ...
#19 8.040 Selecting previously unselected package python3-pip.
#19 8.040 Preparing to unpack .../6-python3-pip_24.0+dfsg-1ubuntu1.3_all.deb ...
#19 8.064 Unpacking python3-pip (24.0+dfsg-1ubuntu1.3) ...
#19 8.274 Setting up media-types (10.1.0) ...
#19 8.287 Setting up libsqlite3-0:arm64 (3.45.1-1ubuntu2.8) ...
#19 8.294 Setting up tzdata (2026c-0ubuntu0.24.04.1) ...
#19 8.368 debconf: unable to initialize frontend: Dialog
#19 8.368 debconf: (TERM is not set, so the dialog frontend is not usable.)
#19 8.368 debconf: falling back to frontend: Readline
#19 8.369 debconf: unable to initialize frontend: Readline
#19 8.369 debconf: (Can't locate Term/ReadLine.pm in @INC (you may need to install the Term::ReadLine module) (@INC entries checked: /etc/perl /usr/local/lib/aarch64-linux-gnu/perl/5.38.2 /usr/local/share/perl/5.38.2 /usr/lib/aarch64-linux-gnu/perl5/5.38 /usr/share/perl5 /usr/lib/aarch64-linux-gnu/perl-base /usr/lib/aarch64-linux-gnu/perl/5.38 /usr/share/perl/5.38 /usr/local/lib/site_perl) at /usr/share/perl5/Debconf/FrontEnd/Readline.pm line 8.)
#19 8.369 debconf: falling back to frontend: Teletype
#19 8.407 Configuring tzdata
#19 8.407 ------------------
#19 8.407 
#19 8.407 Please select the geographic area in which you live. Subsequent configuration
#19 8.407 questions will narrow this down by presenting a list of cities, representing
#19 8.407 the time zones in which they are located.
#19 8.407 
#19 8.407   1. Africa      4. Arctic    7. Australia  10. Pacific
#19 8.407   2. America     5. Asia      8. Europe     11. Etc
#19 8.407   3. Antarctica  6. Atlantic  9. Indian     12. Legacy
#19 8.407 Geographic area: 
#19 8.407 Use of uninitialized value $_[1] in join or string at /usr/share/perl5/Debconf/DbDriver/Stack.pm line 112.
#19 8.415 
#19 8.415 Current default time zone: '/UTC'
#19 8.418 Local time is now:      Mon Oct  5 21:31:33 UTC 2026.
#19 8.418 Universal Time is now:  Mon Oct  5 21:31:33 UTC 2026.
#19 8.418 Run 'dpkg-reconfigure tzdata' if you wish to change it.
#19 8.418 
#19 8.419 Use of uninitialized value $val in substitution (s///) at /usr/share/perl5/Debconf/Format/822.pm line 84, <GEN6> line 4.
#19 8.419 Use of uninitialized value $val in concatenation (.) or string at /usr/share/perl5/Debconf/Format/822.pm line 85, <GEN6> line 4.
#19 8.436 Setting up netbase (6.4) ...
#19 8.467 Setting up openssl (3.0.13-0ubuntu3.16) ...
#19 8.480 Setting up readline-common (8.2-4build1) ...
#19 8.493 Setting up ca-certificates (20260601~24.04.1) ...
#19 8.580 debconf: unable to initialize frontend: Dialog
#19 8.580 debconf: (TERM is not set, so the dialog frontend is not usable.)
#19 8.580 debconf: falling back to frontend: Readline
#19 8.580 debconf: unable to initialize frontend: Readline
#19 8.580 debconf: (Can't locate Term/ReadLine.pm in @INC (you may need to install the Term::ReadLine module) (@INC entries checked: /etc/perl /usr/local/lib/aarch64-linux-gnu/perl/5.38.2 /usr/local/share/perl/5.38.2 /usr/lib/aarch64-linux-gnu/perl5/5.38 /usr/share/perl5 /usr/lib/aarch64-linux-gnu/perl-base /usr/lib/aarch64-linux-gnu/perl/5.38 /usr/share/perl/5.38 /usr/local/lib/site_perl) at /usr/share/perl5/Debconf/FrontEnd/Readline.pm line 8.)
#19 8.580 debconf: falling back to frontend: Teletype
#19 8.918 Updating certificates in /etc/ssl/certs...
#19 9.263 121 added, 0 removed; done.
#19 9.281 Setting up libreadline8t64:arm64 (8.2-4build1) ...
#19 9.286 Setting up libpython3.12-stdlib:arm64 (3.12.3-1ubuntu0.17) ...
#19 9.290 Setting up python3.12 (3.12.3-1ubuntu0.17) ...
#19 10.09 Setting up libpython3-stdlib:arm64 (3.12.3-0ubuntu2.1) ...
#19 10.09 Setting up python3 (3.12.3-0ubuntu2.1) ...
#19 10.10 running python rtupdate hooks for python3.12...
#19 10.10 running python post-rtupdate hooks for python3.12...
#19 10.17 Setting up python3-wheel (0.42.0-2) ...
#19 10.30 Setting up python3-pkg-resources (68.1.2-2ubuntu1.2) ...
#19 10.48 Setting up python3-setuptools (68.1.2-2ubuntu1.2) ...
#19 10.96 Setting up python3-pip (24.0+dfsg-1ubuntu1.3) ...
#19 11.96 Processing triggers for libc-bin (2.39-0ubuntu8.9) ...
#19 11.97 Processing triggers for ca-certificates (20260601~24.04.1) ...
#19 11.98 Updating certificates in /etc/ssl/certs...
#19 12.35 0 added, 0 removed; done.
#19 12.35 Running hooks in /etc/ca-certificates/update.d...
#19 12.36 done.
#19 13.28 Collecting pytest==8.4.1
#19 13.51   Downloading pytest-8.4.1-py3-none-any.whl.metadata (7.7 kB)
#19 13.56 Collecting iniconfig>=1 (from pytest==8.4.1)
#19 13.58   Downloading iniconfig-2.3.0-py3-none-any.whl.metadata (2.5 kB)
#19 13.63 Collecting packaging>=20 (from pytest==8.4.1)
#19 13.72   Downloading packaging-26.3-py3-none-any.whl.metadata (3.5 kB)
#19 13.76 Collecting pluggy<2,>=1.5 (from pytest==8.4.1)
#19 13.79   Downloading pluggy-1.6.0-py3-none-any.whl.metadata (4.8 kB)
#19 13.92 Collecting pygments>=2.7.2 (from pytest==8.4.1)
#19 13.94   Downloading pygments-2.21.0-py3-none-any.whl.metadata (2.5 kB)
#19 13.98 Downloading pytest-8.4.1-py3-none-any.whl (365 kB)
#19 14.06    ━━━━━━━━━━━━━━━━━━━━━━━━━━━━━━━━━━━━━━━━ 365.5/365.5 kB 4.5 MB/s eta 0:00:00
#19 14.09 Downloading iniconfig-2.3.0-py3-none-any.whl (7.5 kB)
#19 14.12 Downloading packaging-26.3-py3-none-any.whl (129 kB)
#19 14.12    ━━━━━━━━━━━━━━━━━━━━━━━━━━━━━━━━━━━━━━━━ 130.0/130.0 kB 93.6 MB/s eta 0:00:00
#19 14.23 Downloading pluggy-1.6.0-py3-none-any.whl (20 kB)
#19 14.25 Downloading pygments-2.21.0-py3-none-any.whl (1.3 MB)
#19 14.31    ━━━━━━━━━━━━━━━━━━━━━━━━━━━━━━━━━━━━━━━━ 1.3/1.3 MB 20.3 MB/s eta 0:00:00
#19 14.34 Installing collected packages: pygments, pluggy, packaging, iniconfig, pytest
#19 15.85 Successfully installed iniconfig-2.3.0 packaging-26.3 pluggy-1.6.0 pygments-2.21.0 pytest-8.4.1
#19 15.85 WARNING: Running pip as the 'root' user can result in broken permissions and conflicting behaviour with the system package manager. It is recommended to use a virtual environment instead: https://pip.pypa.io/warnings/venv
#19 DONE 16.5s

#20 exporting to image
#20 exporting layers
#20 exporting layers 5.0s done
#20 exporting manifest sha256:b74a5f10d17551871a5b51996bed3285313e96cb4880685d823bf007e2696b34 done
#20 exporting config sha256:1d1aaa213c995f329c0e5384f2b26ab7faf3150afbbbeeb7bc09e41a29818c15 done
#20 exporting attestation manifest sha256:3a7f99fc73c78a8791a68927b8d87a2aa32006f9920b0542e30fa2930d3df608 0.0s done
#20 exporting manifest list sha256:0530ae1bd1b15716202dcfda260d1891130324e2b42f98d942707e865a025f1e 0.0s done
#20 naming to docker.io/library/verity-361:local done
#20 unpacking to docker.io/library/verity-361:local
#20 unpacking to docker.io/library/verity-361:local 1.8s done
#20 DONE 6.9s

View build details: docker-desktop://dashboard/build/desktop-linux/desktop-linux/dv672jiz015ct4cyfanfwcggp
