#0 building with "desktop-linux" instance using docker driver

#1 [internal] load build definition from Dockerfile
#1 transferring dockerfile: 3.46kB 0.0s done
#1 DONE 0.0s

#2 [internal] load metadata for docker.io/library/ubuntu:24.04
#2 DONE 0.9s

#3 [internal] load .dockerignore
#3 transferring context: 2B done
#3 DONE 0.0s

#4 [ 1/11] FROM docker.io/library/ubuntu:24.04@sha256:534baea6a22c03a63003dbc8dbe78fe34bc0d7e595d9a9dc9834884ff530eb55
#4 resolve docker.io/library/ubuntu:24.04@sha256:534baea6a22c03a63003dbc8dbe78fe34bc0d7e595d9a9dc9834884ff530eb55 0.0s done
#4 DONE 0.0s

#5 [ 2/11] WORKDIR /app
#5 CACHED

#6 [ 3/11] RUN apt-get update && apt-get install -y     systemd     systemd-sysv     procps     && apt-get clean     && rm -rf /var/lib/apt/lists/*
#6 1.032 Get:1 http://ports.ubuntu.com/ubuntu-ports noble InRelease [256 kB]
#6 1.990 Get:2 http://ports.ubuntu.com/ubuntu-ports noble-updates InRelease [126 kB]
#6 2.241 Get:3 http://ports.ubuntu.com/ubuntu-ports noble-backports InRelease [126 kB]
#6 2.453 Get:4 http://ports.ubuntu.com/ubuntu-ports noble-security InRelease [126 kB]
#6 2.771 Get:5 http://ports.ubuntu.com/ubuntu-ports noble/universe arm64 Packages [19.0 MB]
#6 5.006 Get:6 http://ports.ubuntu.com/ubuntu-ports noble/multiverse arm64 Packages [274 kB]
#6 5.007 Get:7 http://ports.ubuntu.com/ubuntu-ports noble/main arm64 Packages [1776 kB]
#6 5.111 Get:8 http://ports.ubuntu.com/ubuntu-ports noble/restricted arm64 Packages [113 kB]
#6 5.119 Get:9 http://ports.ubuntu.com/ubuntu-ports noble-updates/multiverse arm64 Packages [96.8 kB]
#6 5.122 Get:10 http://ports.ubuntu.com/ubuntu-ports noble-updates/main arm64 Packages [1758 kB]
#6 5.221 Get:11 http://ports.ubuntu.com/ubuntu-ports noble-updates/restricted arm64 Packages [3132 kB]
#6 5.505 Get:12 http://ports.ubuntu.com/ubuntu-ports noble-updates/universe arm64 Packages [2210 kB]
#6 5.684 Get:13 http://ports.ubuntu.com/ubuntu-ports noble-backports/universe arm64 Packages [36.3 kB]
#6 5.685 Get:14 http://ports.ubuntu.com/ubuntu-ports noble-backports/multiverse arm64 Packages [671 B]
#6 5.685 Get:15 http://ports.ubuntu.com/ubuntu-ports noble-backports/main arm64 Packages [49.0 kB]
#6 5.689 Get:16 http://ports.ubuntu.com/ubuntu-ports noble-security/main arm64 Packages [1390 kB]
#6 5.761 Get:17 http://ports.ubuntu.com/ubuntu-ports noble-security/restricted arm64 Packages [2886 kB]
#6 5.989 Get:18 http://ports.ubuntu.com/ubuntu-ports noble-security/universe arm64 Packages [1624 kB]
#6 6.211 Get:19 http://ports.ubuntu.com/ubuntu-ports noble-security/multiverse arm64 Packages [89.7 kB]
#6 7.338 Fetched 35.1 MB in 7s (5093 kB/s)
#6 7.338 Reading package lists...
#6 8.817 Reading package lists...
#6 10.73 Building dependency tree...
#6 11.38 Reading state information...
#6 11.71 procps is already the newest version (2:4.0.4-4ubuntu3.3).
#6 11.71 The following additional packages will be installed:
#6 11.71   adduser ca-certificates dbus dbus-bin dbus-daemon dbus-session-bus-common
#6 11.71   dbus-system-bus-common dbus-user-session dmsetup gir1.2-girepository-2.0
#6 11.71   gir1.2-glib-2.0 libapparmor1 libargon2-1 libcryptsetup12 libdbus-1-3
#6 11.71   libdevmapper1.02.1 libexpat1 libfdisk1 libgirepository-1.0-1 libglib2.0-0t64
#6 11.71   libglib2.0-data libicu74 libjson-c5 libkmod2 libnss-systemd libpam-systemd
#6 11.71   libpython3-stdlib libpython3.12-minimal libpython3.12-stdlib libreadline8t64
#6 11.71   libsqlite3-0 libssl3t64 libsystemd-shared libxml2 media-types netbase
#6 11.71   networkd-dispatcher openssl python3 python3-dbus python3-gi python3-minimal
#6 11.71   python3.12 python3.12-minimal readline-common shared-mime-info systemd-dev
#6 11.71   systemd-resolved systemd-timesyncd tzdata xdg-user-dirs
#6 11.71 Suggested packages:
#6 11.71   liblocale-gettext-perl perl cron quota ecryptfs-utils low-memory-monitor iw
#6 11.71   | wireless-tools python3-doc python3-tk python3-venv python-dbus-doc
#6 11.71   python3.12-venv python3.12-doc binutils binfmt-support readline-doc
#6 11.71   systemd-container systemd-homed systemd-userdbd systemd-boot libfido2-1
#6 11.71   libip4tc2 libqrencode4 libtss2-esys-3.0.2-0 libtss2-mu-4.0.1-0 libtss2-rc0
#6 11.71   libtss2-tcti-device0 polkitd
#6 11.87 The following NEW packages will be installed:
#6 11.87   adduser ca-certificates dbus dbus-bin dbus-daemon dbus-session-bus-common
#6 11.87   dbus-system-bus-common dbus-user-session dmsetup gir1.2-girepository-2.0
#6 11.87   gir1.2-glib-2.0 libapparmor1 libargon2-1 libcryptsetup12 libdbus-1-3
#6 11.87   libdevmapper1.02.1 libexpat1 libfdisk1 libgirepository-1.0-1 libglib2.0-0t64
#6 11.87   libglib2.0-data libicu74 libjson-c5 libkmod2 libnss-systemd libpam-systemd
#6 11.87   libpython3-stdlib libpython3.12-minimal libpython3.12-stdlib libreadline8t64
#6 11.87   libsqlite3-0 libsystemd-shared libxml2 media-types netbase
#6 11.87   networkd-dispatcher openssl python3 python3-dbus python3-gi python3-minimal
#6 11.87   python3.12 python3.12-minimal readline-common shared-mime-info systemd
#6 11.87   systemd-dev systemd-resolved systemd-sysv systemd-timesyncd tzdata
#6 11.87   xdg-user-dirs
#6 11.87 The following packages will be upgraded:
#6 11.87   libssl3t64
#6 12.26 1 upgraded, 52 newly installed, 0 to remove and 2 not upgraded.
#6 12.26 Need to get 32.1 MB of archives.
#6 12.26 After this operation, 112 MB of additional disk space will be used.
#6 12.26 Get:1 http://ports.ubuntu.com/ubuntu-ports noble-updates/main arm64 libssl3t64 arm64 3.0.13-0ubuntu3.16 [1838 kB]
#6 13.97 Get:2 http://ports.ubuntu.com/ubuntu-ports noble-updates/main arm64 libpython3.12-minimal arm64 3.12.3-1ubuntu0.17 [835 kB]
#6 14.03 Get:3 http://ports.ubuntu.com/ubuntu-ports noble-updates/main arm64 libexpat1 arm64 2.6.1-2ubuntu0.6 [89.8 kB]
#6 14.04 Get:4 http://ports.ubuntu.com/ubuntu-ports noble-updates/main arm64 python3.12-minimal arm64 3.12.3-1ubuntu0.17 [2253 kB]
#6 14.32 Get:5 http://ports.ubuntu.com/ubuntu-ports noble-updates/main arm64 python3-minimal arm64 3.12.3-0ubuntu2.1 [27.4 kB]
#6 14.32 Get:6 http://ports.ubuntu.com/ubuntu-ports noble/main arm64 media-types all 10.1.0 [27.5 kB]
#6 14.32 Get:7 http://ports.ubuntu.com/ubuntu-ports noble/main arm64 netbase all 6.4 [13.1 kB]
#6 14.32 Get:8 http://ports.ubuntu.com/ubuntu-ports noble-updates/main arm64 tzdata all 2026c-0ubuntu0.24.04.1 [280 kB]
#6 14.33 Get:9 http://ports.ubuntu.com/ubuntu-ports noble/main arm64 readline-common all 8.2-4build1 [56.5 kB]
#6 14.34 Get:10 http://ports.ubuntu.com/ubuntu-ports noble/main arm64 libreadline8t64 arm64 8.2-4build1 [153 kB]
#6 14.34 Get:11 http://ports.ubuntu.com/ubuntu-ports noble-updates/main arm64 libsqlite3-0 arm64 3.45.1-1ubuntu2.8 [691 kB]
#6 14.37 Get:12 http://ports.ubuntu.com/ubuntu-ports noble-updates/main arm64 libpython3.12-stdlib arm64 3.12.3-1ubuntu0.17 [2039 kB]
#6 14.51 Get:13 http://ports.ubuntu.com/ubuntu-ports noble-updates/main arm64 python3.12 arm64 3.12.3-1ubuntu0.17 [651 kB]
#6 14.53 Get:14 http://ports.ubuntu.com/ubuntu-ports noble-updates/main arm64 libpython3-stdlib arm64 3.12.3-0ubuntu2.1 [10.1 kB]
#6 14.54 Get:15 http://ports.ubuntu.com/ubuntu-ports noble-updates/main arm64 python3 arm64 3.12.3-0ubuntu2.1 [23.0 kB]
#6 14.54 Get:16 http://ports.ubuntu.com/ubuntu-ports noble-updates/main arm64 libapparmor1 arm64 4.0.1really4.0.1-0ubuntu0.24.04.8 [51.9 kB]
#6 14.54 Get:17 http://ports.ubuntu.com/ubuntu-ports noble/main arm64 libargon2-1 arm64 0~20190702+dfsg-4build1 [20.5 kB]
#6 14.54 Get:18 http://ports.ubuntu.com/ubuntu-ports noble-updates/main arm64 libdevmapper1.02.1 arm64 2:1.02.185-3ubuntu3.2 [128 kB]
#6 14.55 Get:19 http://ports.ubuntu.com/ubuntu-ports noble/main arm64 libjson-c5 arm64 0.17-1build1 [36.4 kB]
#6 14.55 Get:20 http://ports.ubuntu.com/ubuntu-ports noble-updates/main arm64 libcryptsetup12 arm64 2:2.7.0-1ubuntu4.2 [261 kB]
#6 14.60 Get:21 http://ports.ubuntu.com/ubuntu-ports noble-updates/main arm64 libfdisk1 arm64 2.39.3-9ubuntu6.6 [142 kB]
#6 14.70 Get:22 http://ports.ubuntu.com/ubuntu-ports noble-security/main arm64 libkmod2 arm64 31+20240202-2ubuntu7.2 [52.0 kB]
#6 14.71 Get:23 http://ports.ubuntu.com/ubuntu-ports noble-updates/main arm64 libsystemd-shared arm64 255.4-1ubuntu8.17 [2021 kB]
#6 14.89 Get:24 http://ports.ubuntu.com/ubuntu-ports noble-updates/main arm64 systemd-dev all 255.4-1ubuntu8.17 [107 kB]
#6 14.90 Get:25 http://ports.ubuntu.com/ubuntu-ports noble-updates/main arm64 systemd arm64 255.4-1ubuntu8.17 [3407 kB]
#6 15.38 Get:26 http://ports.ubuntu.com/ubuntu-ports noble-updates/main arm64 systemd-sysv arm64 255.4-1ubuntu8.17 [11.9 kB]
#6 15.38 Get:27 http://ports.ubuntu.com/ubuntu-ports noble/main arm64 adduser all 3.137ubuntu1 [101 kB]
#6 15.38 Get:28 http://ports.ubuntu.com/ubuntu-ports noble-updates/main arm64 openssl arm64 3.0.13-0ubuntu3.16 [985 kB]
#6 15.40 Get:29 http://ports.ubuntu.com/ubuntu-ports noble-updates/main arm64 ca-certificates all 20260601~24.04.1 [139 kB]
#6 15.40 Get:30 http://ports.ubuntu.com/ubuntu-ports noble-updates/main arm64 libdbus-1-3 arm64 1.14.10-4ubuntu4.1 [210 kB]
#6 15.41 Get:31 http://ports.ubuntu.com/ubuntu-ports noble-updates/main arm64 dbus-bin arm64 1.14.10-4ubuntu4.1 [38.8 kB]
#6 15.41 Get:32 http://ports.ubuntu.com/ubuntu-ports noble-updates/main arm64 dbus-session-bus-common all 1.14.10-4ubuntu4.1 [80.5 kB]
#6 15.42 Get:33 http://ports.ubuntu.com/ubuntu-ports noble-updates/main arm64 dbus-daemon arm64 1.14.10-4ubuntu4.1 [115 kB]
#6 15.42 Get:34 http://ports.ubuntu.com/ubuntu-ports noble-updates/main arm64 dbus-system-bus-common all 1.14.10-4ubuntu4.1 [81.6 kB]
#6 15.56 Get:35 http://ports.ubuntu.com/ubuntu-ports noble-updates/main arm64 dbus arm64 1.14.10-4ubuntu4.1 [23.9 kB]
#6 15.56 Get:36 http://ports.ubuntu.com/ubuntu-ports noble-updates/main arm64 libpam-systemd arm64 255.4-1ubuntu8.17 [232 kB]
#6 15.57 Get:37 http://ports.ubuntu.com/ubuntu-ports noble-updates/main arm64 dbus-user-session arm64 1.14.10-4ubuntu4.1 [9968 B]
#6 15.59 Get:38 http://ports.ubuntu.com/ubuntu-ports noble-updates/main arm64 dmsetup arm64 2:1.02.185-3ubuntu3.2 [74.7 kB]
#6 15.60 Get:39 http://ports.ubuntu.com/ubuntu-ports noble-updates/main arm64 libglib2.0-0t64 arm64 2.80.0-6ubuntu3.9 [1533 kB]
#6 15.66 Get:40 http://ports.ubuntu.com/ubuntu-ports noble-updates/main arm64 gir1.2-glib-2.0 arm64 2.80.0-6ubuntu3.9 [182 kB]
#6 15.67 Get:41 http://ports.ubuntu.com/ubuntu-ports noble/main arm64 libgirepository-1.0-1 arm64 1.80.1-1 [81.2 kB]
#6 15.67 Get:42 http://ports.ubuntu.com/ubuntu-ports noble/main arm64 gir1.2-girepository-2.0 arm64 1.80.1-1 [24.5 kB]
#6 15.67 Get:43 http://ports.ubuntu.com/ubuntu-ports noble-updates/main arm64 libglib2.0-data all 2.80.0-6ubuntu3.9 [50.1 kB]
#6 15.68 Get:44 http://ports.ubuntu.com/ubuntu-ports noble-updates/main arm64 libicu74 arm64 74.2-1ubuntu3.1 [10.8 MB]
#6 16.48 Get:45 http://ports.ubuntu.com/ubuntu-ports noble-updates/main arm64 libnss-systemd arm64 255.4-1ubuntu8.17 [155 kB]
#6 16.48 Get:46 http://ports.ubuntu.com/ubuntu-ports noble-updates/main arm64 libxml2 arm64 2.9.14+dfsg-1.3ubuntu3.9 [737 kB]
#6 16.51 Get:47 http://ports.ubuntu.com/ubuntu-ports noble/main arm64 python3-dbus arm64 1.3.2-5build3 [99.5 kB]
#6 16.51 Get:48 http://ports.ubuntu.com/ubuntu-ports noble/main arm64 python3-gi arm64 3.48.2-1 [233 kB]
#6 16.52 Get:49 http://ports.ubuntu.com/ubuntu-ports noble/main arm64 networkd-dispatcher all 2.2.4-1 [15.5 kB]
#6 16.52 Get:50 http://ports.ubuntu.com/ubuntu-ports noble/main arm64 shared-mime-info arm64 2.4-4 [472 kB]
#6 16.54 Get:51 http://ports.ubuntu.com/ubuntu-ports noble-updates/main arm64 systemd-resolved arm64 255.4-1ubuntu8.17 [291 kB]
#6 16.58 Get:52 http://ports.ubuntu.com/ubuntu-ports noble-updates/main arm64 systemd-timesyncd arm64 255.4-1ubuntu8.17 [34.8 kB]
#6 16.58 Get:53 http://ports.ubuntu.com/ubuntu-ports noble/main arm64 xdg-user-dirs arm64 0.18-1build1 [18.4 kB]
#6 16.70 debconf: delaying package configuration, since apt-utils is not installed
#6 16.76 Fetched 32.1 MB in 5s (6845 kB/s)
#6 16.80 (Reading database ... 
(Reading database ... 5%
(Reading database ... 10%
(Reading database ... 15%
(Reading database ... 20%
(Reading database ... 25%
(Reading database ... 30%
(Reading database ... 35%
(Reading database ... 40%
(Reading database ... 45%
(Reading database ... 50%
(Reading database ... 55%
(Reading database ... 60%
(Reading database ... 65%
(Reading database ... 70%
(Reading database ... 75%
(Reading database ... 80%
(Reading database ... 85%
(Reading database ... 90%
(Reading database ... 95%
(Reading database ... 100%
(Reading database ... 4376 files and directories currently installed.)
#6 16.81 Preparing to unpack .../libssl3t64_3.0.13-0ubuntu3.16_arm64.deb ...
#6 16.82 Unpacking libssl3t64:arm64 (3.0.13-0ubuntu3.16) over (3.0.13-0ubuntu3.15) ...
#6 16.98 Setting up libssl3t64:arm64 (3.0.13-0ubuntu3.16) ...
#6 17.02 Selecting previously unselected package libpython3.12-minimal:arm64.
#6 17.02 (Reading database ... 
(Reading database ... 5%
(Reading database ... 10%
(Reading database ... 15%
(Reading database ... 20%
(Reading database ... 25%
(Reading database ... 30%
(Reading database ... 35%
(Reading database ... 40%
(Reading database ... 45%
(Reading database ... 50%
(Reading database ... 55%
(Reading database ... 60%
(Reading database ... 65%
(Reading database ... 70%
(Reading database ... 75%
(Reading database ... 80%
(Reading database ... 85%
(Reading database ... 90%
(Reading database ... 95%
(Reading database ... 100%
(Reading database ... 4376 files and directories currently installed.)
#6 17.02 Preparing to unpack .../libpython3.12-minimal_3.12.3-1ubuntu0.17_arm64.deb ...
#6 17.02 Unpacking libpython3.12-minimal:arm64 (3.12.3-1ubuntu0.17) ...
#6 17.29 Selecting previously unselected package libexpat1:arm64.
#6 17.29 Preparing to unpack .../libexpat1_2.6.1-2ubuntu0.6_arm64.deb ...
#6 17.29 Unpacking libexpat1:arm64 (2.6.1-2ubuntu0.6) ...
#6 17.33 Selecting previously unselected package python3.12-minimal.
#6 17.33 Preparing to unpack .../python3.12-minimal_3.12.3-1ubuntu0.17_arm64.deb ...
#6 17.34 Unpacking python3.12-minimal (3.12.3-1ubuntu0.17) ...
#6 17.43 Setting up libpython3.12-minimal:arm64 (3.12.3-1ubuntu0.17) ...
#6 17.44 Setting up libexpat1:arm64 (2.6.1-2ubuntu0.6) ...
#6 17.45 Setting up python3.12-minimal (3.12.3-1ubuntu0.17) ...
#6 18.50 Selecting previously unselected package python3-minimal.
#6 18.50 (Reading database ... 
(Reading database ... 5%
(Reading database ... 10%
(Reading database ... 15%
(Reading database ... 20%
(Reading database ... 25%
(Reading database ... 30%
(Reading database ... 35%
(Reading database ... 40%
(Reading database ... 45%
(Reading database ... 50%
(Reading database ... 55%
(Reading database ... 60%
(Reading database ... 65%
(Reading database ... 70%
(Reading database ... 75%
(Reading database ... 80%
(Reading database ... 85%
(Reading database ... 90%
(Reading database ... 95%
(Reading database ... 100%
(Reading database ... 4695 files and directories currently installed.)
#6 18.51 Preparing to unpack .../0-python3-minimal_3.12.3-0ubuntu2.1_arm64.deb ...
#6 18.51 Unpacking python3-minimal (3.12.3-0ubuntu2.1) ...
#6 18.54 Selecting previously unselected package media-types.
#6 18.54 Preparing to unpack .../1-media-types_10.1.0_all.deb ...
#6 18.54 Unpacking media-types (10.1.0) ...
#6 18.57 Selecting previously unselected package netbase.
#6 18.57 Preparing to unpack .../2-netbase_6.4_all.deb ...
#6 18.57 Unpacking netbase (6.4) ...
#6 18.61 Selecting previously unselected package tzdata.
#6 18.61 Preparing to unpack .../3-tzdata_2026c-0ubuntu0.24.04.1_all.deb ...
#6 18.61 Unpacking tzdata (2026c-0ubuntu0.24.04.1) ...
#6 18.70 Selecting previously unselected package readline-common.
#6 18.70 Preparing to unpack .../4-readline-common_8.2-4build1_all.deb ...
#6 18.71 Unpacking readline-common (8.2-4build1) ...
#6 18.74 Selecting previously unselected package libreadline8t64:arm64.
#6 18.74 Preparing to unpack .../5-libreadline8t64_8.2-4build1_arm64.deb ...
#6 18.74 Adding 'diversion of /lib/aarch64-linux-gnu/libhistory.so.8 to /lib/aarch64-linux-gnu/libhistory.so.8.usr-is-merged by libreadline8t64'
#6 18.77 Adding 'diversion of /lib/aarch64-linux-gnu/libhistory.so.8.2 to /lib/aarch64-linux-gnu/libhistory.so.8.2.usr-is-merged by libreadline8t64'
#6 18.77 Adding 'diversion of /lib/aarch64-linux-gnu/libreadline.so.8 to /lib/aarch64-linux-gnu/libreadline.so.8.usr-is-merged by libreadline8t64'
#6 18.78 Adding 'diversion of /lib/aarch64-linux-gnu/libreadline.so.8.2 to /lib/aarch64-linux-gnu/libreadline.so.8.2.usr-is-merged by libreadline8t64'
#6 18.78 Unpacking libreadline8t64:arm64 (8.2-4build1) ...
#6 18.80 Selecting previously unselected package libsqlite3-0:arm64.
#6 18.80 Preparing to unpack .../6-libsqlite3-0_3.45.1-1ubuntu2.8_arm64.deb ...
#6 18.80 Unpacking libsqlite3-0:arm64 (3.45.1-1ubuntu2.8) ...
#6 18.83 Selecting previously unselected package libpython3.12-stdlib:arm64.
#6 18.83 Preparing to unpack .../7-libpython3.12-stdlib_3.12.3-1ubuntu0.17_arm64.deb ...
#6 18.83 Unpacking libpython3.12-stdlib:arm64 (3.12.3-1ubuntu0.17) ...
#6 18.98 Selecting previously unselected package python3.12.
#6 18.98 Preparing to unpack .../8-python3.12_3.12.3-1ubuntu0.17_arm64.deb ...
#6 18.98 Unpacking python3.12 (3.12.3-1ubuntu0.17) ...
#6 19.01 Selecting previously unselected package libpython3-stdlib:arm64.
#6 19.01 Preparing to unpack .../9-libpython3-stdlib_3.12.3-0ubuntu2.1_arm64.deb ...
#6 19.01 Unpacking libpython3-stdlib:arm64 (3.12.3-0ubuntu2.1) ...
#6 19.03 Setting up python3-minimal (3.12.3-0ubuntu2.1) ...
#6 19.24 Selecting previously unselected package python3.
#6 19.24 (Reading database ... 
(Reading database ... 5%
(Reading database ... 10%
(Reading database ... 15%
(Reading database ... 20%
(Reading database ... 25%
(Reading database ... 30%
(Reading database ... 35%
(Reading database ... 40%
(Reading database ... 45%
(Reading database ... 50%
(Reading database ... 55%
(Reading database ... 60%
(Reading database ... 65%
(Reading database ... 70%
(Reading database ... 75%
(Reading database ... 80%
(Reading database ... 85%
(Reading database ... 90%
(Reading database ... 95%
(Reading database ... 100%
(Reading database ... 5701 files and directories currently installed.)
#6 19.25 Preparing to unpack .../00-python3_3.12.3-0ubuntu2.1_arm64.deb ...
#6 19.26 Unpacking python3 (3.12.3-0ubuntu2.1) ...
#6 19.30 Selecting previously unselected package libapparmor1:arm64.
#6 19.30 Preparing to unpack .../01-libapparmor1_4.0.1really4.0.1-0ubuntu0.24.04.8_arm64.deb ...
#6 19.30 Unpacking libapparmor1:arm64 (4.0.1really4.0.1-0ubuntu0.24.04.8) ...
#6 19.35 Selecting previously unselected package libargon2-1:arm64.
#6 19.35 Preparing to unpack .../02-libargon2-1_0~20190702+dfsg-4build1_arm64.deb ...
#6 19.35 Unpacking libargon2-1:arm64 (0~20190702+dfsg-4build1) ...
#6 19.38 Selecting previously unselected package libdevmapper1.02.1:arm64.
#6 19.38 Preparing to unpack .../03-libdevmapper1.02.1_2%3a1.02.185-3ubuntu3.2_arm64.deb ...
#6 19.38 Unpacking libdevmapper1.02.1:arm64 (2:1.02.185-3ubuntu3.2) ...
#6 19.40 Selecting previously unselected package libjson-c5:arm64.
#6 19.40 Preparing to unpack .../04-libjson-c5_0.17-1build1_arm64.deb ...
#6 19.40 Unpacking libjson-c5:arm64 (0.17-1build1) ...
#6 19.42 Selecting previously unselected package libcryptsetup12:arm64.
#6 19.42 Preparing to unpack .../05-libcryptsetup12_2%3a2.7.0-1ubuntu4.2_arm64.deb ...
#6 19.42 Unpacking libcryptsetup12:arm64 (2:2.7.0-1ubuntu4.2) ...
#6 19.45 Selecting previously unselected package libfdisk1:arm64.
#6 19.45 Preparing to unpack .../06-libfdisk1_2.39.3-9ubuntu6.6_arm64.deb ...
#6 19.45 Unpacking libfdisk1:arm64 (2.39.3-9ubuntu6.6) ...
#6 19.48 Selecting previously unselected package libkmod2:arm64.
#6 19.48 Preparing to unpack .../07-libkmod2_31+20240202-2ubuntu7.2_arm64.deb ...
#6 19.48 Unpacking libkmod2:arm64 (31+20240202-2ubuntu7.2) ...
#6 19.50 Selecting previously unselected package libsystemd-shared:arm64.
#6 19.50 Preparing to unpack .../08-libsystemd-shared_255.4-1ubuntu8.17_arm64.deb ...
#6 19.50 Unpacking libsystemd-shared:arm64 (255.4-1ubuntu8.17) ...
#6 19.57 Selecting previously unselected package systemd-dev.
#6 19.57 Preparing to unpack .../09-systemd-dev_255.4-1ubuntu8.17_all.deb ...
#6 19.58 Unpacking systemd-dev (255.4-1ubuntu8.17) ...
#6 19.67 Selecting previously unselected package systemd.
#6 19.67 Preparing to unpack .../10-systemd_255.4-1ubuntu8.17_arm64.deb ...
#6 19.69 Unpacking systemd (255.4-1ubuntu8.17) ...
#6 19.87 Setting up libapparmor1:arm64 (4.0.1really4.0.1-0ubuntu0.24.04.8) ...
#6 19.87 Setting up libargon2-1:arm64 (0~20190702+dfsg-4build1) ...
#6 19.88 Setting up libdevmapper1.02.1:arm64 (2:1.02.185-3ubuntu3.2) ...
#6 19.88 Setting up libjson-c5:arm64 (0.17-1build1) ...
#6 19.88 Setting up libcryptsetup12:arm64 (2:2.7.0-1ubuntu4.2) ...
#6 19.89 Setting up libfdisk1:arm64 (2.39.3-9ubuntu6.6) ...
#6 19.89 Setting up libkmod2:arm64 (31+20240202-2ubuntu7.2) ...
#6 19.89 Setting up libsystemd-shared:arm64 (255.4-1ubuntu8.17) ...
#6 19.90 Setting up systemd-dev (255.4-1ubuntu8.17) ...
#6 19.90 Setting up systemd (255.4-1ubuntu8.17) ...
#6 19.92 Created symlink /etc/systemd/system/getty.target.wants/getty@tty1.service → /usr/lib/systemd/system/getty@.service.

#6 19.92 Created symlink /etc/systemd/system/multi-user.target.wants/remote-fs.target → /usr/lib/systemd/system/remote-fs.target.

#6 19.92 Created symlink /etc/systemd/system/sysinit.target.wants/systemd-pstore.service → /usr/lib/systemd/system/systemd-pstore.service.

#6 19.93 Initializing machine ID from random generator.

#6 19.94 /usr/lib/tmpfiles.d/systemd-network.conf:10: Failed to resolve user 'systemd-network': No such process

#6 19.94 /usr/lib/tmpfiles.d/systemd-network.conf:11: Failed to resolve user 'systemd-network': No such process

#6 19.94 /usr/lib/tmpfiles.d/systemd-network.conf:12: Failed to resolve user 'systemd-network': No such process

#6 19.94 /usr/lib/tmpfiles.d/systemd-network.conf:13: Failed to resolve user 'systemd-network': No such process

#6 19.94 /usr/lib/tmpfiles.d/systemd.conf:22: Failed to resolve group 'systemd-journal': No such process

#6 19.94 /usr/lib/tmpfiles.d/systemd.conf:23: Failed to resolve group 'systemd-journal': No such process

#6 19.94 /usr/lib/tmpfiles.d/systemd.conf:28: Failed to resolve group 'systemd-journal': No such process

#6 19.94 /usr/lib/tmpfiles.d/systemd.conf:29: Failed to resolve group 'systemd-journal': No such process

#6 19.94 /usr/lib/tmpfiles.d/systemd.conf:30: Failed to resolve group 'systemd-journal': No such process

#6 19.95 Creating group 'systemd-journal' with GID 999.

#6 19.95 Creating group 'systemd-network' with GID 998.

#6 19.95 Creating user 'systemd-network' (systemd Network Management) with UID 998 and GID 998.

#6 19.99 Selecting previously unselected package systemd-sysv.
#6 19.99 (Reading database ... 
(Reading database ... 5%
(Reading database ... 10%
(Reading database ... 15%
(Reading database ... 20%
(Reading database ... 25%
(Reading database ... 30%
(Reading database ... 35%
(Reading database ... 40%
(Reading database ... 45%
(Reading database ... 50%
(Reading database ... 55%
(Reading database ... 60%
(Reading database ... 65%
(Reading database ... 70%
(Reading database ... 75%
(Reading database ... 80%
(Reading database ... 85%
(Reading database ... 90%
(Reading database ... 95%
(Reading database ... 100%
(Reading database ... 6751 files and directories currently installed.)
#6 20.00 Preparing to unpack .../systemd-sysv_255.4-1ubuntu8.17_arm64.deb ...
#6 20.00 Unpacking systemd-sysv (255.4-1ubuntu8.17) ...
#6 20.02 Selecting previously unselected package adduser.
#6 20.02 Preparing to unpack .../adduser_3.137ubuntu1_all.deb ...
#6 20.03 Unpacking adduser (3.137ubuntu1) ...
#6 20.05 Setting up adduser (3.137ubuntu1) ...
#6 20.08 Selecting previously unselected package openssl.
#6 20.08 (Reading database ... 
(Reading database ... 5%
(Reading database ... 10%
(Reading database ... 15%
(Reading database ... 20%
(Reading database ... 25%
(Reading database ... 30%
(Reading database ... 35%
(Reading database ... 40%
(Reading database ... 45%
(Reading database ... 50%
(Reading database ... 55%
(Reading database ... 60%
(Reading database ... 65%
(Reading database ... 70%
(Reading database ... 75%
(Reading database ... 80%
(Reading database ... 85%
(Reading database ... 90%
(Reading database ... 95%
(Reading database ... 100%
(Reading database ... 6817 files and directories currently installed.)
#6 20.08 Preparing to unpack .../00-openssl_3.0.13-0ubuntu3.16_arm64.deb ...
#6 20.09 Unpacking openssl (3.0.13-0ubuntu3.16) ...
#6 20.12 Selecting previously unselected package ca-certificates.
#6 20.12 Preparing to unpack .../01-ca-certificates_20260601~24.04.1_all.deb ...
#6 20.13 Unpacking ca-certificates (20260601~24.04.1) ...
#6 20.16 Selecting previously unselected package libdbus-1-3:arm64.
#6 20.16 Preparing to unpack .../02-libdbus-1-3_1.14.10-4ubuntu4.1_arm64.deb ...
#6 20.16 Unpacking libdbus-1-3:arm64 (1.14.10-4ubuntu4.1) ...
#6 20.19 Selecting previously unselected package dbus-bin.
#6 20.19 Preparing to unpack .../03-dbus-bin_1.14.10-4ubuntu4.1_arm64.deb ...
#6 20.19 Unpacking dbus-bin (1.14.10-4ubuntu4.1) ...
#6 20.22 Selecting previously unselected package dbus-session-bus-common.
#6 20.22 Preparing to unpack .../04-dbus-session-bus-common_1.14.10-4ubuntu4.1_all.deb ...
#6 20.22 Unpacking dbus-session-bus-common (1.14.10-4ubuntu4.1) ...
#6 20.24 Selecting previously unselected package dbus-daemon.
#6 20.24 Preparing to unpack .../05-dbus-daemon_1.14.10-4ubuntu4.1_arm64.deb ...
#6 20.25 Unpacking dbus-daemon (1.14.10-4ubuntu4.1) ...
#6 20.27 Selecting previously unselected package dbus-system-bus-common.
#6 20.28 Preparing to unpack .../06-dbus-system-bus-common_1.14.10-4ubuntu4.1_all.deb ...
#6 20.28 Unpacking dbus-system-bus-common (1.14.10-4ubuntu4.1) ...
#6 20.31 Selecting previously unselected package dbus.
#6 20.31 Preparing to unpack .../07-dbus_1.14.10-4ubuntu4.1_arm64.deb ...
#6 20.32 Unpacking dbus (1.14.10-4ubuntu4.1) ...
#6 20.37 Selecting previously unselected package libpam-systemd:arm64.
#6 20.38 Preparing to unpack .../08-libpam-systemd_255.4-1ubuntu8.17_arm64.deb ...
#6 20.38 Unpacking libpam-systemd:arm64 (255.4-1ubuntu8.17) ...
#6 20.41 Selecting previously unselected package dbus-user-session.
#6 20.41 Preparing to unpack .../09-dbus-user-session_1.14.10-4ubuntu4.1_arm64.deb ...
#6 20.41 Unpacking dbus-user-session (1.14.10-4ubuntu4.1) ...
#6 20.44 Selecting previously unselected package dmsetup.
#6 20.44 Preparing to unpack .../10-dmsetup_2%3a1.02.185-3ubuntu3.2_arm64.deb ...
#6 20.45 Unpacking dmsetup (2:1.02.185-3ubuntu3.2) ...
#6 20.48 Selecting previously unselected package libglib2.0-0t64:arm64.
#6 20.48 Preparing to unpack .../11-libglib2.0-0t64_2.80.0-6ubuntu3.9_arm64.deb ...
#6 20.49 Unpacking libglib2.0-0t64:arm64 (2.80.0-6ubuntu3.9) ...
#6 20.56 Selecting previously unselected package gir1.2-glib-2.0:arm64.
#6 20.56 Preparing to unpack .../12-gir1.2-glib-2.0_2.80.0-6ubuntu3.9_arm64.deb ...
#6 20.56 Unpacking gir1.2-glib-2.0:arm64 (2.80.0-6ubuntu3.9) ...
#6 20.59 Selecting previously unselected package libgirepository-1.0-1:arm64.
#6 20.59 Preparing to unpack .../13-libgirepository-1.0-1_1.80.1-1_arm64.deb ...
#6 20.59 Unpacking libgirepository-1.0-1:arm64 (1.80.1-1) ...
#6 20.61 Selecting previously unselected package gir1.2-girepository-2.0:arm64.
#6 20.62 Preparing to unpack .../14-gir1.2-girepository-2.0_1.80.1-1_arm64.deb ...
#6 20.62 Unpacking gir1.2-girepository-2.0:arm64 (1.80.1-1) ...
#6 20.64 Selecting previously unselected package libglib2.0-data.
#6 20.64 Preparing to unpack .../15-libglib2.0-data_2.80.0-6ubuntu3.9_all.deb ...
#6 20.64 Unpacking libglib2.0-data (2.80.0-6ubuntu3.9) ...
#6 20.66 Selecting previously unselected package libicu74:arm64.
#6 20.66 Preparing to unpack .../16-libicu74_74.2-1ubuntu3.1_arm64.deb ...
#6 20.67 Unpacking libicu74:arm64 (74.2-1ubuntu3.1) ...
#6 20.87 Selecting previously unselected package libnss-systemd:arm64.
#6 20.87 Preparing to unpack .../17-libnss-systemd_255.4-1ubuntu8.17_arm64.deb ...
#6 20.88 Unpacking libnss-systemd:arm64 (255.4-1ubuntu8.17) ...
#6 20.89 Selecting previously unselected package libxml2:arm64.
#6 20.89 Preparing to unpack .../18-libxml2_2.9.14+dfsg-1.3ubuntu3.9_arm64.deb ...
#6 20.89 Unpacking libxml2:arm64 (2.9.14+dfsg-1.3ubuntu3.9) ...
#6 20.92 Selecting previously unselected package python3-dbus.
#6 20.92 Preparing to unpack .../19-python3-dbus_1.3.2-5build3_arm64.deb ...
#6 20.92 Unpacking python3-dbus (1.3.2-5build3) ...
#6 20.94 Selecting previously unselected package python3-gi.
#6 20.94 Preparing to unpack .../20-python3-gi_3.48.2-1_arm64.deb ...
#6 20.94 Unpacking python3-gi (3.48.2-1) ...
#6 20.96 Selecting previously unselected package networkd-dispatcher.
#6 20.96 Preparing to unpack .../21-networkd-dispatcher_2.2.4-1_all.deb ...
#6 20.96 Unpacking networkd-dispatcher (2.2.4-1) ...
#6 20.98 Selecting previously unselected package shared-mime-info.
#6 20.98 Preparing to unpack .../22-shared-mime-info_2.4-4_arm64.deb ...
#6 20.99 Unpacking shared-mime-info (2.4-4) ...
#6 21.01 Selecting previously unselected package systemd-resolved.
#6 21.01 Preparing to unpack .../23-systemd-resolved_255.4-1ubuntu8.17_arm64.deb ...
#6 21.01 Unpacking systemd-resolved (255.4-1ubuntu8.17) ...
#6 21.03 Selecting previously unselected package systemd-timesyncd.
#6 21.03 Preparing to unpack .../24-systemd-timesyncd_255.4-1ubuntu8.17_arm64.deb ...
#6 21.04 Unpacking systemd-timesyncd (255.4-1ubuntu8.17) ...
#6 21.05 Selecting previously unselected package xdg-user-dirs.
#6 21.05 Preparing to unpack .../25-xdg-user-dirs_0.18-1build1_arm64.deb ...
#6 21.06 Unpacking xdg-user-dirs (0.18-1build1) ...
#6 21.07 Setting up media-types (10.1.0) ...
#6 21.08 Setting up systemd-sysv (255.4-1ubuntu8.17) ...
#6 21.09 Setting up xdg-user-dirs (0.18-1build1) ...
#6 21.10 Setting up libsqlite3-0:arm64 (3.45.1-1ubuntu2.8) ...
#6 21.10 Setting up libnss-systemd:arm64 (255.4-1ubuntu8.17) ...
#6 21.11 Setting up tzdata (2026c-0ubuntu0.24.04.1) ...
#6 21.15 debconf: unable to initialize frontend: Dialog
#6 21.15 debconf: (TERM is not set, so the dialog frontend is not usable.)
#6 21.15 debconf: falling back to frontend: Readline
#6 21.15 debconf: unable to initialize frontend: Readline
#6 21.15 debconf: (Can't locate Term/ReadLine.pm in @INC (you may need to install the Term::ReadLine module) (@INC entries checked: /etc/perl /usr/local/lib/aarch64-linux-gnu/perl/5.38.2 /usr/local/share/perl/5.38.2 /usr/lib/aarch64-linux-gnu/perl5/5.38 /usr/share/perl5 /usr/lib/aarch64-linux-gnu/perl-base /usr/lib/aarch64-linux-gnu/perl/5.38 /usr/share/perl/5.38 /usr/local/lib/site_perl) at /usr/share/perl5/Debconf/FrontEnd/Readline.pm line 8.)
#6 21.15 debconf: falling back to frontend: Teletype
#6 21.18 Configuring tzdata
#6 21.18 ------------------
#6 21.18 
#6 21.18 Please select the geographic area in which you live. Subsequent configuration
#6 21.18 questions will narrow this down by presenting a list of cities, representing
#6 21.18 the time zones in which they are located.
#6 21.18 
#6 21.18   1. Africa      4. Arctic    7. Australia  10. Pacific
#6 21.18   2. America     5. Asia      8. Europe     11. Etc
#6 21.18   3. Antarctica  6. Atlantic  9. Indian     12. Legacy
#6 21.18 Geographic area: 
#6 21.18 Use of uninitialized value $_[1] in join or string at /usr/share/perl5/Debconf/DbDriver/Stack.pm line 112.
#6 21.18 
#6 21.18 Current default time zone: '/UTC'
#6 21.18 Local time is now:      Mon Oct  5 20:54:14 UTC 2026.
#6 21.18 Universal Time is now:  Mon Oct  5 20:54:14 UTC 2026.
#6 21.18 Run 'dpkg-reconfigure tzdata' if you wish to change it.
#6 21.18 
#6 21.18 Use of uninitialized value $val in substitution (s///) at /usr/share/perl5/Debconf/Format/822.pm line 84, <GEN6> line 4.
#6 21.18 Use of uninitialized value $val in concatenation (.) or string at /usr/share/perl5/Debconf/Format/822.pm line 85, <GEN6> line 4.
#6 21.19 Setting up libglib2.0-0t64:arm64 (2.80.0-6ubuntu3.9) ...
#6 21.20 No schema files found: doing nothing.
#6 21.20 Setting up libglib2.0-data (2.80.0-6ubuntu3.9) ...
#6 21.20 Setting up libdbus-1-3:arm64 (1.14.10-4ubuntu4.1) ...
#6 21.21 Setting up systemd-timesyncd (255.4-1ubuntu8.17) ...
#6 21.21 Creating group 'systemd-timesync' with GID 997.

#6 21.21 Creating user 'systemd-timesync' (systemd Time Synchronization) with UID 997 and GID 997.

#6 21.29 Created symlink /etc/systemd/system/dbus-org.freedesktop.timesync1.service → /usr/lib/systemd/system/systemd-timesyncd.service.

#6 21.29 Created symlink /etc/systemd/system/sysinit.target.wants/systemd-timesyncd.service → /usr/lib/systemd/system/systemd-timesyncd.service.

#6 21.30 Setting up gir1.2-glib-2.0:arm64 (2.80.0-6ubuntu3.9) ...
#6 21.30 Setting up libicu74:arm64 (74.2-1ubuntu3.1) ...
#6 21.31 Setting up dmsetup (2:1.02.185-3ubuntu3.2) ...
#6 21.31 Setting up dbus-session-bus-common (1.14.10-4ubuntu4.1) ...
#6 21.31 Setting up libgirepository-1.0-1:arm64 (1.80.1-1) ...
#6 21.32 Setting up netbase (6.4) ...
#6 21.33 Setting up dbus-system-bus-common (1.14.10-4ubuntu4.1) ...
#6 21.38 Setting up openssl (3.0.13-0ubuntu3.16) ...
#6 21.39 Setting up readline-common (8.2-4build1) ...
#6 21.39 Setting up libxml2:arm64 (2.9.14+dfsg-1.3ubuntu3.9) ...
#6 21.39 Setting up dbus-bin (1.14.10-4ubuntu4.1) ...
#6 21.40 Setting up dbus-daemon (1.14.10-4ubuntu4.1) ...
#6 21.41 Setting up ca-certificates (20260601~24.04.1) ...
#6 21.46 debconf: unable to initialize frontend: Dialog
#6 21.46 debconf: (TERM is not set, so the dialog frontend is not usable.)
#6 21.46 debconf: falling back to frontend: Readline
#6 21.46 debconf: unable to initialize frontend: Readline
#6 21.46 debconf: (Can't locate Term/ReadLine.pm in @INC (you may need to install the Term::ReadLine module) (@INC entries checked: /etc/perl /usr/local/lib/aarch64-linux-gnu/perl/5.38.2 /usr/local/share/perl/5.38.2 /usr/lib/aarch64-linux-gnu/perl5/5.38 /usr/share/perl5 /usr/lib/aarch64-linux-gnu/perl-base /usr/lib/aarch64-linux-gnu/perl/5.38 /usr/share/perl/5.38 /usr/local/lib/site_perl) at /usr/share/perl5/Debconf/FrontEnd/Readline.pm line 8.)
#6 21.46 debconf: falling back to frontend: Teletype
#6 21.67 Updating certificates in /etc/ssl/certs...
#6 21.96 121 added, 0 removed; done.
#6 21.97 Setting up gir1.2-girepository-2.0:arm64 (1.80.1-1) ...
#6 21.98 Setting up dbus (1.14.10-4ubuntu4.1) ...
#6 21.99 Setting up shared-mime-info (2.4-4) ...
#6 22.82 Setting up libreadline8t64:arm64 (8.2-4build1) ...
#6 22.83 Setting up libpam-systemd:arm64 (255.4-1ubuntu8.17) ...
#6 22.89 debconf: unable to initialize frontend: Dialog
#6 22.89 debconf: (TERM is not set, so the dialog frontend is not usable.)
#6 22.89 debconf: falling back to frontend: Readline
#6 22.89 debconf: unable to initialize frontend: Readline
#6 22.89 debconf: (Can't locate Term/ReadLine.pm in @INC (you may need to install the Term::ReadLine module) (@INC entries checked: /etc/perl /usr/local/lib/aarch64-linux-gnu/perl/5.38.2 /usr/local/share/perl/5.38.2 /usr/lib/aarch64-linux-gnu/perl5/5.38 /usr/share/perl5 /usr/lib/aarch64-linux-gnu/perl-base /usr/lib/aarch64-linux-gnu/perl/5.38 /usr/share/perl/5.38 /usr/local/lib/site_perl) at /usr/share/perl5/Debconf/FrontEnd/Readline.pm line 8.)
#6 22.89 debconf: falling back to frontend: Teletype
#6 22.93 Setting up systemd-resolved (255.4-1ubuntu8.17) ...
#6 22.94 Converting /etc/resolv.conf to a symlink to /run/systemd/resolve/stub-resolv.conf...
#6 22.94 mv: cannot move '/etc/resolv.conf' to '/etc/.resolv.conf.systemd-resolved.bak': Device or resource busy
#6 22.94 Cannot take a backup of /etc/resolv.conf.
#6 22.94 ln: failed to create symbolic link '/etc/resolv.conf': Device or resource busy
#6 22.94 Cannot install symlink from /etc/resolv.conf to ../run/systemd/resolve/stub-resolv.conf
#6 22.94 Creating group 'systemd-resolve' with GID 996.

#6 22.94 Creating user 'systemd-resolve' (systemd Resolver) with UID 996 and GID 996.

#6 23.03 Created symlink /etc/systemd/system/dbus-org.freedesktop.resolve1.service → /usr/lib/systemd/system/systemd-resolved.service.

#6 23.03 Created symlink /etc/systemd/system/sysinit.target.wants/systemd-resolved.service → /usr/lib/systemd/system/systemd-resolved.service.

#6 23.03 Setting up libpython3.12-stdlib:arm64 (3.12.3-1ubuntu0.17) ...
#6 23.04 Setting up python3.12 (3.12.3-1ubuntu0.17) ...
#6 23.78 Setting up dbus-user-session (1.14.10-4ubuntu4.1) ...
#6 23.78 Setting up libpython3-stdlib:arm64 (3.12.3-0ubuntu2.1) ...
#6 23.79 Setting up python3 (3.12.3-0ubuntu2.1) ...
#6 23.79 running python rtupdate hooks for python3.12...
#6 23.79 running python post-rtupdate hooks for python3.12...
#6 23.86 Setting up python3-gi (3.48.2-1) ...
#6 23.98 Setting up python3-dbus (1.3.2-5build3) ...
#6 24.07 Setting up networkd-dispatcher (2.2.4-1) ...
#6 24.14 Created symlink /etc/systemd/system/multi-user.target.wants/networkd-dispatcher.service → /usr/lib/systemd/system/networkd-dispatcher.service.

#6 24.15 Processing triggers for libc-bin (2.39-0ubuntu8.9) ...
#6 24.16 Processing triggers for ca-certificates (20260601~24.04.1) ...
#6 24.17 Updating certificates in /etc/ssl/certs...
#6 24.38 0 added, 0 removed; done.
#6 24.38 Running hooks in /etc/ca-certificates/update.d...
#6 24.38 done.
#6 DONE 24.5s

#7 [ 4/11] RUN mkdir -p /opt/appmonitor     && mkdir -p /var/log/appmonitor     && chmod 755 /opt/appmonitor     && chmod 755 /var/log/appmonitor
#7 DONE 0.2s

#8 [ 5/11] RUN cat > /opt/appmonitor/appmonitor << 'DAEMON_EOF'
#8 DONE 0.1s

#9 [ 6/11] RUN cat > /opt/appmonitor/start.sh << 'SCRIPT_EOF'
#9 DONE 0.2s

#10 [ 7/11] RUN cat > /opt/appmonitor/config.json << 'CONFIG_EOF'
#10 DONE 0.1s

#11 [ 8/11] RUN chmod +x /opt/appmonitor/appmonitor     && chmod +x /opt/appmonitor/start.sh
#11 DONE 0.1s

#12 [ 9/11] RUN mkdir -p /var/lib/appmonitor/data
#12 DONE 0.1s

#13 [10/11] WORKDIR /app
#13 DONE 0.0s

#14 [11/11] RUN if command -v python3 >/dev/null 2>&1 && python3 -m pip --version >/dev/null 2>&1; then python3 -m pip install --break-system-packages --no-cache-dir pytest==8.4.1; else apt-get update && apt-get install -y --no-install-recommends python3 python3-pip && rm -rf /var/lib/apt/lists/* && python3 -m pip install --break-system-packages --no-cache-dir pytest==8.4.1; fi
#14 1.015 Get:1 http://ports.ubuntu.com/ubuntu-ports noble InRelease [256 kB]
#14 2.037 Get:2 http://ports.ubuntu.com/ubuntu-ports noble-updates InRelease [126 kB]
#14 2.327 Get:3 http://ports.ubuntu.com/ubuntu-ports noble-backports InRelease [126 kB]
#14 2.556 Get:4 http://ports.ubuntu.com/ubuntu-ports noble-security InRelease [126 kB]
#14 2.789 Get:5 http://ports.ubuntu.com/ubuntu-ports noble/main arm64 Packages [1776 kB]
#14 3.574 Get:6 http://ports.ubuntu.com/ubuntu-ports noble/universe arm64 Packages [19.0 MB]
#14 5.740 Get:7 http://ports.ubuntu.com/ubuntu-ports noble/restricted arm64 Packages [113 kB]
#14 5.740 Get:8 http://ports.ubuntu.com/ubuntu-ports noble/multiverse arm64 Packages [274 kB]
#14 5.768 Get:9 http://ports.ubuntu.com/ubuntu-ports noble-updates/main arm64 Packages [1758 kB]
#14 5.967 Get:10 http://ports.ubuntu.com/ubuntu-ports noble-updates/multiverse arm64 Packages [96.8 kB]
#14 5.967 Get:11 http://ports.ubuntu.com/ubuntu-ports noble-updates/restricted arm64 Packages [3132 kB]
#14 6.196 Get:12 http://ports.ubuntu.com/ubuntu-ports noble-updates/universe arm64 Packages [2210 kB]
#14 6.459 Get:13 http://ports.ubuntu.com/ubuntu-ports noble-backports/main arm64 Packages [49.0 kB]
#14 6.460 Get:14 http://ports.ubuntu.com/ubuntu-ports noble-backports/universe arm64 Packages [36.3 kB]
#14 6.461 Get:15 http://ports.ubuntu.com/ubuntu-ports noble-backports/multiverse arm64 Packages [671 B]
#14 6.461 Get:16 http://ports.ubuntu.com/ubuntu-ports noble-security/multiverse arm64 Packages [89.7 kB]
#14 6.463 Get:17 http://ports.ubuntu.com/ubuntu-ports noble-security/universe arm64 Packages [1624 kB]
#14 6.473 Get:18 http://ports.ubuntu.com/ubuntu-ports noble-security/main arm64 Packages [1390 kB]
#14 6.481 Get:19 http://ports.ubuntu.com/ubuntu-ports noble-security/restricted arm64 Packages [2886 kB]
#14 7.456 Fetched 35.1 MB in 7s (4812 kB/s)
#14 7.456 Reading package lists...
#14 8.285 Reading package lists...
#14 9.167 Building dependency tree...
#14 9.353 Reading state information...
#14 9.558 python3 is already the newest version (3.12.3-0ubuntu2.1).
#14 9.558 python3 set to manually installed.
#14 9.558 The following additional packages will be installed:
#14 9.558   python3-pkg-resources python3-setuptools python3-wheel
#14 9.559 Suggested packages:
#14 9.559   python-setuptools-doc
#14 9.559 Recommended packages:
#14 9.559   build-essential python3-dev
#14 9.615 The following NEW packages will be installed:
#14 9.615   python3-pip python3-pkg-resources python3-setuptools python3-wheel
#14 10.03 0 upgraded, 4 newly installed, 0 to remove and 2 not upgraded.
#14 10.03 Need to get 1938 kB of archives.
#14 10.03 After this operation, 10.3 MB of additional disk space will be used.
#14 10.03 Get:1 http://ports.ubuntu.com/ubuntu-ports noble-updates/main arm64 python3-pkg-resources all 68.1.2-2ubuntu1.2 [168 kB]
#14 10.91 Get:2 http://ports.ubuntu.com/ubuntu-ports noble-updates/main arm64 python3-setuptools all 68.1.2-2ubuntu1.2 [397 kB]
#14 11.27 Get:3 http://ports.ubuntu.com/ubuntu-ports noble/universe arm64 python3-wheel all 0.42.0-2 [53.1 kB]
#14 11.30 Get:4 http://ports.ubuntu.com/ubuntu-ports noble-updates/universe arm64 python3-pip all 24.0+dfsg-1ubuntu1.3 [1320 kB]
#14 11.82 debconf: delaying package configuration, since apt-utils is not installed
#14 11.85 Fetched 1938 kB in 2s (934 kB/s)
#14 11.86 Selecting previously unselected package python3-pkg-resources.
#14 11.86 (Reading database ... 
(Reading database ... 5%
(Reading database ... 10%
(Reading database ... 15%
(Reading database ... 20%
(Reading database ... 25%
(Reading database ... 30%
(Reading database ... 35%
(Reading database ... 40%
(Reading database ... 45%
(Reading database ... 50%
(Reading database ... 55%
(Reading database ... 60%
(Reading database ... 65%
(Reading database ... 70%
(Reading database ... 75%
(Reading database ... 80%
(Reading database ... 85%
(Reading database ... 90%
(Reading database ... 95%
(Reading database ... 100%
(Reading database ... 7642 files and directories currently installed.)
#14 11.87 Preparing to unpack .../python3-pkg-resources_68.1.2-2ubuntu1.2_all.deb ...
#14 11.87 Unpacking python3-pkg-resources (68.1.2-2ubuntu1.2) ...
#14 11.90 Selecting previously unselected package python3-setuptools.
#14 11.90 Preparing to unpack .../python3-setuptools_68.1.2-2ubuntu1.2_all.deb ...
#14 11.91 Unpacking python3-setuptools (68.1.2-2ubuntu1.2) ...
#14 11.95 Selecting previously unselected package python3-wheel.
#14 11.95 Preparing to unpack .../python3-wheel_0.42.0-2_all.deb ...
#14 11.95 Unpacking python3-wheel (0.42.0-2) ...
#14 11.97 Selecting previously unselected package python3-pip.
#14 11.97 Preparing to unpack .../python3-pip_24.0+dfsg-1ubuntu1.3_all.deb ...
#14 11.97 Unpacking python3-pip (24.0+dfsg-1ubuntu1.3) ...
#14 12.09 Setting up python3-pkg-resources (68.1.2-2ubuntu1.2) ...
#14 12.31 Setting up python3-setuptools (68.1.2-2ubuntu1.2) ...
#14 12.73 Setting up python3-wheel (0.42.0-2) ...
#14 12.87 Setting up python3-pip (24.0+dfsg-1ubuntu1.3) ...
#14 15.92 Collecting pytest==8.4.1
#14 16.04   Downloading pytest-8.4.1-py3-none-any.whl.metadata (7.7 kB)
#14 16.16 Collecting iniconfig>=1 (from pytest==8.4.1)
#14 16.19   Downloading iniconfig-2.3.0-py3-none-any.whl.metadata (2.5 kB)
#14 16.23 Collecting packaging>=20 (from pytest==8.4.1)
#14 16.26   Downloading packaging-26.3-py3-none-any.whl.metadata (3.5 kB)
#14 16.31 Collecting pluggy<2,>=1.5 (from pytest==8.4.1)
#14 16.33   Downloading pluggy-1.6.0-py3-none-any.whl.metadata (4.8 kB)
#14 16.38 Collecting pygments>=2.7.2 (from pytest==8.4.1)
#14 16.40   Downloading pygments-2.21.0-py3-none-any.whl.metadata (2.5 kB)
#14 16.43 Downloading pytest-8.4.1-py3-none-any.whl (365 kB)
#14 16.51    ━━━━━━━━━━━━━━━━━━━━━━━━━━━━━━━━━━━━━━━━ 365.5/365.5 kB 4.7 MB/s eta 0:00:00
#14 16.54 Downloading iniconfig-2.3.0-py3-none-any.whl (7.5 kB)
#14 16.57 Downloading packaging-26.3-py3-none-any.whl (129 kB)
#14 16.57    ━━━━━━━━━━━━━━━━━━━━━━━━━━━━━━━━━━━━━━━━ 130.0/130.0 kB 35.7 MB/s eta 0:00:00
#14 16.68 Downloading pluggy-1.6.0-py3-none-any.whl (20 kB)
#14 16.70 Downloading pygments-2.21.0-py3-none-any.whl (1.3 MB)
#14 16.77    ━━━━━━━━━━━━━━━━━━━━━━━━━━━━━━━━━━━━━━━━ 1.3/1.3 MB 18.6 MB/s eta 0:00:00
#14 16.80 Installing collected packages: pygments, pluggy, packaging, iniconfig, pytest
#14 17.88 Successfully installed iniconfig-2.3.0 packaging-26.3 pluggy-1.6.0 pygments-2.21.0 pytest-8.4.1
#14 17.88 WARNING: Running pip as the 'root' user can result in broken permissions and conflicting behaviour with the system package manager. It is recommended to use a virtual environment instead: https://pip.pypa.io/warnings/venv
#14 DONE 18.0s

#15 exporting to image
#15 exporting layers
#15 exporting layers 4.5s done
#15 exporting manifest sha256:46fb0a35796172543962b362719b4bde8b3e4404d5a89025d46428a549dcc603 done
#15 exporting config sha256:897c25c299e0d46b306f88d40d54c89d387399234ec5798d76d7698728183953 done
#15 exporting attestation manifest sha256:85207f65afdd2926c26bd7a75ce85ca02c4a24fdb033f0d2694da96ce79ec05c done
#15 exporting manifest list sha256:0169e56855aa4cf5cd811ba478e5b54a650532a445a9bf84b8e4bca5244dbb9a done
#15 naming to docker.io/library/verity-462:local done
#15 unpacking to docker.io/library/verity-462:local
#15 unpacking to docker.io/library/verity-462:local 1.3s done
#15 DONE 5.9s

View build details: docker-desktop://dashboard/build/desktop-linux/desktop-linux/5p1xryioqdn77s7j10kk9u6jl
