#0 building with "desktop-linux" instance using docker driver

#1 [internal] load build definition from Dockerfile
#1 transferring dockerfile: 3.46kB done
#1 DONE 0.0s

#2 [internal] load metadata for docker.io/library/ubuntu:24.04
#2 DONE 0.9s

#3 [internal] load .dockerignore
#3 transferring context: 2B done
#3 DONE 0.0s

#4 [ 1/11] FROM docker.io/library/ubuntu:24.04@sha256:534baea6a22c03a63003dbc8dbe78fe34bc0d7e595d9a9dc9834884ff530eb55
#4 resolve docker.io/library/ubuntu:24.04@sha256:534baea6a22c03a63003dbc8dbe78fe34bc0d7e595d9a9dc9834884ff530eb55 done
#4 DONE 0.0s

#5 [ 2/11] WORKDIR /app
#5 CACHED

#6 [ 3/11] RUN apt-get update && apt-get install -y     systemd     systemd-sysv     procps     && apt-get clean     && rm -rf /var/lib/apt/lists/*
#6 0.495 Get:1 http://ports.ubuntu.com/ubuntu-ports noble InRelease [256 kB]
#6 1.375 Get:2 http://ports.ubuntu.com/ubuntu-ports noble-updates InRelease [126 kB]
#6 1.593 Get:3 http://ports.ubuntu.com/ubuntu-ports noble-backports InRelease [126 kB]
#6 1.812 Get:4 http://ports.ubuntu.com/ubuntu-ports noble-security InRelease [126 kB]
#6 2.032 Get:5 http://ports.ubuntu.com/ubuntu-ports noble/restricted arm64 Packages [113 kB]
#6 2.094 Get:6 http://ports.ubuntu.com/ubuntu-ports noble/main arm64 Packages [1776 kB]
#6 2.648 Get:7 http://ports.ubuntu.com/ubuntu-ports noble/multiverse arm64 Packages [274 kB]
#6 2.651 Get:8 http://ports.ubuntu.com/ubuntu-ports noble/universe arm64 Packages [19.0 MB]
#6 3.553 Get:9 http://ports.ubuntu.com/ubuntu-ports noble-updates/main arm64 Packages [1753 kB]
#6 3.622 Get:10 http://ports.ubuntu.com/ubuntu-ports noble-updates/restricted arm64 Packages [3122 kB]
#6 3.747 Get:11 http://ports.ubuntu.com/ubuntu-ports noble-updates/multiverse arm64 Packages [94.8 kB]
#6 3.751 Get:12 http://ports.ubuntu.com/ubuntu-ports noble-updates/universe arm64 Packages [2201 kB]
#6 3.846 Get:13 http://ports.ubuntu.com/ubuntu-ports noble-backports/main arm64 Packages [49.0 kB]
#6 3.847 Get:14 http://ports.ubuntu.com/ubuntu-ports noble-backports/universe arm64 Packages [36.3 kB]
#6 3.849 Get:15 http://ports.ubuntu.com/ubuntu-ports noble-backports/multiverse arm64 Packages [671 B]
#6 3.849 Get:16 http://ports.ubuntu.com/ubuntu-ports noble-security/universe arm64 Packages [1624 kB]
#6 3.908 Get:17 http://ports.ubuntu.com/ubuntu-ports noble-security/restricted arm64 Packages [2886 kB]
#6 4.035 Get:18 http://ports.ubuntu.com/ubuntu-ports noble-security/multiverse arm64 Packages [89.7 kB]
#6 4.037 Get:19 http://ports.ubuntu.com/ubuntu-ports noble-security/main arm64 Packages [1388 kB]
#6 4.951 Fetched 35.1 MB in 5s (7322 kB/s)
#6 4.951 Reading package lists...
#6 5.817 Reading package lists...
#6 6.676 Building dependency tree...
#6 6.909 Reading state information...
#6 7.134 procps is already the newest version (2:4.0.4-4ubuntu3.3).
#6 7.134 The following additional packages will be installed:
#6 7.134   adduser ca-certificates dbus dbus-bin dbus-daemon dbus-session-bus-common
#6 7.134   dbus-system-bus-common dbus-user-session dmsetup gir1.2-girepository-2.0
#6 7.134   gir1.2-glib-2.0 libapparmor1 libargon2-1 libcryptsetup12 libdbus-1-3
#6 7.134   libdevmapper1.02.1 libexpat1 libfdisk1 libgirepository-1.0-1 libglib2.0-0t64
#6 7.134   libglib2.0-data libicu74 libjson-c5 libkmod2 libnss-systemd libpam-systemd
#6 7.134   libpython3-stdlib libpython3.12-minimal libpython3.12-stdlib libreadline8t64
#6 7.135   libsqlite3-0 libssl3t64 libsystemd-shared libxml2 media-types netbase
#6 7.135   networkd-dispatcher openssl python3 python3-dbus python3-gi python3-minimal
#6 7.135   python3.12 python3.12-minimal readline-common shared-mime-info systemd-dev
#6 7.135   systemd-resolved systemd-timesyncd tzdata xdg-user-dirs
#6 7.136 Suggested packages:
#6 7.136   liblocale-gettext-perl perl cron quota ecryptfs-utils low-memory-monitor iw
#6 7.136   | wireless-tools python3-doc python3-tk python3-venv python-dbus-doc
#6 7.136   python3.12-venv python3.12-doc binutils binfmt-support readline-doc
#6 7.136   systemd-container systemd-homed systemd-userdbd systemd-boot libfido2-1
#6 7.136   libip4tc2 libqrencode4 libtss2-esys-3.0.2-0 libtss2-mu-4.0.1-0 libtss2-rc0
#6 7.136   libtss2-tcti-device0 polkitd
#6 7.223 The following NEW packages will be installed:
#6 7.223   adduser ca-certificates dbus dbus-bin dbus-daemon dbus-session-bus-common
#6 7.223   dbus-system-bus-common dbus-user-session dmsetup gir1.2-girepository-2.0
#6 7.223   gir1.2-glib-2.0 libapparmor1 libargon2-1 libcryptsetup12 libdbus-1-3
#6 7.223   libdevmapper1.02.1 libexpat1 libfdisk1 libgirepository-1.0-1 libglib2.0-0t64
#6 7.223   libglib2.0-data libicu74 libjson-c5 libkmod2 libnss-systemd libpam-systemd
#6 7.224   libpython3-stdlib libpython3.12-minimal libpython3.12-stdlib libreadline8t64
#6 7.224   libsqlite3-0 libsystemd-shared libxml2 media-types netbase
#6 7.224   networkd-dispatcher openssl python3 python3-dbus python3-gi python3-minimal
#6 7.224   python3.12 python3.12-minimal readline-common shared-mime-info systemd
#6 7.224   systemd-dev systemd-resolved systemd-sysv systemd-timesyncd tzdata
#6 7.224   xdg-user-dirs
#6 7.225 The following packages will be upgraded:
#6 7.225   libssl3t64
#6 7.565 1 upgraded, 52 newly installed, 0 to remove and 2 not upgraded.
#6 7.565 Need to get 32.1 MB of archives.
#6 7.565 After this operation, 112 MB of additional disk space will be used.
#6 7.565 Get:1 http://ports.ubuntu.com/ubuntu-ports noble-updates/main arm64 libssl3t64 arm64 3.0.13-0ubuntu3.16 [1838 kB]
#6 8.913 Get:2 http://ports.ubuntu.com/ubuntu-ports noble-updates/main arm64 libpython3.12-minimal arm64 3.12.3-1ubuntu0.17 [835 kB]
#6 8.965 Get:3 http://ports.ubuntu.com/ubuntu-ports noble-updates/main arm64 libexpat1 arm64 2.6.1-2ubuntu0.6 [89.8 kB]
#6 8.972 Get:4 http://ports.ubuntu.com/ubuntu-ports noble-updates/main arm64 python3.12-minimal arm64 3.12.3-1ubuntu0.17 [2253 kB]
#6 9.158 Get:5 http://ports.ubuntu.com/ubuntu-ports noble-updates/main arm64 python3-minimal arm64 3.12.3-0ubuntu2.1 [27.4 kB]
#6 9.165 Get:6 http://ports.ubuntu.com/ubuntu-ports noble/main arm64 media-types all 10.1.0 [27.5 kB]
#6 9.166 Get:7 http://ports.ubuntu.com/ubuntu-ports noble/main arm64 netbase all 6.4 [13.1 kB]
#6 9.166 Get:8 http://ports.ubuntu.com/ubuntu-ports noble-updates/main arm64 tzdata all 2026c-0ubuntu0.24.04.1 [280 kB]
#6 9.176 Get:9 http://ports.ubuntu.com/ubuntu-ports noble/main arm64 readline-common all 8.2-4build1 [56.5 kB]
#6 9.181 Get:10 http://ports.ubuntu.com/ubuntu-ports noble/main arm64 libreadline8t64 arm64 8.2-4build1 [153 kB]
#6 9.189 Get:11 http://ports.ubuntu.com/ubuntu-ports noble-updates/main arm64 libsqlite3-0 arm64 3.45.1-1ubuntu2.8 [691 kB]
#6 9.228 Get:12 http://ports.ubuntu.com/ubuntu-ports noble-updates/main arm64 libpython3.12-stdlib arm64 3.12.3-1ubuntu0.17 [2039 kB]
#6 9.302 Get:13 http://ports.ubuntu.com/ubuntu-ports noble-updates/main arm64 python3.12 arm64 3.12.3-1ubuntu0.17 [651 kB]
#6 9.324 Get:14 http://ports.ubuntu.com/ubuntu-ports noble-updates/main arm64 libpython3-stdlib arm64 3.12.3-0ubuntu2.1 [10.1 kB]
#6 9.328 Get:15 http://ports.ubuntu.com/ubuntu-ports noble-updates/main arm64 python3 arm64 3.12.3-0ubuntu2.1 [23.0 kB]
#6 9.328 Get:16 http://ports.ubuntu.com/ubuntu-ports noble-updates/main arm64 libapparmor1 arm64 4.0.1really4.0.1-0ubuntu0.24.04.8 [51.9 kB]
#6 9.329 Get:17 http://ports.ubuntu.com/ubuntu-ports noble/main arm64 libargon2-1 arm64 0~20190702+dfsg-4build1 [20.5 kB]
#6 9.337 Get:18 http://ports.ubuntu.com/ubuntu-ports noble-updates/main arm64 libdevmapper1.02.1 arm64 2:1.02.185-3ubuntu3.2 [128 kB]
#6 9.340 Get:19 http://ports.ubuntu.com/ubuntu-ports noble/main arm64 libjson-c5 arm64 0.17-1build1 [36.4 kB]
#6 9.354 Get:20 http://ports.ubuntu.com/ubuntu-ports noble-updates/main arm64 libcryptsetup12 arm64 2:2.7.0-1ubuntu4.2 [261 kB]
#6 9.393 Get:21 http://ports.ubuntu.com/ubuntu-ports noble-updates/main arm64 libfdisk1 arm64 2.39.3-9ubuntu6.6 [142 kB]
#6 9.466 Get:22 http://ports.ubuntu.com/ubuntu-ports noble-security/main arm64 libkmod2 arm64 31+20240202-2ubuntu7.2 [52.0 kB]
#6 9.470 Get:23 http://ports.ubuntu.com/ubuntu-ports noble-updates/main arm64 libsystemd-shared arm64 255.4-1ubuntu8.17 [2021 kB]
#6 9.523 Get:24 http://ports.ubuntu.com/ubuntu-ports noble-updates/main arm64 systemd-dev all 255.4-1ubuntu8.17 [107 kB]
#6 9.525 Get:25 http://ports.ubuntu.com/ubuntu-ports noble-updates/main arm64 systemd arm64 255.4-1ubuntu8.17 [3407 kB]
#6 9.665 Get:26 http://ports.ubuntu.com/ubuntu-ports noble-updates/main arm64 systemd-sysv arm64 255.4-1ubuntu8.17 [11.9 kB]
#6 9.667 Get:27 http://ports.ubuntu.com/ubuntu-ports noble/main arm64 adduser all 3.137ubuntu1 [101 kB]
#6 9.669 Get:28 http://ports.ubuntu.com/ubuntu-ports noble-updates/main arm64 openssl arm64 3.0.13-0ubuntu3.16 [985 kB]
#6 9.703 Get:29 http://ports.ubuntu.com/ubuntu-ports noble-updates/main arm64 ca-certificates all 20260601~24.04.1 [139 kB]
#6 9.705 Get:30 http://ports.ubuntu.com/ubuntu-ports noble-updates/main arm64 libdbus-1-3 arm64 1.14.10-4ubuntu4.1 [210 kB]
#6 9.712 Get:31 http://ports.ubuntu.com/ubuntu-ports noble-updates/main arm64 dbus-bin arm64 1.14.10-4ubuntu4.1 [38.8 kB]
#6 9.713 Get:32 http://ports.ubuntu.com/ubuntu-ports noble-updates/main arm64 dbus-session-bus-common all 1.14.10-4ubuntu4.1 [80.5 kB]
#6 9.714 Get:33 http://ports.ubuntu.com/ubuntu-ports noble-updates/main arm64 dbus-daemon arm64 1.14.10-4ubuntu4.1 [115 kB]
#6 9.716 Get:34 http://ports.ubuntu.com/ubuntu-ports noble-updates/main arm64 dbus-system-bus-common all 1.14.10-4ubuntu4.1 [81.6 kB]
#6 9.829 Get:35 http://ports.ubuntu.com/ubuntu-ports noble-updates/main arm64 dbus arm64 1.14.10-4ubuntu4.1 [23.9 kB]
#6 9.832 Get:36 http://ports.ubuntu.com/ubuntu-ports noble-updates/main arm64 libpam-systemd arm64 255.4-1ubuntu8.17 [232 kB]
#6 9.841 Get:37 http://ports.ubuntu.com/ubuntu-ports noble-updates/main arm64 dbus-user-session arm64 1.14.10-4ubuntu4.1 [9968 B]
#6 9.868 Get:38 http://ports.ubuntu.com/ubuntu-ports noble-updates/main arm64 dmsetup arm64 2:1.02.185-3ubuntu3.2 [74.7 kB]
#6 9.871 Get:39 http://ports.ubuntu.com/ubuntu-ports noble-updates/main arm64 libglib2.0-0t64 arm64 2.80.0-6ubuntu3.9 [1533 kB]
#6 9.902 Get:40 http://ports.ubuntu.com/ubuntu-ports noble-updates/main arm64 gir1.2-glib-2.0 arm64 2.80.0-6ubuntu3.9 [182 kB]
#6 9.910 Get:41 http://ports.ubuntu.com/ubuntu-ports noble/main arm64 libgirepository-1.0-1 arm64 1.80.1-1 [81.2 kB]
#6 9.911 Get:42 http://ports.ubuntu.com/ubuntu-ports noble/main arm64 gir1.2-girepository-2.0 arm64 1.80.1-1 [24.5 kB]
#6 9.912 Get:43 http://ports.ubuntu.com/ubuntu-ports noble-updates/main arm64 libglib2.0-data all 2.80.0-6ubuntu3.9 [50.1 kB]
#6 9.915 Get:44 http://ports.ubuntu.com/ubuntu-ports noble-updates/main arm64 libicu74 arm64 74.2-1ubuntu3.1 [10.8 MB]
#6 10.37 Get:45 http://ports.ubuntu.com/ubuntu-ports noble-updates/main arm64 libnss-systemd arm64 255.4-1ubuntu8.17 [155 kB]
#6 10.38 Get:46 http://ports.ubuntu.com/ubuntu-ports noble-updates/main arm64 libxml2 arm64 2.9.14+dfsg-1.3ubuntu3.9 [737 kB]
#6 10.40 Get:47 http://ports.ubuntu.com/ubuntu-ports noble/main arm64 python3-dbus arm64 1.3.2-5build3 [99.5 kB]
#6 10.40 Get:48 http://ports.ubuntu.com/ubuntu-ports noble/main arm64 python3-gi arm64 3.48.2-1 [233 kB]
#6 10.40 Get:49 http://ports.ubuntu.com/ubuntu-ports noble/main arm64 networkd-dispatcher all 2.2.4-1 [15.5 kB]
#6 10.40 Get:50 http://ports.ubuntu.com/ubuntu-ports noble/main arm64 shared-mime-info arm64 2.4-4 [472 kB]
#6 10.42 Get:51 http://ports.ubuntu.com/ubuntu-ports noble-updates/main arm64 systemd-resolved arm64 255.4-1ubuntu8.17 [291 kB]
#6 10.42 Get:52 http://ports.ubuntu.com/ubuntu-ports noble-updates/main arm64 systemd-timesyncd arm64 255.4-1ubuntu8.17 [34.8 kB]
#6 10.43 Get:53 http://ports.ubuntu.com/ubuntu-ports noble/main arm64 xdg-user-dirs arm64 0.18-1build1 [18.4 kB]
#6 10.60 debconf: delaying package configuration, since apt-utils is not installed
#6 10.63 Fetched 32.1 MB in 3s (10.0 MB/s)
#6 10.65 (Reading database ... 
(Reading database ... 5%
(Reading database ... 10%
(Reading database ... 15%
(Reading database ... 20%
(Reading database ... 25%
(Reading database ... 30%
(Reading database ... 35%
(Reading database ... 40%
(Reading database ... 45%
(Reading database ... 50%
(Reading database ... 55%
(Reading database ... 60%
(Reading database ... 65%
(Reading database ... 70%
(Reading database ... 75%
(Reading database ... 80%
(Reading database ... 85%
(Reading database ... 90%
(Reading database ... 95%
(Reading database ... 100%
(Reading database ... 4376 files and directories currently installed.)
#6 10.66 Preparing to unpack .../libssl3t64_3.0.13-0ubuntu3.16_arm64.deb ...
#6 10.67 Unpacking libssl3t64:arm64 (3.0.13-0ubuntu3.16) over (3.0.13-0ubuntu3.15) ...
#6 10.76 Setting up libssl3t64:arm64 (3.0.13-0ubuntu3.16) ...
#6 10.77 Selecting previously unselected package libpython3.12-minimal:arm64.
#6 10.77 (Reading database ... 
(Reading database ... 5%
(Reading database ... 10%
(Reading database ... 15%
(Reading database ... 20%
(Reading database ... 25%
(Reading database ... 30%
(Reading database ... 35%
(Reading database ... 40%
(Reading database ... 45%
(Reading database ... 50%
(Reading database ... 55%
(Reading database ... 60%
(Reading database ... 65%
(Reading database ... 70%
(Reading database ... 75%
(Reading database ... 80%
(Reading database ... 85%
(Reading database ... 90%
(Reading database ... 95%
(Reading database ... 100%
(Reading database ... 4376 files and directories currently installed.)
#6 10.78 Preparing to unpack .../libpython3.12-minimal_3.12.3-1ubuntu0.17_arm64.deb ...
#6 10.78 Unpacking libpython3.12-minimal:arm64 (3.12.3-1ubuntu0.17) ...
#6 10.84 Selecting previously unselected package libexpat1:arm64.
#6 10.84 Preparing to unpack .../libexpat1_2.6.1-2ubuntu0.6_arm64.deb ...
#6 10.84 Unpacking libexpat1:arm64 (2.6.1-2ubuntu0.6) ...
#6 10.86 Selecting previously unselected package python3.12-minimal.
#6 10.86 Preparing to unpack .../python3.12-minimal_3.12.3-1ubuntu0.17_arm64.deb ...
#6 10.87 Unpacking python3.12-minimal (3.12.3-1ubuntu0.17) ...
#6 10.93 Setting up libpython3.12-minimal:arm64 (3.12.3-1ubuntu0.17) ...
#6 10.93 Setting up libexpat1:arm64 (2.6.1-2ubuntu0.6) ...
#6 10.94 Setting up python3.12-minimal (3.12.3-1ubuntu0.17) ...
#6 11.59 Selecting previously unselected package python3-minimal.
#6 11.59 (Reading database ... 
(Reading database ... 5%
(Reading database ... 10%
(Reading database ... 15%
(Reading database ... 20%
(Reading database ... 25%
(Reading database ... 30%
(Reading database ... 35%
(Reading database ... 40%
(Reading database ... 45%
(Reading database ... 50%
(Reading database ... 55%
(Reading database ... 60%
(Reading database ... 65%
(Reading database ... 70%
(Reading database ... 75%
(Reading database ... 80%
(Reading database ... 85%
(Reading database ... 90%
(Reading database ... 95%
(Reading database ... 100%
(Reading database ... 4695 files and directories currently installed.)
#6 11.60 Preparing to unpack .../0-python3-minimal_3.12.3-0ubuntu2.1_arm64.deb ...
#6 11.60 Unpacking python3-minimal (3.12.3-0ubuntu2.1) ...
#6 11.61 Selecting previously unselected package media-types.
#6 11.61 Preparing to unpack .../1-media-types_10.1.0_all.deb ...
#6 11.61 Unpacking media-types (10.1.0) ...
#6 11.63 Selecting previously unselected package netbase.
#6 11.63 Preparing to unpack .../2-netbase_6.4_all.deb ...
#6 11.63 Unpacking netbase (6.4) ...
#6 11.64 Selecting previously unselected package tzdata.
#6 11.65 Preparing to unpack .../3-tzdata_2026c-0ubuntu0.24.04.1_all.deb ...
#6 11.65 Unpacking tzdata (2026c-0ubuntu0.24.04.1) ...
#6 11.69 Selecting previously unselected package readline-common.
#6 11.69 Preparing to unpack .../4-readline-common_8.2-4build1_all.deb ...
#6 11.70 Unpacking readline-common (8.2-4build1) ...
#6 11.71 Selecting previously unselected package libreadline8t64:arm64.
#6 11.71 Preparing to unpack .../5-libreadline8t64_8.2-4build1_arm64.deb ...
#6 11.71 Adding 'diversion of /lib/aarch64-linux-gnu/libhistory.so.8 to /lib/aarch64-linux-gnu/libhistory.so.8.usr-is-merged by libreadline8t64'
#6 11.72 Adding 'diversion of /lib/aarch64-linux-gnu/libhistory.so.8.2 to /lib/aarch64-linux-gnu/libhistory.so.8.2.usr-is-merged by libreadline8t64'
#6 11.72 Adding 'diversion of /lib/aarch64-linux-gnu/libreadline.so.8 to /lib/aarch64-linux-gnu/libreadline.so.8.usr-is-merged by libreadline8t64'
#6 11.73 Adding 'diversion of /lib/aarch64-linux-gnu/libreadline.so.8.2 to /lib/aarch64-linux-gnu/libreadline.so.8.2.usr-is-merged by libreadline8t64'
#6 11.73 Unpacking libreadline8t64:arm64 (8.2-4build1) ...
#6 11.74 Selecting previously unselected package libsqlite3-0:arm64.
#6 11.74 Preparing to unpack .../6-libsqlite3-0_3.45.1-1ubuntu2.8_arm64.deb ...
#6 11.75 Unpacking libsqlite3-0:arm64 (3.45.1-1ubuntu2.8) ...
#6 11.77 Selecting previously unselected package libpython3.12-stdlib:arm64.
#6 11.77 Preparing to unpack .../7-libpython3.12-stdlib_3.12.3-1ubuntu0.17_arm64.deb ...
#6 11.77 Unpacking libpython3.12-stdlib:arm64 (3.12.3-1ubuntu0.17) ...
#6 11.86 Selecting previously unselected package python3.12.
#6 11.86 Preparing to unpack .../8-python3.12_3.12.3-1ubuntu0.17_arm64.deb ...
#6 11.86 Unpacking python3.12 (3.12.3-1ubuntu0.17) ...
#6 11.88 Selecting previously unselected package libpython3-stdlib:arm64.
#6 11.88 Preparing to unpack .../9-libpython3-stdlib_3.12.3-0ubuntu2.1_arm64.deb ...
#6 11.88 Unpacking libpython3-stdlib:arm64 (3.12.3-0ubuntu2.1) ...
#6 11.89 Setting up python3-minimal (3.12.3-0ubuntu2.1) ...
#6 12.01 Selecting previously unselected package python3.
#6 12.01 (Reading database ... 
(Reading database ... 5%
(Reading database ... 10%
(Reading database ... 15%
(Reading database ... 20%
(Reading database ... 25%
(Reading database ... 30%
(Reading database ... 35%
(Reading database ... 40%
(Reading database ... 45%
(Reading database ... 50%
(Reading database ... 55%
(Reading database ... 60%
(Reading database ... 65%
(Reading database ... 70%
(Reading database ... 75%
(Reading database ... 80%
(Reading database ... 85%
(Reading database ... 90%
(Reading database ... 95%
(Reading database ... 100%
(Reading database ... 5701 files and directories currently installed.)
#6 12.02 Preparing to unpack .../00-python3_3.12.3-0ubuntu2.1_arm64.deb ...
#6 12.02 Unpacking python3 (3.12.3-0ubuntu2.1) ...
#6 12.03 Selecting previously unselected package libapparmor1:arm64.
#6 12.04 Preparing to unpack .../01-libapparmor1_4.0.1really4.0.1-0ubuntu0.24.04.8_arm64.deb ...
#6 12.04 Unpacking libapparmor1:arm64 (4.0.1really4.0.1-0ubuntu0.24.04.8) ...
#6 12.05 Selecting previously unselected package libargon2-1:arm64.
#6 12.05 Preparing to unpack .../02-libargon2-1_0~20190702+dfsg-4build1_arm64.deb ...
#6 12.05 Unpacking libargon2-1:arm64 (0~20190702+dfsg-4build1) ...
#6 12.06 Selecting previously unselected package libdevmapper1.02.1:arm64.
#6 12.06 Preparing to unpack .../03-libdevmapper1.02.1_2%3a1.02.185-3ubuntu3.2_arm64.deb ...
#6 12.07 Unpacking libdevmapper1.02.1:arm64 (2:1.02.185-3ubuntu3.2) ...
#6 12.08 Selecting previously unselected package libjson-c5:arm64.
#6 12.08 Preparing to unpack .../04-libjson-c5_0.17-1build1_arm64.deb ...
#6 12.08 Unpacking libjson-c5:arm64 (0.17-1build1) ...
#6 12.10 Selecting previously unselected package libcryptsetup12:arm64.
#6 12.10 Preparing to unpack .../05-libcryptsetup12_2%3a2.7.0-1ubuntu4.2_arm64.deb ...
#6 12.10 Unpacking libcryptsetup12:arm64 (2:2.7.0-1ubuntu4.2) ...
#6 12.12 Selecting previously unselected package libfdisk1:arm64.
#6 12.12 Preparing to unpack .../06-libfdisk1_2.39.3-9ubuntu6.6_arm64.deb ...
#6 12.12 Unpacking libfdisk1:arm64 (2.39.3-9ubuntu6.6) ...
#6 12.13 Selecting previously unselected package libkmod2:arm64.
#6 12.13 Preparing to unpack .../07-libkmod2_31+20240202-2ubuntu7.2_arm64.deb ...
#6 12.14 Unpacking libkmod2:arm64 (31+20240202-2ubuntu7.2) ...
#6 12.15 Selecting previously unselected package libsystemd-shared:arm64.
#6 12.15 Preparing to unpack .../08-libsystemd-shared_255.4-1ubuntu8.17_arm64.deb ...
#6 12.15 Unpacking libsystemd-shared:arm64 (255.4-1ubuntu8.17) ...
#6 12.20 Selecting previously unselected package systemd-dev.
#6 12.20 Preparing to unpack .../09-systemd-dev_255.4-1ubuntu8.17_all.deb ...
#6 12.20 Unpacking systemd-dev (255.4-1ubuntu8.17) ...
#6 12.22 Selecting previously unselected package systemd.
#6 12.22 Preparing to unpack .../10-systemd_255.4-1ubuntu8.17_arm64.deb ...
#6 12.23 Unpacking systemd (255.4-1ubuntu8.17) ...
#6 12.38 Setting up libapparmor1:arm64 (4.0.1really4.0.1-0ubuntu0.24.04.8) ...
#6 12.38 Setting up libargon2-1:arm64 (0~20190702+dfsg-4build1) ...
#6 12.39 Setting up libdevmapper1.02.1:arm64 (2:1.02.185-3ubuntu3.2) ...
#6 12.39 Setting up libjson-c5:arm64 (0.17-1build1) ...
#6 12.40 Setting up libcryptsetup12:arm64 (2:2.7.0-1ubuntu4.2) ...
#6 12.40 Setting up libfdisk1:arm64 (2.39.3-9ubuntu6.6) ...
#6 12.41 Setting up libkmod2:arm64 (31+20240202-2ubuntu7.2) ...
#6 12.41 Setting up libsystemd-shared:arm64 (255.4-1ubuntu8.17) ...
#6 12.41 Setting up systemd-dev (255.4-1ubuntu8.17) ...
#6 12.42 Setting up systemd (255.4-1ubuntu8.17) ...
#6 12.44 Created symlink /etc/systemd/system/getty.target.wants/getty@tty1.service → /usr/lib/systemd/system/getty@.service.

#6 12.44 Created symlink /etc/systemd/system/multi-user.target.wants/remote-fs.target → /usr/lib/systemd/system/remote-fs.target.

#6 12.44 Created symlink /etc/systemd/system/sysinit.target.wants/systemd-pstore.service → /usr/lib/systemd/system/systemd-pstore.service.

#6 12.45 Initializing machine ID from random generator.

#6 12.47 /usr/lib/tmpfiles.d/systemd-network.conf:10: Failed to resolve user 'systemd-network': No such process

#6 12.47 /usr/lib/tmpfiles.d/systemd-network.conf:11: Failed to resolve user 'systemd-network': No such process

#6 12.47 /usr/lib/tmpfiles.d/systemd-network.conf:12: Failed to resolve user 'systemd-network': No such process

#6 12.47 /usr/lib/tmpfiles.d/systemd-network.conf:13: Failed to resolve user 'systemd-network': No such process

#6 12.47 /usr/lib/tmpfiles.d/systemd.conf:22: Failed to resolve group 'systemd-journal': No such process

#6 12.47 /usr/lib/tmpfiles.d/systemd.conf:23: Failed to resolve group 'systemd-journal': No such process

#6 12.47 /usr/lib/tmpfiles.d/systemd.conf:28: Failed to resolve group 'systemd-journal': No such process

#6 12.47 /usr/lib/tmpfiles.d/systemd.conf:29: Failed to resolve group 'systemd-journal': No such process

#6 12.47 /usr/lib/tmpfiles.d/systemd.conf:30: Failed to resolve group 'systemd-journal': No such process

#6 12.48 Creating group 'systemd-journal' with GID 999.

#6 12.48 Creating group 'systemd-network' with GID 998.

#6 12.48 Creating user 'systemd-network' (systemd Network Management) with UID 998 and GID 998.

#6 12.51 Selecting previously unselected package systemd-sysv.
#6 12.51 (Reading database ... 
(Reading database ... 5%
(Reading database ... 10%
(Reading database ... 15%
(Reading database ... 20%
(Reading database ... 25%
(Reading database ... 30%
(Reading database ... 35%
(Reading database ... 40%
(Reading database ... 45%
(Reading database ... 50%
(Reading database ... 55%
(Reading database ... 60%
(Reading database ... 65%
(Reading database ... 70%
(Reading database ... 75%
(Reading database ... 80%
(Reading database ... 85%
(Reading database ... 90%
(Reading database ... 95%
(Reading database ... 100%
(Reading database ... 6751 files and directories currently installed.)
#6 12.51 Preparing to unpack .../systemd-sysv_255.4-1ubuntu8.17_arm64.deb ...
#6 12.52 Unpacking systemd-sysv (255.4-1ubuntu8.17) ...
#6 12.53 Selecting previously unselected package adduser.
#6 12.53 Preparing to unpack .../adduser_3.137ubuntu1_all.deb ...
#6 12.53 Unpacking adduser (3.137ubuntu1) ...
#6 12.55 Setting up adduser (3.137ubuntu1) ...
#6 12.58 Selecting previously unselected package openssl.
#6 12.58 (Reading database ... 
(Reading database ... 5%
(Reading database ... 10%
(Reading database ... 15%
(Reading database ... 20%
(Reading database ... 25%
(Reading database ... 30%
(Reading database ... 35%
(Reading database ... 40%
(Reading database ... 45%
(Reading database ... 50%
(Reading database ... 55%
(Reading database ... 60%
(Reading database ... 65%
(Reading database ... 70%
(Reading database ... 75%
(Reading database ... 80%
(Reading database ... 85%
(Reading database ... 90%
(Reading database ... 95%
(Reading database ... 100%
(Reading database ... 6817 files and directories currently installed.)
#6 12.58 Preparing to unpack .../00-openssl_3.0.13-0ubuntu3.16_arm64.deb ...
#6 12.58 Unpacking openssl (3.0.13-0ubuntu3.16) ...
#6 12.61 Selecting previously unselected package ca-certificates.
#6 12.61 Preparing to unpack .../01-ca-certificates_20260601~24.04.1_all.deb ...
#6 12.61 Unpacking ca-certificates (20260601~24.04.1) ...
#6 12.64 Selecting previously unselected package libdbus-1-3:arm64.
#6 12.64 Preparing to unpack .../02-libdbus-1-3_1.14.10-4ubuntu4.1_arm64.deb ...
#6 12.64 Unpacking libdbus-1-3:arm64 (1.14.10-4ubuntu4.1) ...
#6 12.66 Selecting previously unselected package dbus-bin.
#6 12.66 Preparing to unpack .../03-dbus-bin_1.14.10-4ubuntu4.1_arm64.deb ...
#6 12.66 Unpacking dbus-bin (1.14.10-4ubuntu4.1) ...
#6 12.67 Selecting previously unselected package dbus-session-bus-common.
#6 12.67 Preparing to unpack .../04-dbus-session-bus-common_1.14.10-4ubuntu4.1_all.deb ...
#6 12.67 Unpacking dbus-session-bus-common (1.14.10-4ubuntu4.1) ...
#6 12.69 Selecting previously unselected package dbus-daemon.
#6 12.69 Preparing to unpack .../05-dbus-daemon_1.14.10-4ubuntu4.1_arm64.deb ...
#6 12.69 Unpacking dbus-daemon (1.14.10-4ubuntu4.1) ...
#6 12.70 Selecting previously unselected package dbus-system-bus-common.
#6 12.70 Preparing to unpack .../06-dbus-system-bus-common_1.14.10-4ubuntu4.1_all.deb ...
#6 12.71 Unpacking dbus-system-bus-common (1.14.10-4ubuntu4.1) ...
#6 12.72 Selecting previously unselected package dbus.
#6 12.72 Preparing to unpack .../07-dbus_1.14.10-4ubuntu4.1_arm64.deb ...
#6 12.72 Unpacking dbus (1.14.10-4ubuntu4.1) ...
#6 12.74 Selecting previously unselected package libpam-systemd:arm64.
#6 12.74 Preparing to unpack .../08-libpam-systemd_255.4-1ubuntu8.17_arm64.deb ...
#6 12.74 Unpacking libpam-systemd:arm64 (255.4-1ubuntu8.17) ...
#6 12.76 Selecting previously unselected package dbus-user-session.
#6 12.76 Preparing to unpack .../09-dbus-user-session_1.14.10-4ubuntu4.1_arm64.deb ...
#6 12.76 Unpacking dbus-user-session (1.14.10-4ubuntu4.1) ...
#6 12.77 Selecting previously unselected package dmsetup.
#6 12.78 Preparing to unpack .../10-dmsetup_2%3a1.02.185-3ubuntu3.2_arm64.deb ...
#6 12.78 Unpacking dmsetup (2:1.02.185-3ubuntu3.2) ...
#6 12.80 Selecting previously unselected package libglib2.0-0t64:arm64.
#6 12.80 Preparing to unpack .../11-libglib2.0-0t64_2.80.0-6ubuntu3.9_arm64.deb ...
#6 12.80 Unpacking libglib2.0-0t64:arm64 (2.80.0-6ubuntu3.9) ...
#6 12.84 Selecting previously unselected package gir1.2-glib-2.0:arm64.
#6 12.84 Preparing to unpack .../12-gir1.2-glib-2.0_2.80.0-6ubuntu3.9_arm64.deb ...
#6 12.85 Unpacking gir1.2-glib-2.0:arm64 (2.80.0-6ubuntu3.9) ...
#6 12.86 Selecting previously unselected package libgirepository-1.0-1:arm64.
#6 12.86 Preparing to unpack .../13-libgirepository-1.0-1_1.80.1-1_arm64.deb ...
#6 12.87 Unpacking libgirepository-1.0-1:arm64 (1.80.1-1) ...
#6 12.88 Selecting previously unselected package gir1.2-girepository-2.0:arm64.
#6 12.88 Preparing to unpack .../14-gir1.2-girepository-2.0_1.80.1-1_arm64.deb ...
#6 12.88 Unpacking gir1.2-girepository-2.0:arm64 (1.80.1-1) ...
#6 12.89 Selecting previously unselected package libglib2.0-data.
#6 12.89 Preparing to unpack .../15-libglib2.0-data_2.80.0-6ubuntu3.9_all.deb ...
#6 12.89 Unpacking libglib2.0-data (2.80.0-6ubuntu3.9) ...
#6 12.91 Selecting previously unselected package libicu74:arm64.
#6 12.91 Preparing to unpack .../16-libicu74_74.2-1ubuntu3.1_arm64.deb ...
#6 12.91 Unpacking libicu74:arm64 (74.2-1ubuntu3.1) ...
#6 13.11 Selecting previously unselected package libnss-systemd:arm64.
#6 13.11 Preparing to unpack .../17-libnss-systemd_255.4-1ubuntu8.17_arm64.deb ...
#6 13.12 Unpacking libnss-systemd:arm64 (255.4-1ubuntu8.17) ...
#6 13.13 Selecting previously unselected package libxml2:arm64.
#6 13.13 Preparing to unpack .../18-libxml2_2.9.14+dfsg-1.3ubuntu3.9_arm64.deb ...
#6 13.13 Unpacking libxml2:arm64 (2.9.14+dfsg-1.3ubuntu3.9) ...
#6 13.16 Selecting previously unselected package python3-dbus.
#6 13.16 Preparing to unpack .../19-python3-dbus_1.3.2-5build3_arm64.deb ...
#6 13.16 Unpacking python3-dbus (1.3.2-5build3) ...
#6 13.18 Selecting previously unselected package python3-gi.
#6 13.18 Preparing to unpack .../20-python3-gi_3.48.2-1_arm64.deb ...
#6 13.18 Unpacking python3-gi (3.48.2-1) ...
#6 13.20 Selecting previously unselected package networkd-dispatcher.
#6 13.20 Preparing to unpack .../21-networkd-dispatcher_2.2.4-1_all.deb ...
#6 13.20 Unpacking networkd-dispatcher (2.2.4-1) ...
#6 13.22 Selecting previously unselected package shared-mime-info.
#6 13.22 Preparing to unpack .../22-shared-mime-info_2.4-4_arm64.deb ...
#6 13.23 Unpacking shared-mime-info (2.4-4) ...
#6 13.25 Selecting previously unselected package systemd-resolved.
#6 13.25 Preparing to unpack .../23-systemd-resolved_255.4-1ubuntu8.17_arm64.deb ...
#6 13.26 Unpacking systemd-resolved (255.4-1ubuntu8.17) ...
#6 13.28 Selecting previously unselected package systemd-timesyncd.
#6 13.28 Preparing to unpack .../24-systemd-timesyncd_255.4-1ubuntu8.17_arm64.deb ...
#6 13.28 Unpacking systemd-timesyncd (255.4-1ubuntu8.17) ...
#6 13.30 Selecting previously unselected package xdg-user-dirs.
#6 13.30 Preparing to unpack .../25-xdg-user-dirs_0.18-1build1_arm64.deb ...
#6 13.30 Unpacking xdg-user-dirs (0.18-1build1) ...
#6 13.32 Setting up media-types (10.1.0) ...
#6 13.33 Setting up systemd-sysv (255.4-1ubuntu8.17) ...
#6 13.34 Setting up xdg-user-dirs (0.18-1build1) ...
#6 13.35 Setting up libsqlite3-0:arm64 (3.45.1-1ubuntu2.8) ...
#6 13.35 Setting up libnss-systemd:arm64 (255.4-1ubuntu8.17) ...
#6 13.36 Setting up tzdata (2026c-0ubuntu0.24.04.1) ...
#6 13.41 debconf: unable to initialize frontend: Dialog
#6 13.41 debconf: (TERM is not set, so the dialog frontend is not usable.)
#6 13.41 debconf: falling back to frontend: Readline
#6 13.41 debconf: unable to initialize frontend: Readline
#6 13.41 debconf: (Can't locate Term/ReadLine.pm in @INC (you may need to install the Term::ReadLine module) (@INC entries checked: /etc/perl /usr/local/lib/aarch64-linux-gnu/perl/5.38.2 /usr/local/share/perl/5.38.2 /usr/lib/aarch64-linux-gnu/perl5/5.38 /usr/share/perl5 /usr/lib/aarch64-linux-gnu/perl-base /usr/lib/aarch64-linux-gnu/perl/5.38 /usr/share/perl/5.38 /usr/local/lib/site_perl) at /usr/share/perl5/Debconf/FrontEnd/Readline.pm line 8.)
#6 13.41 debconf: falling back to frontend: Teletype
#6 13.43 Configuring tzdata
#6 13.43 ------------------
#6 13.43 
#6 13.43 Please select the geographic area in which you live. Subsequent configuration
#6 13.43 questions will narrow this down by presenting a list of cities, representing
#6 13.43 the time zones in which they are located.
#6 13.43 
#6 13.43   1. Africa      4. Arctic    7. Australia  10. Pacific
#6 13.43   2. America     5. Asia      8. Europe     11. Etc
#6 13.43   3. Antarctica  6. Atlantic  9. Indian     12. Legacy
#6 13.43 Geographic area: 
#6 13.43 Use of uninitialized value $_[1] in join or string at /usr/share/perl5/Debconf/DbDriver/Stack.pm line 112.
#6 13.44 
#6 13.44 Current default time zone: '/UTC'
#6 13.44 Local time is now:      Sun Oct  4 05:34:18 UTC 2026.
#6 13.44 Universal Time is now:  Sun Oct  4 05:34:18 UTC 2026.
#6 13.44 Run 'dpkg-reconfigure tzdata' if you wish to change it.
#6 13.44 
#6 13.44 Use of uninitialized value $val in substitution (s///) at /usr/share/perl5/Debconf/Format/822.pm line 84, <GEN6> line 4.
#6 13.44 Use of uninitialized value $val in concatenation (.) or string at /usr/share/perl5/Debconf/Format/822.pm line 85, <GEN6> line 4.
#6 13.45 Setting up libglib2.0-0t64:arm64 (2.80.0-6ubuntu3.9) ...
#6 13.46 No schema files found: doing nothing.
#6 13.46 Setting up libglib2.0-data (2.80.0-6ubuntu3.9) ...
#6 13.46 Setting up libdbus-1-3:arm64 (1.14.10-4ubuntu4.1) ...
#6 13.47 Setting up systemd-timesyncd (255.4-1ubuntu8.17) ...
#6 13.48 Creating group 'systemd-timesync' with GID 997.

#6 13.48 Creating user 'systemd-timesync' (systemd Time Synchronization) with UID 997 and GID 997.

#6 13.56 Created symlink /etc/systemd/system/dbus-org.freedesktop.timesync1.service → /usr/lib/systemd/system/systemd-timesyncd.service.

#6 13.56 Created symlink /etc/systemd/system/sysinit.target.wants/systemd-timesyncd.service → /usr/lib/systemd/system/systemd-timesyncd.service.

#6 13.56 Setting up gir1.2-glib-2.0:arm64 (2.80.0-6ubuntu3.9) ...
#6 13.57 Setting up libicu74:arm64 (74.2-1ubuntu3.1) ...
#6 13.57 Setting up dmsetup (2:1.02.185-3ubuntu3.2) ...
#6 13.58 Setting up dbus-session-bus-common (1.14.10-4ubuntu4.1) ...
#6 13.59 Setting up libgirepository-1.0-1:arm64 (1.80.1-1) ...
#6 13.59 Setting up netbase (6.4) ...
#6 13.60 Setting up dbus-system-bus-common (1.14.10-4ubuntu4.1) ...
#6 13.66 Setting up openssl (3.0.13-0ubuntu3.16) ...
#6 13.66 Setting up readline-common (8.2-4build1) ...
#6 13.67 Setting up libxml2:arm64 (2.9.14+dfsg-1.3ubuntu3.9) ...
#6 13.68 Setting up dbus-bin (1.14.10-4ubuntu4.1) ...
#6 13.68 Setting up dbus-daemon (1.14.10-4ubuntu4.1) ...
#6 13.69 Setting up ca-certificates (20260601~24.04.1) ...
#6 13.74 debconf: unable to initialize frontend: Dialog
#6 13.74 debconf: (TERM is not set, so the dialog frontend is not usable.)
#6 13.74 debconf: falling back to frontend: Readline
#6 13.74 debconf: unable to initialize frontend: Readline
#6 13.74 debconf: (Can't locate Term/ReadLine.pm in @INC (you may need to install the Term::ReadLine module) (@INC entries checked: /etc/perl /usr/local/lib/aarch64-linux-gnu/perl/5.38.2 /usr/local/share/perl/5.38.2 /usr/lib/aarch64-linux-gnu/perl5/5.38 /usr/share/perl5 /usr/lib/aarch64-linux-gnu/perl-base /usr/lib/aarch64-linux-gnu/perl/5.38 /usr/share/perl/5.38 /usr/local/lib/site_perl) at /usr/share/perl5/Debconf/FrontEnd/Readline.pm line 8.)
#6 13.74 debconf: falling back to frontend: Teletype
#6 13.96 Updating certificates in /etc/ssl/certs...
#6 14.25 121 added, 0 removed; done.
#6 14.26 Setting up gir1.2-girepository-2.0:arm64 (1.80.1-1) ...
#6 14.27 Setting up dbus (1.14.10-4ubuntu4.1) ...
#6 14.29 Setting up shared-mime-info (2.4-4) ...
#6 15.17 Setting up libreadline8t64:arm64 (8.2-4build1) ...
#6 15.17 Setting up libpam-systemd:arm64 (255.4-1ubuntu8.17) ...
#6 15.22 debconf: unable to initialize frontend: Dialog
#6 15.22 debconf: (TERM is not set, so the dialog frontend is not usable.)
#6 15.22 debconf: falling back to frontend: Readline
#6 15.22 debconf: unable to initialize frontend: Readline
#6 15.22 debconf: (Can't locate Term/ReadLine.pm in @INC (you may need to install the Term::ReadLine module) (@INC entries checked: /etc/perl /usr/local/lib/aarch64-linux-gnu/perl/5.38.2 /usr/local/share/perl/5.38.2 /usr/lib/aarch64-linux-gnu/perl5/5.38 /usr/share/perl5 /usr/lib/aarch64-linux-gnu/perl-base /usr/lib/aarch64-linux-gnu/perl/5.38 /usr/share/perl/5.38 /usr/local/lib/site_perl) at /usr/share/perl5/Debconf/FrontEnd/Readline.pm line 8.)
#6 15.22 debconf: falling back to frontend: Teletype
#6 15.27 Setting up systemd-resolved (255.4-1ubuntu8.17) ...
#6 15.28 Converting /etc/resolv.conf to a symlink to /run/systemd/resolve/stub-resolv.conf...
#6 15.28 mv: cannot move '/etc/resolv.conf' to '/etc/.resolv.conf.systemd-resolved.bak': Device or resource busy
#6 15.28 Cannot take a backup of /etc/resolv.conf.
#6 15.28 ln: failed to create symbolic link '/etc/resolv.conf': Device or resource busy
#6 15.28 Cannot install symlink from /etc/resolv.conf to ../run/systemd/resolve/stub-resolv.conf
#6 15.28 Creating group 'systemd-resolve' with GID 996.

#6 15.28 Creating user 'systemd-resolve' (systemd Resolver) with UID 996 and GID 996.

#6 15.36 Created symlink /etc/systemd/system/dbus-org.freedesktop.resolve1.service → /usr/lib/systemd/system/systemd-resolved.service.

#6 15.36 Created symlink /etc/systemd/system/sysinit.target.wants/systemd-resolved.service → /usr/lib/systemd/system/systemd-resolved.service.

#6 15.37 Setting up libpython3.12-stdlib:arm64 (3.12.3-1ubuntu0.17) ...
#6 15.37 Setting up python3.12 (3.12.3-1ubuntu0.17) ...
#6 16.13 Setting up dbus-user-session (1.14.10-4ubuntu4.1) ...
#6 16.13 Setting up libpython3-stdlib:arm64 (3.12.3-0ubuntu2.1) ...
#6 16.14 Setting up python3 (3.12.3-0ubuntu2.1) ...
#6 16.14 running python rtupdate hooks for python3.12...
#6 16.14 running python post-rtupdate hooks for python3.12...
#6 16.21 Setting up python3-gi (3.48.2-1) ...
#6 16.33 Setting up python3-dbus (1.3.2-5build3) ...
#6 16.42 Setting up networkd-dispatcher (2.2.4-1) ...
#6 16.49 Created symlink /etc/systemd/system/multi-user.target.wants/networkd-dispatcher.service → /usr/lib/systemd/system/networkd-dispatcher.service.

#6 16.50 Processing triggers for libc-bin (2.39-0ubuntu8.9) ...
#6 16.52 Processing triggers for ca-certificates (20260601~24.04.1) ...
#6 16.53 Updating certificates in /etc/ssl/certs...
#6 16.74 0 added, 0 removed; done.
#6 16.74 Running hooks in /etc/ca-certificates/update.d...
#6 16.74 done.
#6 DONE 17.0s

#7 [ 4/11] RUN mkdir -p /opt/appmonitor     && mkdir -p /var/log/appmonitor     && chmod 755 /opt/appmonitor     && chmod 755 /var/log/appmonitor
#7 DONE 0.1s

#8 [ 5/11] RUN cat > /opt/appmonitor/appmonitor << 'DAEMON_EOF'
#8 DONE 0.1s

#9 [ 6/11] RUN cat > /opt/appmonitor/start.sh << 'SCRIPT_EOF'
#9 DONE 0.1s

#10 [ 7/11] RUN cat > /opt/appmonitor/config.json << 'CONFIG_EOF'
#10 DONE 0.1s

#11 [ 8/11] RUN chmod +x /opt/appmonitor/appmonitor     && chmod +x /opt/appmonitor/start.sh
#11 DONE 0.1s

#12 [ 9/11] RUN mkdir -p /var/lib/appmonitor/data
#12 DONE 0.1s

#13 [10/11] WORKDIR /app
#13 DONE 0.0s

#14 [11/11] RUN if command -v python3 >/dev/null 2>&1 && python3 -m pip --version >/dev/null 2>&1; then python3 -m pip install --break-system-packages --no-cache-dir pytest==8.4.1; else apt-get update && apt-get install -y --no-install-recommends python3 python3-pip && rm -rf /var/lib/apt/lists/* && python3 -m pip install --break-system-packages --no-cache-dir pytest==8.4.1; fi
#14 0.614 Get:1 http://ports.ubuntu.com/ubuntu-ports noble InRelease [256 kB]
#14 1.487 Get:2 http://ports.ubuntu.com/ubuntu-ports noble-updates InRelease [126 kB]
#14 1.707 Get:3 http://ports.ubuntu.com/ubuntu-ports noble-backports InRelease [126 kB]
#14 1.924 Get:4 http://ports.ubuntu.com/ubuntu-ports noble-security InRelease [126 kB]
#14 2.142 Get:5 http://ports.ubuntu.com/ubuntu-ports noble/restricted arm64 Packages [113 kB]
#14 2.203 Get:6 http://ports.ubuntu.com/ubuntu-ports noble/multiverse arm64 Packages [274 kB]
#14 2.324 Get:7 http://ports.ubuntu.com/ubuntu-ports noble/universe arm64 Packages [19.0 MB]
#14 3.601 Get:8 http://ports.ubuntu.com/ubuntu-ports noble/main arm64 Packages [1776 kB]
#14 3.647 Get:9 http://ports.ubuntu.com/ubuntu-ports noble-updates/main arm64 Packages [1753 kB]
#14 3.750 Get:10 http://ports.ubuntu.com/ubuntu-ports noble-updates/universe arm64 Packages [2201 kB]
#14 3.820 Get:11 http://ports.ubuntu.com/ubuntu-ports noble-updates/multiverse arm64 Packages [94.8 kB]
#14 3.822 Get:12 http://ports.ubuntu.com/ubuntu-ports noble-updates/restricted arm64 Packages [3122 kB]
#14 3.957 Get:13 http://ports.ubuntu.com/ubuntu-ports noble-backports/main arm64 Packages [49.0 kB]
#14 3.957 Get:14 http://ports.ubuntu.com/ubuntu-ports noble-backports/multiverse arm64 Packages [671 B]
#14 3.957 Get:15 http://ports.ubuntu.com/ubuntu-ports noble-backports/universe arm64 Packages [36.3 kB]
#14 3.957 Get:16 http://ports.ubuntu.com/ubuntu-ports noble-security/multiverse arm64 Packages [89.7 kB]
#14 3.968 Get:17 http://ports.ubuntu.com/ubuntu-ports noble-security/universe arm64 Packages [1624 kB]
#14 4.039 Get:18 http://ports.ubuntu.com/ubuntu-ports noble-security/restricted arm64 Packages [2886 kB]
#14 4.158 Get:19 http://ports.ubuntu.com/ubuntu-ports noble-security/main arm64 Packages [1388 kB]
#14 5.044 Fetched 35.1 MB in 5s (7134 kB/s)
#14 5.044 Reading package lists...
#14 5.924 Reading package lists...
#14 6.802 Building dependency tree...
#14 7.038 Reading state information...
#14 7.239 python3 is already the newest version (3.12.3-0ubuntu2.1).
#14 7.239 python3 set to manually installed.
#14 7.239 The following additional packages will be installed:
#14 7.239   python3-pkg-resources python3-setuptools python3-wheel
#14 7.239 Suggested packages:
#14 7.239   python-setuptools-doc
#14 7.239 Recommended packages:
#14 7.239   build-essential python3-dev
#14 7.290 The following NEW packages will be installed:
#14 7.290   python3-pip python3-pkg-resources python3-setuptools python3-wheel
#14 7.636 0 upgraded, 4 newly installed, 0 to remove and 2 not upgraded.
#14 7.636 Need to get 1938 kB of archives.
#14 7.636 After this operation, 10.3 MB of additional disk space will be used.
#14 7.636 Get:1 http://ports.ubuntu.com/ubuntu-ports noble-updates/main arm64 python3-pkg-resources all 68.1.2-2ubuntu1.2 [168 kB]
#14 8.417 Get:2 http://ports.ubuntu.com/ubuntu-ports noble-updates/main arm64 python3-setuptools all 68.1.2-2ubuntu1.2 [397 kB]
#14 8.732 Get:3 http://ports.ubuntu.com/ubuntu-ports noble/universe arm64 python3-wheel all 0.42.0-2 [53.1 kB]
#14 8.747 Get:4 http://ports.ubuntu.com/ubuntu-ports noble-updates/universe arm64 python3-pip all 24.0+dfsg-1ubuntu1.3 [1320 kB]
#14 9.167 debconf: delaying package configuration, since apt-utils is not installed
#14 9.192 Fetched 1938 kB in 2s (1100 kB/s)
#14 9.205 Selecting previously unselected package python3-pkg-resources.
#14 9.205 (Reading database ... 
(Reading database ... 5%
(Reading database ... 10%
(Reading database ... 15%
(Reading database ... 20%
(Reading database ... 25%
(Reading database ... 30%
(Reading database ... 35%
(Reading database ... 40%
(Reading database ... 45%
(Reading database ... 50%
(Reading database ... 55%
(Reading database ... 60%
(Reading database ... 65%
(Reading database ... 70%
(Reading database ... 75%
(Reading database ... 80%
(Reading database ... 85%
(Reading database ... 90%
(Reading database ... 95%
(Reading database ... 100%
(Reading database ... 7642 files and directories currently installed.)
#14 9.211 Preparing to unpack .../python3-pkg-resources_68.1.2-2ubuntu1.2_all.deb ...
#14 9.212 Unpacking python3-pkg-resources (68.1.2-2ubuntu1.2) ...
#14 9.234 Selecting previously unselected package python3-setuptools.
#14 9.235 Preparing to unpack .../python3-setuptools_68.1.2-2ubuntu1.2_all.deb ...
#14 9.236 Unpacking python3-setuptools (68.1.2-2ubuntu1.2) ...
#14 9.271 Selecting previously unselected package python3-wheel.
#14 9.272 Preparing to unpack .../python3-wheel_0.42.0-2_all.deb ...
#14 9.274 Unpacking python3-wheel (0.42.0-2) ...
#14 9.291 Selecting previously unselected package python3-pip.
#14 9.292 Preparing to unpack .../python3-pip_24.0+dfsg-1ubuntu1.3_all.deb ...
#14 9.294 Unpacking python3-pip (24.0+dfsg-1ubuntu1.3) ...
#14 9.385 Setting up python3-pkg-resources (68.1.2-2ubuntu1.2) ...
#14 9.544 Setting up python3-setuptools (68.1.2-2ubuntu1.2) ...
#14 9.897 Setting up python3-wheel (0.42.0-2) ...
#14 10.00 Setting up python3-pip (24.0+dfsg-1ubuntu1.3) ...
#14 11.35 Collecting pytest==8.4.1
#14 11.45   Downloading pytest-8.4.1-py3-none-any.whl.metadata (7.7 kB)
#14 11.47 Collecting iniconfig>=1 (from pytest==8.4.1)
#14 11.48   Downloading iniconfig-2.3.0-py3-none-any.whl.metadata (2.5 kB)
#14 11.50 Collecting packaging>=20 (from pytest==8.4.1)
#14 11.51   Downloading packaging-26.3-py3-none-any.whl.metadata (3.5 kB)
#14 11.53 Collecting pluggy<2,>=1.5 (from pytest==8.4.1)
#14 11.54   Downloading pluggy-1.6.0-py3-none-any.whl.metadata (4.8 kB)
#14 11.57 Collecting pygments>=2.7.2 (from pytest==8.4.1)
#14 11.58   Downloading pygments-2.21.0-py3-none-any.whl.metadata (2.5 kB)
#14 11.59 Downloading pytest-8.4.1-py3-none-any.whl (365 kB)
#14 11.62    ━━━━━━━━━━━━━━━━━━━━━━━━━━━━━━━━━━━━━━━━ 365.5/365.5 kB 14.2 MB/s eta 0:00:00
#14 11.63 Downloading iniconfig-2.3.0-py3-none-any.whl (7.5 kB)
#14 11.64 Downloading packaging-26.3-py3-none-any.whl (129 kB)
#14 11.65    ━━━━━━━━━━━━━━━━━━━━━━━━━━━━━━━━━━━━━━━━ 130.0/130.0 kB 31.1 MB/s eta 0:00:00
#14 11.66 Downloading pluggy-1.6.0-py3-none-any.whl (20 kB)
#14 11.67 Downloading pygments-2.21.0-py3-none-any.whl (1.3 MB)
#14 11.71    ━━━━━━━━━━━━━━━━━━━━━━━━━━━━━━━━━━━━━━━━ 1.3/1.3 MB 35.4 MB/s eta 0:00:00
#14 11.73 Installing collected packages: pygments, pluggy, packaging, iniconfig, pytest
#14 12.63 Successfully installed iniconfig-2.3.0 packaging-26.3 pluggy-1.6.0 pygments-2.21.0 pytest-8.4.1
#14 12.63 WARNING: Running pip as the 'root' user can result in broken permissions and conflicting behaviour with the system package manager. It is recommended to use a virtual environment instead: https://pip.pypa.io/warnings/venv
#14 DONE 12.8s

#15 exporting to image
#15 exporting layers
#15 exporting layers 4.2s done
#15 exporting manifest sha256:b2627cd037f5f5185f8b2ba08c69ba323d500e69ee9dbea76bd0ad0ce6ebf7ad 0.0s done
#15 exporting config sha256:c5ea03b03b60bd7aaf964edd486adceeed78e67a34f9f31f76a7560e0bb408d5 done
#15 exporting attestation manifest sha256:8a1c2846003c4dd8b277bd6ded3108b9b701855b5ad5ff0d96bb7eb696f8b000 done
#15 exporting manifest list sha256:cdeefddaba070580613fbe559830e2b00648dc65ea38d9533701c65ec4e3468a done
#15 naming to docker.io/library/verity-462:local done
#15 unpacking to docker.io/library/verity-462:local
#15 unpacking to docker.io/library/verity-462:local 1.2s done
#15 DONE 5.5s

View build details: docker-desktop://dashboard/build/desktop-linux/desktop-linux/z3k5ubyu8gbw16g68za8j1s8h
