#0 building with "desktop-linux" instance using docker driver

#1 [internal] load build definition from Dockerfile
#1 transferring dockerfile: 9.04kB done
#1 DONE 0.0s

#2 [internal] load metadata for docker.io/library/ubuntu:24.04
#2 DONE 0.7s

#3 [internal] load .dockerignore
#3 transferring context: 2B done
#3 DONE 0.0s

#4 [ 1/25] FROM docker.io/library/ubuntu:24.04@sha256:534baea6a22c03a63003dbc8dbe78fe34bc0d7e595d9a9dc9834884ff530eb55
#4 resolve docker.io/library/ubuntu:24.04@sha256:534baea6a22c03a63003dbc8dbe78fe34bc0d7e595d9a9dc9834884ff530eb55 done
#4 DONE 0.0s

#5 [16/25] RUN cat > /usr/local/bin/mock_lshw << 'SCRIPT'
#5 CACHED

#6 [23/25] RUN chmod +x /usr/local/bin/mock_lsmod
#6 CACHED

#7 [10/25] RUN mkdir -p /mock_hardware/modinfo
#7 CACHED

#8 [14/25] RUN cat > /mock_hardware/modinfo/snd_hda_intel.txt << 'MODINFO'
#8 CACHED

#9 [ 6/25] RUN cat > /mock_hardware/lshw_storage.txt << 'LSHW_STORAGE'
#9 CACHED

#10 [ 5/25] RUN cat > /mock_hardware/lshw_network.txt << 'LSHW_NET'
#10 CACHED

#11 [22/25] RUN cat > /usr/local/bin/mock_lsmod << 'SCRIPT'
#11 CACHED

#12 [20/25] RUN cat > /usr/local/bin/mock_modinfo << 'SCRIPT'
#12 CACHED

#13 [ 4/25] RUN mkdir -p /mock_hardware
#13 CACHED

#14 [12/25] RUN cat > /mock_hardware/modinfo/ahci.txt << 'MODINFO'
#14 CACHED

#15 [11/25] RUN cat > /mock_hardware/modinfo/e1000e.txt << 'MODINFO'
#15 CACHED

#16 [19/25] RUN chmod +x /usr/local/bin/mock_dmesg
#16 CACHED

#17 [21/25] RUN chmod +x /usr/local/bin/mock_modinfo
#17 CACHED

#18 [24/25] WORKDIR /app
#18 CACHED

#19 [ 2/25] WORKDIR /app
#19 CACHED

#20 [18/25] RUN cat > /usr/local/bin/mock_dmesg << 'SCRIPT'
#20 CACHED

#21 [ 9/25] RUN cat > /mock_hardware/dmesg_driver.txt << 'DMESG'
#21 CACHED

#22 [ 7/25] RUN cat > /mock_hardware/lshw_display.txt << 'LSHW_DISPLAY'
#22 CACHED

#23 [13/25] RUN cat > /mock_hardware/modinfo/vmwgfx.txt << 'MODINFO'
#23 CACHED

#24 [15/25] RUN cat > /mock_hardware/lsmod.txt << 'LSMOD'
#24 CACHED

#25 [ 8/25] RUN cat > /mock_hardware/lshw_audio.txt << 'LSHW_AUDIO'
#25 CACHED

#26 [ 3/25] RUN apt-get update && apt-get install -y     pciutils     usbutils     jq     kmod     && rm -rf /var/lib/apt/lists/*
#26 CACHED

#27 [17/25] RUN chmod +x /usr/local/bin/mock_lshw
#27 CACHED

#28 [25/25] RUN if command -v python3 >/dev/null 2>&1 && python3 -m pip --version >/dev/null 2>&1; then python3 -m pip install --break-system-packages --no-cache-dir pytest==8.4.1; else apt-get update && apt-get install -y --no-install-recommends python3 python3-pip && rm -rf /var/lib/apt/lists/* && python3 -m pip install --break-system-packages --no-cache-dir pytest==8.4.1; fi
#28 CACHED

#29 exporting to image
#29 exporting layers done
#29 exporting manifest sha256:aaefd850e30673d6b25799b518baa47769e972ed1b2b8611f7a84677911335ff done
#29 exporting config sha256:17890e5fe007f9faf8975cb39d0b58c70551b6b52804d109ced0ae57400c59fd done
#29 exporting attestation manifest sha256:62548ab61e63f6ac4f2e9848548c823e21a6fa861b0fad561f79dc97a3d9b996 done
#29 exporting manifest list sha256:14e21dde1368bf866572dcb22a06d40a17fdb79af2ea8e2c9defa38d79ed0102 done
#29 naming to docker.io/library/verity-1261:local done
#29 unpacking to docker.io/library/verity-1261:local done
#29 DONE 0.1s

View build details: docker-desktop://dashboard/build/desktop-linux/desktop-linux/v2ew2hv81ezij05t0qgd4l43c
