#0 building with "desktop-linux" instance using docker driver

#1 [internal] load build definition from Dockerfile
#1 transferring dockerfile: 8.75kB done
#1 DONE 0.0s

#2 [internal] load metadata for docker.io/library/ubuntu:24.04
#2 DONE 0.7s

#3 [internal] load .dockerignore
#3 transferring context: 2B done
#3 DONE 0.0s

#4 [ 1/15] FROM docker.io/library/ubuntu:24.04@sha256:534baea6a22c03a63003dbc8dbe78fe34bc0d7e595d9a9dc9834884ff530eb55
#4 resolve docker.io/library/ubuntu:24.04@sha256:534baea6a22c03a63003dbc8dbe78fe34bc0d7e595d9a9dc9834884ff530eb55 0.0s done
#4 extracting sha256:90812e242c93750dbd37ce847c7d3db62c2c53035367d1d89c61184f168f5d37
#4 extracting sha256:90812e242c93750dbd37ce847c7d3db62c2c53035367d1d89c61184f168f5d37 1.4s done
#4 DONE 1.4s

#5 [ 2/15] WORKDIR /app
#5 DONE 0.4s

#6 [ 3/15] RUN apt-get update && apt-get install -y     lvm2     && rm -rf /var/lib/apt/lists/*
#6 0.582 Get:1 http://ports.ubuntu.com/ubuntu-ports noble InRelease [256 kB]
#6 0.992 Get:2 http://ports.ubuntu.com/ubuntu-ports noble-updates InRelease [126 kB]
#6 1.111 Get:3 http://ports.ubuntu.com/ubuntu-ports noble-backports InRelease [126 kB]
#6 1.191 Get:4 http://ports.ubuntu.com/ubuntu-ports noble-security InRelease [126 kB]
#6 1.287 Get:5 http://ports.ubuntu.com/ubuntu-ports noble/multiverse arm64 Packages [274 kB]
#6 1.354 Get:6 http://ports.ubuntu.com/ubuntu-ports noble/main arm64 Packages [1776 kB]
#6 1.541 Get:7 http://ports.ubuntu.com/ubuntu-ports noble/universe arm64 Packages [19.0 MB]
#6 2.818 Get:8 http://ports.ubuntu.com/ubuntu-ports noble/restricted arm64 Packages [113 kB]
#6 2.820 Get:9 http://ports.ubuntu.com/ubuntu-ports noble-updates/restricted arm64 Packages [3132 kB]
#6 2.969 Get:10 http://ports.ubuntu.com/ubuntu-ports noble-updates/universe arm64 Packages [2210 kB]
#6 3.061 Get:11 http://ports.ubuntu.com/ubuntu-ports noble-updates/main arm64 Packages [1758 kB]
#6 3.240 Get:12 http://ports.ubuntu.com/ubuntu-ports noble-updates/multiverse arm64 Packages [96.8 kB]
#6 3.245 Get:13 http://ports.ubuntu.com/ubuntu-ports noble-backports/universe arm64 Packages [36.3 kB]
#6 3.245 Get:14 http://ports.ubuntu.com/ubuntu-ports noble-backports/main arm64 Packages [49.0 kB]
#6 3.248 Get:15 http://ports.ubuntu.com/ubuntu-ports noble-backports/multiverse arm64 Packages [671 B]
#6 3.248 Get:16 http://ports.ubuntu.com/ubuntu-ports noble-security/universe arm64 Packages [1624 kB]
#6 3.447 Get:17 http://ports.ubuntu.com/ubuntu-ports noble-security/restricted arm64 Packages [2886 kB]
#6 3.534 Get:18 http://ports.ubuntu.com/ubuntu-ports noble-security/multiverse arm64 Packages [89.7 kB]
#6 3.535 Get:19 http://ports.ubuntu.com/ubuntu-ports noble-security/main arm64 Packages [1390 kB]
#6 4.223 Fetched 35.1 MB in 4s (8758 kB/s)
#6 4.223 Reading package lists...
#6 5.054 Reading package lists...
#6 5.914 Building dependency tree...
#6 6.161 Reading state information...
#6 6.494 The following additional packages will be installed:
#6 6.494   dmeventd dmsetup libaio1t64 libbsd0 libdevmapper-event1.02.1
#6 6.495   libdevmapper1.02.1 libedit2 libexpat1 liblvm2cmd2.03 thin-provisioning-tools
#6 6.530 The following NEW packages will be installed:
#6 6.530   dmeventd dmsetup libaio1t64 libbsd0 libdevmapper-event1.02.1
#6 6.531   libdevmapper1.02.1 libedit2 libexpat1 liblvm2cmd2.03 lvm2
#6 6.531   thin-provisioning-tools
#6 6.703 0 upgraded, 11 newly installed, 0 to remove and 3 not upgraded.
#6 6.703 Need to get 2736 kB of archives.
#6 6.703 After this operation, 11.3 MB of additional disk space will be used.
#6 6.703 Get:1 http://ports.ubuntu.com/ubuntu-ports noble-updates/main arm64 libdevmapper1.02.1 arm64 2:1.02.185-3ubuntu3.2 [128 kB]
#6 7.073 Get:2 http://ports.ubuntu.com/ubuntu-ports noble-updates/main arm64 dmsetup arm64 2:1.02.185-3ubuntu3.2 [74.7 kB]
#6 7.114 Get:3 http://ports.ubuntu.com/ubuntu-ports noble-updates/main arm64 libbsd0 arm64 0.12.1-1build1.1 [41.0 kB]
#6 7.139 Get:4 http://ports.ubuntu.com/ubuntu-ports noble-updates/main arm64 libexpat1 arm64 2.6.1-2ubuntu0.6 [89.8 kB]
#6 7.191 Get:5 http://ports.ubuntu.com/ubuntu-ports noble/main arm64 libedit2 arm64 3.1-20230828-1build1 [97.5 kB]
#6 7.229 Get:6 http://ports.ubuntu.com/ubuntu-ports noble-updates/main arm64 libdevmapper-event1.02.1 arm64 2:1.02.185-3ubuntu3.2 [12.0 kB]
#6 7.232 Get:7 http://ports.ubuntu.com/ubuntu-ports noble-updates/main arm64 libaio1t64 arm64 0.3.113-6build1.1 [7192 B]
#6 7.232 Get:8 http://ports.ubuntu.com/ubuntu-ports noble-updates/main arm64 liblvm2cmd2.03 arm64 2.03.16-3ubuntu3.2 [725 kB]
#6 7.365 Get:9 http://ports.ubuntu.com/ubuntu-ports noble-updates/main arm64 dmeventd arm64 2:1.02.185-3ubuntu3.2 [36.4 kB]
#6 7.368 Get:10 http://ports.ubuntu.com/ubuntu-ports noble-updates/main arm64 lvm2 arm64 2.03.16-3ubuntu3.2 [1113 kB]
#6 7.529 Get:11 http://ports.ubuntu.com/ubuntu-ports noble-updates/main arm64 thin-provisioning-tools arm64 0.9.0-2ubuntu5.1 [411 kB]
#6 7.649 debconf: delaying package configuration, since apt-utils is not installed
#6 7.674 Fetched 2736 kB in 1s (2731 kB/s)
#6 7.687 Selecting previously unselected package libdevmapper1.02.1:arm64.
#6 7.687 (Reading database ... 
(Reading database ... 5%
(Reading database ... 10%
(Reading database ... 15%
(Reading database ... 20%
(Reading database ... 25%
(Reading database ... 30%
(Reading database ... 35%
(Reading database ... 40%
(Reading database ... 45%
(Reading database ... 50%
(Reading database ... 55%
(Reading database ... 60%
(Reading database ... 65%
(Reading database ... 70%
(Reading database ... 75%
(Reading database ... 80%
(Reading database ... 85%
(Reading database ... 90%
(Reading database ... 95%
(Reading database ... 100%
(Reading database ... 4376 files and directories currently installed.)
#6 7.692 Preparing to unpack .../00-libdevmapper1.02.1_2%3a1.02.185-3ubuntu3.2_arm64.deb ...
#6 7.695 Unpacking libdevmapper1.02.1:arm64 (2:1.02.185-3ubuntu3.2) ...
#6 7.713 Selecting previously unselected package dmsetup.
#6 7.713 Preparing to unpack .../01-dmsetup_2%3a1.02.185-3ubuntu3.2_arm64.deb ...
#6 7.715 Unpacking dmsetup (2:1.02.185-3ubuntu3.2) ...
#6 7.732 Selecting previously unselected package libbsd0:arm64.
#6 7.732 Preparing to unpack .../02-libbsd0_0.12.1-1build1.1_arm64.deb ...
#6 7.734 Unpacking libbsd0:arm64 (0.12.1-1build1.1) ...
#6 7.750 Selecting previously unselected package libexpat1:arm64.
#6 7.750 Preparing to unpack .../03-libexpat1_2.6.1-2ubuntu0.6_arm64.deb ...
#6 7.752 Unpacking libexpat1:arm64 (2.6.1-2ubuntu0.6) ...
#6 7.768 Selecting previously unselected package libedit2:arm64.
#6 7.769 Preparing to unpack .../04-libedit2_3.1-20230828-1build1_arm64.deb ...
#6 7.770 Unpacking libedit2:arm64 (3.1-20230828-1build1) ...
#6 7.785 Selecting previously unselected package libdevmapper-event1.02.1:arm64.
#6 7.786 Preparing to unpack .../05-libdevmapper-event1.02.1_2%3a1.02.185-3ubuntu3.2_arm64.deb ...
#6 7.788 Unpacking libdevmapper-event1.02.1:arm64 (2:1.02.185-3ubuntu3.2) ...
#6 7.801 Selecting previously unselected package libaio1t64:arm64.
#6 7.802 Preparing to unpack .../06-libaio1t64_0.3.113-6build1.1_arm64.deb ...
#6 7.803 Unpacking libaio1t64:arm64 (0.3.113-6build1.1) ...
#6 7.816 Selecting previously unselected package liblvm2cmd2.03:arm64.
#6 7.816 Preparing to unpack .../07-liblvm2cmd2.03_2.03.16-3ubuntu3.2_arm64.deb ...
#6 7.818 Unpacking liblvm2cmd2.03:arm64 (2.03.16-3ubuntu3.2) ...
#6 7.848 Selecting previously unselected package dmeventd.
#6 7.849 Preparing to unpack .../08-dmeventd_2%3a1.02.185-3ubuntu3.2_arm64.deb ...
#6 7.850 Unpacking dmeventd (2:1.02.185-3ubuntu3.2) ...
#6 7.870 Selecting previously unselected package lvm2.
#6 7.870 Preparing to unpack .../09-lvm2_2.03.16-3ubuntu3.2_arm64.deb ...
#6 7.878 Unpacking lvm2 (2.03.16-3ubuntu3.2) ...
#6 7.916 Selecting previously unselected package thin-provisioning-tools.
#6 7.917 Preparing to unpack .../10-thin-provisioning-tools_0.9.0-2ubuntu5.1_arm64.deb ...
#6 7.919 Unpacking thin-provisioning-tools (0.9.0-2ubuntu5.1) ...
#6 7.948 Setting up libexpat1:arm64 (2.6.1-2ubuntu0.6) ...
#6 7.953 Setting up libdevmapper1.02.1:arm64 (2:1.02.185-3ubuntu3.2) ...
#6 7.959 Setting up libaio1t64:arm64 (0.3.113-6build1.1) ...
#6 7.965 Setting up dmsetup (2:1.02.185-3ubuntu3.2) ...
#6 7.972 Setting up libbsd0:arm64 (0.12.1-1build1.1) ...
#6 7.977 Setting up libdevmapper-event1.02.1:arm64 (2:1.02.185-3ubuntu3.2) ...
#6 7.982 Setting up libedit2:arm64 (3.1-20230828-1build1) ...
#6 7.987 Setting up thin-provisioning-tools (0.9.0-2ubuntu5.1) ...
#6 7.992 Setting up liblvm2cmd2.03:arm64 (2.03.16-3ubuntu3.2) ...
#6 7.996 Setting up dmeventd (2:1.02.185-3ubuntu3.2) ...
#6 8.082 Setting up lvm2 (2.03.16-3ubuntu3.2) ...
#6 8.593 Processing triggers for libc-bin (2.39-0ubuntu8.9) ...
#6 DONE 8.8s

#7 [ 4/15] WORKDIR /app
#7 DONE 0.0s

#8 [ 5/15] RUN mkdir -p /etc/systemd/system     && mkdir -p /var/log/myapp     && mkdir -p /mnt/appdata
#8 DONE 0.2s

#9 [ 6/15] RUN cat > /usr/local/bin/simulate-lvm-mount.sh << 'EOFSCRIPT'
#9 DONE 0.2s

#10 [ 7/15] RUN chmod +x /usr/local/bin/simulate-lvm-mount.sh
#10 DONE 0.1s

#11 [ 8/15] RUN cat > /usr/local/bin/myapp-service.sh << 'EOFSCRIPT'
#11 DONE 0.1s

#12 [ 9/15] RUN chmod +x /usr/local/bin/myapp-service.sh
#12 DONE 0.2s

#13 [10/15] RUN cat > /usr/local/bin/simulate-boot.sh << 'EOFSCRIPT'
#13 DONE 0.1s

#14 [11/15] RUN chmod +x /usr/local/bin/simulate-boot.sh
#14 DONE 0.1s

#15 [12/15] RUN cat > /etc/systemd/system/myapp.service << 'EOFUNIT'
#15 DONE 0.1s

#16 [13/15] RUN mkdir -p /var/log && cat > /var/log/syslog << 'EOFLOGS'
#16 DONE 0.1s

#17 [14/15] RUN cat > /app/README.md << 'EOFREADME'
#17 DONE 0.1s

#18 [15/15] RUN if command -v python3 >/dev/null 2>&1 && python3 -m pip --version >/dev/null 2>&1; then python3 -m pip install --break-system-packages --no-cache-dir pytest==8.4.1; else apt-get update && apt-get install -y --no-install-recommends python3 python3-pip && rm -rf /var/lib/apt/lists/* && python3 -m pip install --break-system-packages --no-cache-dir pytest==8.4.1; fi
#18 0.333 Get:1 http://ports.ubuntu.com/ubuntu-ports noble InRelease [256 kB]
#18 0.721 Get:2 http://ports.ubuntu.com/ubuntu-ports noble-updates InRelease [126 kB]
#18 0.855 Get:3 http://ports.ubuntu.com/ubuntu-ports noble-backports InRelease [126 kB]
#18 0.929 Get:4 http://ports.ubuntu.com/ubuntu-ports noble-security InRelease [126 kB]
#18 1.025 Get:5 http://ports.ubuntu.com/ubuntu-ports noble/main arm64 Packages [1776 kB]
#18 1.258 Get:6 http://ports.ubuntu.com/ubuntu-ports noble/restricted arm64 Packages [113 kB]
#18 1.258 Get:7 http://ports.ubuntu.com/ubuntu-ports noble/universe arm64 Packages [19.0 MB]
#18 2.233 Get:8 http://ports.ubuntu.com/ubuntu-ports noble/multiverse arm64 Packages [274 kB]
#18 2.240 Get:9 http://ports.ubuntu.com/ubuntu-ports noble-updates/universe arm64 Packages [2210 kB]
#18 2.313 Get:10 http://ports.ubuntu.com/ubuntu-ports noble-updates/main arm64 Packages [1758 kB]
#18 2.455 Get:11 http://ports.ubuntu.com/ubuntu-ports noble-updates/restricted arm64 Packages [3132 kB]
#18 2.605 Get:12 http://ports.ubuntu.com/ubuntu-ports noble-updates/multiverse arm64 Packages [96.8 kB]
#18 2.606 Get:13 http://ports.ubuntu.com/ubuntu-ports noble-backports/main arm64 Packages [49.0 kB]
#18 2.607 Get:14 http://ports.ubuntu.com/ubuntu-ports noble-backports/universe arm64 Packages [36.3 kB]
#18 2.607 Get:15 http://ports.ubuntu.com/ubuntu-ports noble-backports/multiverse arm64 Packages [671 B]
#18 2.607 Get:16 http://ports.ubuntu.com/ubuntu-ports noble-security/universe arm64 Packages [1624 kB]
#18 2.630 Get:17 http://ports.ubuntu.com/ubuntu-ports noble-security/main arm64 Packages [1390 kB]
#18 2.705 Get:18 http://ports.ubuntu.com/ubuntu-ports noble-security/multiverse arm64 Packages [89.7 kB]
#18 2.708 Get:19 http://ports.ubuntu.com/ubuntu-ports noble-security/restricted arm64 Packages [2886 kB]
#18 3.637 Fetched 35.1 MB in 3s (10.0 MB/s)
#18 3.637 Reading package lists...
#18 4.431 Reading package lists...
#18 5.217 Building dependency tree...
#18 5.379 Reading state information...
#18 5.583 The following additional packages will be installed:
#18 5.583   ca-certificates libpython3-stdlib libpython3.12-minimal libpython3.12-stdlib
#18 5.584   libreadline8t64 libsqlite3-0 libssl3t64 media-types netbase openssl
#18 5.584   python3-minimal python3-pkg-resources python3-setuptools python3-wheel
#18 5.584   python3.12 python3.12-minimal readline-common tzdata
#18 5.584 Suggested packages:
#18 5.584   python3-doc python3-tk python3-venv python-setuptools-doc python3.12-venv
#18 5.584   python3.12-doc binutils binfmt-support readline-doc
#18 5.584 Recommended packages:
#18 5.584   build-essential python3-dev
#18 5.675 The following NEW packages will be installed:
#18 5.676   ca-certificates libpython3-stdlib libpython3.12-minimal libpython3.12-stdlib
#18 5.676   libreadline8t64 libsqlite3-0 media-types netbase openssl python3
#18 5.676   python3-minimal python3-pip python3-pkg-resources python3-setuptools
#18 5.676   python3-wheel python3.12 python3.12-minimal readline-common tzdata
#18 5.677 The following packages will be upgraded:
#18 5.677   libssl3t64
#18 5.843 1 upgraded, 19 newly installed, 0 to remove and 2 not upgraded.
#18 5.843 Need to get 12.0 MB of archives.
#18 5.843 After this operation, 41.6 MB of additional disk space will be used.
#18 5.843 Get:1 http://ports.ubuntu.com/ubuntu-ports noble-updates/main arm64 libssl3t64 arm64 3.0.13-0ubuntu3.16 [1838 kB]
#18 6.619 Get:2 http://ports.ubuntu.com/ubuntu-ports noble-updates/main arm64 libpython3.12-minimal arm64 3.12.3-1ubuntu0.17 [835 kB]
#18 6.646 Get:3 http://ports.ubuntu.com/ubuntu-ports noble-updates/main arm64 python3.12-minimal arm64 3.12.3-1ubuntu0.17 [2253 kB]
#18 6.762 Get:4 http://ports.ubuntu.com/ubuntu-ports noble-updates/main arm64 python3-minimal arm64 3.12.3-0ubuntu2.1 [27.4 kB]
#18 6.763 Get:5 http://ports.ubuntu.com/ubuntu-ports noble/main arm64 media-types all 10.1.0 [27.5 kB]
#18 6.763 Get:6 http://ports.ubuntu.com/ubuntu-ports noble/main arm64 netbase all 6.4 [13.1 kB]
#18 6.763 Get:7 http://ports.ubuntu.com/ubuntu-ports noble-updates/main arm64 tzdata all 2026c-0ubuntu0.24.04.1 [280 kB]
#18 6.778 Get:8 http://ports.ubuntu.com/ubuntu-ports noble/main arm64 readline-common all 8.2-4build1 [56.5 kB]
#18 6.779 Get:9 http://ports.ubuntu.com/ubuntu-ports noble/main arm64 libreadline8t64 arm64 8.2-4build1 [153 kB]
#18 6.784 Get:10 http://ports.ubuntu.com/ubuntu-ports noble-updates/main arm64 libsqlite3-0 arm64 3.45.1-1ubuntu2.8 [691 kB]
#18 6.818 Get:11 http://ports.ubuntu.com/ubuntu-ports noble-updates/main arm64 libpython3.12-stdlib arm64 3.12.3-1ubuntu0.17 [2039 kB]
#18 6.886 Get:12 http://ports.ubuntu.com/ubuntu-ports noble-updates/main arm64 python3.12 arm64 3.12.3-1ubuntu0.17 [651 kB]
#18 6.908 Get:13 http://ports.ubuntu.com/ubuntu-ports noble-updates/main arm64 libpython3-stdlib arm64 3.12.3-0ubuntu2.1 [10.1 kB]
#18 6.908 Get:14 http://ports.ubuntu.com/ubuntu-ports noble-updates/main arm64 python3 arm64 3.12.3-0ubuntu2.1 [23.0 kB]
#18 6.908 Get:15 http://ports.ubuntu.com/ubuntu-ports noble-updates/main arm64 openssl arm64 3.0.13-0ubuntu3.16 [985 kB]
#18 6.953 Get:16 http://ports.ubuntu.com/ubuntu-ports noble-updates/main arm64 ca-certificates all 20260601~24.04.1 [139 kB]
#18 6.957 Get:17 http://ports.ubuntu.com/ubuntu-ports noble-updates/main arm64 python3-pkg-resources all 68.1.2-2ubuntu1.2 [168 kB]
#18 6.962 Get:18 http://ports.ubuntu.com/ubuntu-ports noble-updates/main arm64 python3-setuptools all 68.1.2-2ubuntu1.2 [397 kB]
#18 6.979 Get:19 http://ports.ubuntu.com/ubuntu-ports noble/universe arm64 python3-wheel all 0.42.0-2 [53.1 kB]
#18 6.981 Get:20 http://ports.ubuntu.com/ubuntu-ports noble-updates/universe arm64 python3-pip all 24.0+dfsg-1ubuntu1.3 [1320 kB]
#18 7.124 debconf: delaying package configuration, since apt-utils is not installed
#18 7.146 Fetched 12.0 MB in 1s (8918 kB/s)
#18 7.159 (Reading database ... 
(Reading database ... 5%
(Reading database ... 10%
(Reading database ... 15%
(Reading database ... 20%
(Reading database ... 25%
(Reading database ... 30%
(Reading database ... 35%
(Reading database ... 40%
(Reading database ... 45%
(Reading database ... 50%
(Reading database ... 55%
(Reading database ... 60%
(Reading database ... 65%
(Reading database ... 70%
(Reading database ... 75%
(Reading database ... 80%
(Reading database ... 85%
(Reading database ... 90%
(Reading database ... 95%
(Reading database ... 100%
(Reading database ... 4638 files and directories currently installed.)
#18 7.164 Preparing to unpack .../libssl3t64_3.0.13-0ubuntu3.16_arm64.deb ...
#18 7.169 Unpacking libssl3t64:arm64 (3.0.13-0ubuntu3.16) over (3.0.13-0ubuntu3.15) ...
#18 7.240 Setting up libssl3t64:arm64 (3.0.13-0ubuntu3.16) ...
#18 7.257 Selecting previously unselected package libpython3.12-minimal:arm64.
#18 7.257 (Reading database ... 
(Reading database ... 5%
(Reading database ... 10%
(Reading database ... 15%
(Reading database ... 20%
(Reading database ... 25%
(Reading database ... 30%
(Reading database ... 35%
(Reading database ... 40%
(Reading database ... 45%
(Reading database ... 50%
(Reading database ... 55%
(Reading database ... 60%
(Reading database ... 65%
(Reading database ... 70%
(Reading database ... 75%
(Reading database ... 80%
(Reading database ... 85%
(Reading database ... 90%
(Reading database ... 95%
(Reading database ... 100%
(Reading database ... 4638 files and directories currently installed.)
#18 7.260 Preparing to unpack .../libpython3.12-minimal_3.12.3-1ubuntu0.17_arm64.deb ...
#18 7.262 Unpacking libpython3.12-minimal:arm64 (3.12.3-1ubuntu0.17) ...
#18 7.321 Selecting previously unselected package python3.12-minimal.
#18 7.322 Preparing to unpack .../python3.12-minimal_3.12.3-1ubuntu0.17_arm64.deb ...
#18 7.325 Unpacking python3.12-minimal (3.12.3-1ubuntu0.17) ...
#18 7.380 Setting up libpython3.12-minimal:arm64 (3.12.3-1ubuntu0.17) ...
#18 7.386 Setting up python3.12-minimal (3.12.3-1ubuntu0.17) ...
#18 8.023 Selecting previously unselected package python3-minimal.
#18 8.023 (Reading database ... 
(Reading database ... 5%
(Reading database ... 10%
(Reading database ... 15%
(Reading database ... 20%
(Reading database ... 25%
(Reading database ... 30%
(Reading database ... 35%
(Reading database ... 40%
(Reading database ... 45%
(Reading database ... 50%
(Reading database ... 55%
(Reading database ... 60%
(Reading database ... 65%
(Reading database ... 70%
(Reading database ... 75%
(Reading database ... 80%
(Reading database ... 85%
(Reading database ... 90%
(Reading database ... 95%
(Reading database ... 100%
(Reading database ... 4949 files and directories currently installed.)
#18 8.027 Preparing to unpack .../0-python3-minimal_3.12.3-0ubuntu2.1_arm64.deb ...
#18 8.029 Unpacking python3-minimal (3.12.3-0ubuntu2.1) ...
#18 8.043 Selecting previously unselected package media-types.
#18 8.043 Preparing to unpack .../1-media-types_10.1.0_all.deb ...
#18 8.045 Unpacking media-types (10.1.0) ...
#18 8.060 Selecting previously unselected package netbase.
#18 8.060 Preparing to unpack .../2-netbase_6.4_all.deb ...
#18 8.062 Unpacking netbase (6.4) ...
#18 8.077 Selecting previously unselected package tzdata.
#18 8.078 Preparing to unpack .../3-tzdata_2026c-0ubuntu0.24.04.1_all.deb ...
#18 8.079 Unpacking tzdata (2026c-0ubuntu0.24.04.1) ...
#18 8.133 Selecting previously unselected package readline-common.
#18 8.133 Preparing to unpack .../4-readline-common_8.2-4build1_all.deb ...
#18 8.135 Unpacking readline-common (8.2-4build1) ...
#18 8.152 Selecting previously unselected package libreadline8t64:arm64.
#18 8.153 Preparing to unpack .../5-libreadline8t64_8.2-4build1_arm64.deb ...
#18 8.156 Adding 'diversion of /lib/aarch64-linux-gnu/libhistory.so.8 to /lib/aarch64-linux-gnu/libhistory.so.8.usr-is-merged by libreadline8t64'
#18 8.159 Adding 'diversion of /lib/aarch64-linux-gnu/libhistory.so.8.2 to /lib/aarch64-linux-gnu/libhistory.so.8.2.usr-is-merged by libreadline8t64'
#18 8.162 Adding 'diversion of /lib/aarch64-linux-gnu/libreadline.so.8 to /lib/aarch64-linux-gnu/libreadline.so.8.usr-is-merged by libreadline8t64'
#18 8.165 Adding 'diversion of /lib/aarch64-linux-gnu/libreadline.so.8.2 to /lib/aarch64-linux-gnu/libreadline.so.8.2.usr-is-merged by libreadline8t64'
#18 8.167 Unpacking libreadline8t64:arm64 (8.2-4build1) ...
#18 8.183 Selecting previously unselected package libsqlite3-0:arm64.
#18 8.184 Preparing to unpack .../6-libsqlite3-0_3.45.1-1ubuntu2.8_arm64.deb ...
#18 8.185 Unpacking libsqlite3-0:arm64 (3.45.1-1ubuntu2.8) ...
#18 8.217 Selecting previously unselected package libpython3.12-stdlib:arm64.
#18 8.218 Preparing to unpack .../7-libpython3.12-stdlib_3.12.3-1ubuntu0.17_arm64.deb ...
#18 8.221 Unpacking libpython3.12-stdlib:arm64 (3.12.3-1ubuntu0.17) ...
#18 8.327 Selecting previously unselected package python3.12.
#18 8.328 Preparing to unpack .../8-python3.12_3.12.3-1ubuntu0.17_arm64.deb ...
#18 8.330 Unpacking python3.12 (3.12.3-1ubuntu0.17) ...
#18 8.345 Selecting previously unselected package libpython3-stdlib:arm64.
#18 8.346 Preparing to unpack .../9-libpython3-stdlib_3.12.3-0ubuntu2.1_arm64.deb ...
#18 8.348 Unpacking libpython3-stdlib:arm64 (3.12.3-0ubuntu2.1) ...
#18 8.362 Setting up python3-minimal (3.12.3-0ubuntu2.1) ...
#18 8.477 Selecting previously unselected package python3.
#18 8.477 (Reading database ... 
(Reading database ... 5%
(Reading database ... 10%
(Reading database ... 15%
(Reading database ... 20%
(Reading database ... 25%
(Reading database ... 30%
(Reading database ... 35%
(Reading database ... 40%
(Reading database ... 45%
(Reading database ... 50%
(Reading database ... 55%
(Reading database ... 60%
(Reading database ... 65%
(Reading database ... 70%
(Reading database ... 75%
(Reading database ... 80%
(Reading database ... 85%
(Reading database ... 90%
(Reading database ... 95%
(Reading database ... 100%
(Reading database ... 5955 files and directories currently installed.)
#18 8.481 Preparing to unpack .../0-python3_3.12.3-0ubuntu2.1_arm64.deb ...
#18 8.484 Unpacking python3 (3.12.3-0ubuntu2.1) ...
#18 8.500 Selecting previously unselected package openssl.
#18 8.500 Preparing to unpack .../1-openssl_3.0.13-0ubuntu3.16_arm64.deb ...
#18 8.502 Unpacking openssl (3.0.13-0ubuntu3.16) ...
#18 8.534 Selecting previously unselected package ca-certificates.
#18 8.534 Preparing to unpack .../2-ca-certificates_20260601~24.04.1_all.deb ...
#18 8.536 Unpacking ca-certificates (20260601~24.04.1) ...
#18 8.564 Selecting previously unselected package python3-pkg-resources.
#18 8.565 Preparing to unpack .../3-python3-pkg-resources_68.1.2-2ubuntu1.2_all.deb ...
#18 8.567 Unpacking python3-pkg-resources (68.1.2-2ubuntu1.2) ...
#18 8.588 Selecting previously unselected package python3-setuptools.
#18 8.589 Preparing to unpack .../4-python3-setuptools_68.1.2-2ubuntu1.2_all.deb ...
#18 8.590 Unpacking python3-setuptools (68.1.2-2ubuntu1.2) ...
#18 8.627 Selecting previously unselected package python3-wheel.
#18 8.629 Preparing to unpack .../5-python3-wheel_0.42.0-2_all.deb ...
#18 8.630 Unpacking python3-wheel (0.42.0-2) ...
#18 8.648 Selecting previously unselected package python3-pip.
#18 8.648 Preparing to unpack .../6-python3-pip_24.0+dfsg-1ubuntu1.3_all.deb ...
#18 8.650 Unpacking python3-pip (24.0+dfsg-1ubuntu1.3) ...
#18 8.745 Setting up media-types (10.1.0) ...
#18 8.751 Setting up libsqlite3-0:arm64 (3.45.1-1ubuntu2.8) ...
#18 8.755 Setting up tzdata (2026c-0ubuntu0.24.04.1) ...
#18 8.801 debconf: unable to initialize frontend: Dialog
#18 8.801 debconf: (TERM is not set, so the dialog frontend is not usable.)
#18 8.801 debconf: falling back to frontend: Readline
#18 8.802 debconf: unable to initialize frontend: Readline
#18 8.802 debconf: (Can't locate Term/ReadLine.pm in @INC (you may need to install the Term::ReadLine module) (@INC entries checked: /etc/perl /usr/local/lib/aarch64-linux-gnu/perl/5.38.2 /usr/local/share/perl/5.38.2 /usr/lib/aarch64-linux-gnu/perl5/5.38 /usr/share/perl5 /usr/lib/aarch64-linux-gnu/perl-base /usr/lib/aarch64-linux-gnu/perl/5.38 /usr/share/perl/5.38 /usr/local/lib/site_perl) at /usr/share/perl5/Debconf/FrontEnd/Readline.pm line 8.)
#18 8.802 debconf: falling back to frontend: Teletype
#18 8.824 Configuring tzdata
#18 8.824 ------------------
#18 8.824 
#18 8.824 Please select the geographic area in which you live. Subsequent configuration
#18 8.824 questions will narrow this down by presenting a list of cities, representing
#18 8.824 the time zones in which they are located.
#18 8.824 
#18 8.824   1. Africa      4. Arctic    7. Australia  10. Pacific
#18 8.824   2. America     5. Asia      8. Europe     11. Etc
#18 8.824   3. Antarctica  6. Atlantic  9. Indian     12. Legacy
#18 8.824 Geographic area: 
#18 8.824 Use of uninitialized value $_[1] in join or string at /usr/share/perl5/Debconf/DbDriver/Stack.pm line 112.
#18 8.829 
#18 8.829 Current default time zone: '/UTC'
#18 8.830 Local time is now:      Mon Oct  5 20:47:29 UTC 2026.
#18 8.830 Universal Time is now:  Mon Oct  5 20:47:29 UTC 2026.
#18 8.830 Run 'dpkg-reconfigure tzdata' if you wish to change it.
#18 8.830 
#18 8.831 Use of uninitialized value $val in substitution (s///) at /usr/share/perl5/Debconf/Format/822.pm line 84, <GEN6> line 4.
#18 8.831 Use of uninitialized value $val in concatenation (.) or string at /usr/share/perl5/Debconf/Format/822.pm line 85, <GEN6> line 4.
#18 8.840 Setting up netbase (6.4) ...
#18 8.850 Setting up openssl (3.0.13-0ubuntu3.16) ...
#18 8.856 Setting up readline-common (8.2-4build1) ...
#18 8.861 Setting up ca-certificates (20260601~24.04.1) ...
#18 8.911 debconf: unable to initialize frontend: Dialog
#18 8.911 debconf: (TERM is not set, so the dialog frontend is not usable.)
#18 8.911 debconf: falling back to frontend: Readline
#18 8.912 debconf: unable to initialize frontend: Readline
#18 8.912 debconf: (Can't locate Term/ReadLine.pm in @INC (you may need to install the Term::ReadLine module) (@INC entries checked: /etc/perl /usr/local/lib/aarch64-linux-gnu/perl/5.38.2 /usr/local/share/perl/5.38.2 /usr/lib/aarch64-linux-gnu/perl5/5.38 /usr/share/perl5 /usr/lib/aarch64-linux-gnu/perl-base /usr/lib/aarch64-linux-gnu/perl/5.38 /usr/share/perl/5.38 /usr/local/lib/site_perl) at /usr/share/perl5/Debconf/FrontEnd/Readline.pm line 8.)
#18 8.912 debconf: falling back to frontend: Teletype
#18 9.116 Updating certificates in /etc/ssl/certs...
#18 9.417 121 added, 0 removed; done.
#18 9.432 Setting up libreadline8t64:arm64 (8.2-4build1) ...
#18 9.436 Setting up libpython3.12-stdlib:arm64 (3.12.3-1ubuntu0.17) ...
#18 9.440 Setting up python3.12 (3.12.3-1ubuntu0.17) ...
#18 10.28 Setting up libpython3-stdlib:arm64 (3.12.3-0ubuntu2.1) ...
#18 10.28 Setting up python3 (3.12.3-0ubuntu2.1) ...
#18 10.29 running python rtupdate hooks for python3.12...
#18 10.29 running python post-rtupdate hooks for python3.12...
#18 10.36 Setting up python3-wheel (0.42.0-2) ...
#18 10.47 Setting up python3-pkg-resources (68.1.2-2ubuntu1.2) ...
#18 10.63 Setting up python3-setuptools (68.1.2-2ubuntu1.2) ...
#18 10.99 Setting up python3-pip (24.0+dfsg-1ubuntu1.3) ...
#18 12.03 Processing triggers for libc-bin (2.39-0ubuntu8.9) ...
#18 12.03 Processing triggers for ca-certificates (20260601~24.04.1) ...
#18 12.04 Updating certificates in /etc/ssl/certs...
#18 12.26 0 added, 0 removed; done.
#18 12.26 Running hooks in /etc/ca-certificates/update.d...
#18 12.27 done.
#18 12.75 Collecting pytest==8.4.1
#18 12.94   Downloading pytest-8.4.1-py3-none-any.whl.metadata (7.7 kB)
#18 12.98 Collecting iniconfig>=1 (from pytest==8.4.1)
#18 13.00   Downloading iniconfig-2.3.0-py3-none-any.whl.metadata (2.5 kB)
#18 13.04 Collecting packaging>=20 (from pytest==8.4.1)
#18 13.07   Downloading packaging-26.3-py3-none-any.whl.metadata (3.5 kB)
#18 13.11 Collecting pluggy<2,>=1.5 (from pytest==8.4.1)
#18 13.13   Downloading pluggy-1.6.0-py3-none-any.whl.metadata (4.8 kB)
#18 13.18 Collecting pygments>=2.7.2 (from pytest==8.4.1)
#18 13.20   Downloading pygments-2.21.0-py3-none-any.whl.metadata (2.5 kB)
#18 13.24 Downloading pytest-8.4.1-py3-none-any.whl (365 kB)
#18 13.33    ━━━━━━━━━━━━━━━━━━━━━━━━━━━━━━━━━━━━━━━━ 365.5/365.5 kB 4.3 MB/s eta 0:00:00
#18 13.44 Downloading iniconfig-2.3.0-py3-none-any.whl (7.5 kB)
#18 13.46 Downloading packaging-26.3-py3-none-any.whl (129 kB)
#18 13.47    ━━━━━━━━━━━━━━━━━━━━━━━━━━━━━━━━━━━━━━━━ 130.0/130.0 kB 31.2 MB/s eta 0:00:00
#18 13.50 Downloading pluggy-1.6.0-py3-none-any.whl (20 kB)
#18 13.52 Downloading pygments-2.21.0-py3-none-any.whl (1.3 MB)
#18 13.59    ━━━━━━━━━━━━━━━━━━━━━━━━━━━━━━━━━━━━━━━━ 1.3/1.3 MB 20.4 MB/s eta 0:00:00
#18 13.61 Installing collected packages: pygments, pluggy, packaging, iniconfig, pytest
#18 14.49 Successfully installed iniconfig-2.3.0 packaging-26.3 pluggy-1.6.0 pygments-2.21.0 pytest-8.4.1
#18 14.49 WARNING: Running pip as the 'root' user can result in broken permissions and conflicting behaviour with the system package manager. It is recommended to use a virtual environment instead: https://pip.pypa.io/warnings/venv
#18 DONE 14.7s

#19 exporting to image
#19 exporting layers
#19 exporting layers 3.6s done
#19 exporting manifest sha256:4c42516dd54a588a980e63167ab5f1cfe0b0779b2024ea5c35538d9fda337842 done
#19 exporting config sha256:39af80b6432fec7c6088315dfe3c06f87357efa182c56325d16ca6da97a56adb done
#19 exporting attestation manifest sha256:63116e16176aaaea2c800ac5c153c3b62c178b74042353c4a9cd8ebc941f71c1 done
#19 exporting manifest list sha256:5534d79b97829b724a264b045228e72eefb4758b631734d1a539f1dbc3ec6910 done
#19 naming to docker.io/library/verity-1104:local done
#19 unpacking to docker.io/library/verity-1104:local
#19 unpacking to docker.io/library/verity-1104:local 1.5s done
#19 DONE 5.2s

View build details: docker-desktop://dashboard/build/desktop-linux/desktop-linux/lmhe52ji4v1syulh2tc008mg1
