#0 building with "desktop-linux" instance using docker driver

#1 [internal] load build definition from Dockerfile
#1 transferring dockerfile: 4.23kB done
#1 DONE 0.0s

#2 [internal] load metadata for docker.io/library/ubuntu:24.04
#2 DONE 0.8s

#3 [internal] load .dockerignore
#3 transferring context: 2B done
#3 DONE 0.0s

#4 [1/9] FROM docker.io/library/ubuntu:24.04@sha256:534baea6a22c03a63003dbc8dbe78fe34bc0d7e595d9a9dc9834884ff530eb55
#4 resolve docker.io/library/ubuntu:24.04@sha256:534baea6a22c03a63003dbc8dbe78fe34bc0d7e595d9a9dc9834884ff530eb55 done
#4 DONE 0.0s

#5 [2/9] WORKDIR /app
#5 CACHED

#6 [3/9] RUN mkdir -p /opt/custom-tools/bin &&     echo '#!/bin/bash' > /opt/custom-tools/bin/devtool &&     echo 'echo "DevTool v1.0 - Custom development utility"' >> /opt/custom-tools/bin/devtool &&     chmod +x /opt/custom-tools/bin/devtool
#6 DONE 0.1s

#7 [4/9] RUN echo '# .bashrc - User shell customizations' > /root/.bashrc &&     echo '' >> /root/.bashrc &&     echo '# Environment variables' >> /root/.bashrc &&     echo 'export DEV_MODE=development' >> /root/.bashrc &&     echo '' >> /root/.bashrc &&     echo '# PATH modifications' >> /root/.bashrc &&     echo 'export PATH="/opt/custom-tools/bin:$PATH"' >> /root/.bashrc &&     echo '' >> /root/.bashrc &&     echo '# Custom prompt' >> /root/.bashrc &&     echo 'export PS1="[\u@\h \W]\$ "' >> /root/.bashrc &&     echo '' >> /root/.bashrc &&     echo '# Source bash_aliases if it exists' >> /root/.bashrc &&     echo 'if [ -f ~/.bash_aliases ]; then' >> /root/.bashrc &&     echo '    . ~/.bash_aliases' >> /root/.bashrc &&     echo 'fi' >> /root/.bashrc
#7 DONE 0.1s

#8 [5/9] RUN echo '# Custom aliases for development' > /root/.bash_aliases &&     echo 'alias glog="git log --oneline --graph --decorate"' >> /root/.bash_aliases &&     echo 'alias dps="docker ps --format \"table {{.Names}}\t{{.Status}}\t{{.Ports}}\""' >> /root/.bash_aliases &&     echo 'alias ll="ls -la"' >> /root/.bash_aliases
#8 DONE 0.1s

#9 [6/9] RUN echo '# .bash_profile - Login shell configuration' > /root/.bash_profile &&     echo '' >> /root/.bash_profile &&     echo '# Some basic settings for login shells' >> /root/.bash_profile &&     echo 'export EDITOR=vim' >> /root/.bash_profile &&     echo '' >> /root/.bash_profile &&     echo '# NOTE: This file is missing the important step of sourcing .bashrc!' >> /root/.bash_profile &&     echo '# As a result, aliases and environment variables from .bashrc are not loaded'
#9 0.109 # As a result, aliases and environment variables from .bashrc are not loaded
#9 DONE 0.1s

#10 [7/9] RUN echo '# ~/.profile: executed by the command interpreter for login shells.' > /root/.profile &&     echo '' >> /root/.profile &&     echo '# if running bash' >> /root/.profile &&     echo 'if [ -n "$BASH_VERSION" ]; then' >> /root/.profile &&     echo '    # include .bashrc if it exists' >> /root/.profile &&     echo '    if [ -f "$HOME/.bashrc" ]; then' >> /root/.profile &&     echo '        . "$HOME/.bashrc"' >> /root/.profile &&     echo '    fi' >> /root/.profile &&     echo 'fi' >> /root/.profile
#10 DONE 0.1s

#11 [8/9] WORKDIR /app
#11 DONE 0.0s

#12 [9/9] RUN if command -v python3 >/dev/null 2>&1 && python3 -m pip --version >/dev/null 2>&1; then python3 -m pip install --break-system-packages --no-cache-dir pytest==8.4.1; else apt-get update && apt-get install -y --no-install-recommends python3 python3-pip && rm -rf /var/lib/apt/lists/* && python3 -m pip install --break-system-packages --no-cache-dir pytest==8.4.1; fi
#12 0.419 Get:1 http://ports.ubuntu.com/ubuntu-ports noble InRelease [256 kB]
#12 0.861 Get:2 http://ports.ubuntu.com/ubuntu-ports noble-updates InRelease [126 kB]
#12 0.972 Get:3 http://ports.ubuntu.com/ubuntu-ports noble-backports InRelease [126 kB]
#12 1.081 Get:4 http://ports.ubuntu.com/ubuntu-ports noble-security InRelease [126 kB]
#12 1.191 Get:5 http://ports.ubuntu.com/ubuntu-ports noble/universe arm64 Packages [19.0 MB]
#12 2.586 Get:6 http://ports.ubuntu.com/ubuntu-ports noble/main arm64 Packages [1776 kB]
#12 2.651 Get:7 http://ports.ubuntu.com/ubuntu-ports noble/restricted arm64 Packages [113 kB]
#12 2.652 Get:8 http://ports.ubuntu.com/ubuntu-ports noble/multiverse arm64 Packages [274 kB]
#12 2.664 Get:9 http://ports.ubuntu.com/ubuntu-ports noble-updates/restricted arm64 Packages [3132 kB]
#12 2.890 Get:10 http://ports.ubuntu.com/ubuntu-ports noble-updates/main arm64 Packages [1758 kB]
#12 3.062 Get:11 http://ports.ubuntu.com/ubuntu-ports noble-updates/universe arm64 Packages [2210 kB]
#12 3.076 Get:12 http://ports.ubuntu.com/ubuntu-ports noble-updates/multiverse arm64 Packages [96.8 kB]
#12 3.078 Get:13 http://ports.ubuntu.com/ubuntu-ports noble-backports/universe arm64 Packages [36.3 kB]
#12 3.078 Get:14 http://ports.ubuntu.com/ubuntu-ports noble-backports/multiverse arm64 Packages [671 B]
#12 3.078 Get:15 http://ports.ubuntu.com/ubuntu-ports noble-backports/main arm64 Packages [49.0 kB]
#12 3.079 Get:16 http://ports.ubuntu.com/ubuntu-ports noble-security/multiverse arm64 Packages [89.7 kB]
#12 3.080 Get:17 http://ports.ubuntu.com/ubuntu-ports noble-security/main arm64 Packages [1390 kB]
#12 3.129 Get:18 http://ports.ubuntu.com/ubuntu-ports noble-security/restricted arm64 Packages [2886 kB]
#12 3.249 Get:19 http://ports.ubuntu.com/ubuntu-ports noble-security/universe arm64 Packages [1624 kB]
#12 4.097 Fetched 35.1 MB in 4s (8855 kB/s)
#12 4.097 Reading package lists...
#12 4.928 Reading package lists...
#12 5.737 Building dependency tree...
#12 5.915 Reading state information...
#12 6.113 The following additional packages will be installed:
#12 6.113   ca-certificates libexpat1 libpython3-stdlib libpython3.12-minimal
#12 6.113   libpython3.12-stdlib libreadline8t64 libsqlite3-0 libssl3t64 media-types
#12 6.113   netbase openssl python3-minimal python3-pkg-resources python3-setuptools
#12 6.113   python3-wheel python3.12 python3.12-minimal readline-common tzdata
#12 6.114 Suggested packages:
#12 6.114   python3-doc python3-tk python3-venv python-setuptools-doc python3.12-venv
#12 6.114   python3.12-doc binutils binfmt-support readline-doc
#12 6.114 Recommended packages:
#12 6.114   build-essential python3-dev
#12 6.214 The following NEW packages will be installed:
#12 6.214   ca-certificates libexpat1 libpython3-stdlib libpython3.12-minimal
#12 6.215   libpython3.12-stdlib libreadline8t64 libsqlite3-0 media-types netbase
#12 6.215   openssl python3 python3-minimal python3-pip python3-pkg-resources
#12 6.215   python3-setuptools python3-wheel python3.12 python3.12-minimal
#12 6.215   readline-common tzdata
#12 6.216 The following packages will be upgraded:
#12 6.216   libssl3t64
#12 6.372 1 upgraded, 20 newly installed, 0 to remove and 2 not upgraded.
#12 6.372 Need to get 12.0 MB of archives.
#12 6.372 After this operation, 42.0 MB of additional disk space will be used.
#12 6.372 Get:1 http://ports.ubuntu.com/ubuntu-ports noble-updates/main arm64 libssl3t64 arm64 3.0.13-0ubuntu3.16 [1838 kB]
#12 7.146 Get:2 http://ports.ubuntu.com/ubuntu-ports noble-updates/main arm64 libpython3.12-minimal arm64 3.12.3-1ubuntu0.17 [835 kB]
#12 7.176 Get:3 http://ports.ubuntu.com/ubuntu-ports noble-updates/main arm64 libexpat1 arm64 2.6.1-2ubuntu0.6 [89.8 kB]
#12 7.180 Get:4 http://ports.ubuntu.com/ubuntu-ports noble-updates/main arm64 python3.12-minimal arm64 3.12.3-1ubuntu0.17 [2253 kB]
#12 7.277 Get:5 http://ports.ubuntu.com/ubuntu-ports noble-updates/main arm64 python3-minimal arm64 3.12.3-0ubuntu2.1 [27.4 kB]
#12 7.277 Get:6 http://ports.ubuntu.com/ubuntu-ports noble/main arm64 media-types all 10.1.0 [27.5 kB]
#12 7.278 Get:7 http://ports.ubuntu.com/ubuntu-ports noble/main arm64 netbase all 6.4 [13.1 kB]
#12 7.278 Get:8 http://ports.ubuntu.com/ubuntu-ports noble-updates/main arm64 tzdata all 2026c-0ubuntu0.24.04.1 [280 kB]
#12 7.288 Get:9 http://ports.ubuntu.com/ubuntu-ports noble/main arm64 readline-common all 8.2-4build1 [56.5 kB]
#12 7.290 Get:10 http://ports.ubuntu.com/ubuntu-ports noble/main arm64 libreadline8t64 arm64 8.2-4build1 [153 kB]
#12 7.299 Get:11 http://ports.ubuntu.com/ubuntu-ports noble-updates/main arm64 libsqlite3-0 arm64 3.45.1-1ubuntu2.8 [691 kB]
#12 7.323 Get:12 http://ports.ubuntu.com/ubuntu-ports noble-updates/main arm64 libpython3.12-stdlib arm64 3.12.3-1ubuntu0.17 [2039 kB]
#12 7.398 Get:13 http://ports.ubuntu.com/ubuntu-ports noble-updates/main arm64 python3.12 arm64 3.12.3-1ubuntu0.17 [651 kB]
#12 7.423 Get:14 http://ports.ubuntu.com/ubuntu-ports noble-updates/main arm64 libpython3-stdlib arm64 3.12.3-0ubuntu2.1 [10.1 kB]
#12 7.424 Get:15 http://ports.ubuntu.com/ubuntu-ports noble-updates/main arm64 python3 arm64 3.12.3-0ubuntu2.1 [23.0 kB]
#12 7.425 Get:16 http://ports.ubuntu.com/ubuntu-ports noble-updates/main arm64 openssl arm64 3.0.13-0ubuntu3.16 [985 kB]
#12 7.637 Get:17 http://ports.ubuntu.com/ubuntu-ports noble-updates/main arm64 ca-certificates all 20260601~24.04.1 [139 kB]
#12 7.638 Get:18 http://ports.ubuntu.com/ubuntu-ports noble-updates/main arm64 python3-pkg-resources all 68.1.2-2ubuntu1.2 [168 kB]
#12 7.640 Get:19 http://ports.ubuntu.com/ubuntu-ports noble-updates/main arm64 python3-setuptools all 68.1.2-2ubuntu1.2 [397 kB]
#12 7.644 Get:20 http://ports.ubuntu.com/ubuntu-ports noble/universe arm64 python3-wheel all 0.42.0-2 [53.1 kB]
#12 7.645 Get:21 http://ports.ubuntu.com/ubuntu-ports noble-updates/universe arm64 python3-pip all 24.0+dfsg-1ubuntu1.3 [1320 kB]
#12 7.758 debconf: delaying package configuration, since apt-utils is not installed
#12 7.780 Fetched 12.0 MB in 1s (8414 kB/s)
#12 7.793 (Reading database ... 
(Reading database ... 5%
(Reading database ... 10%
(Reading database ... 15%
(Reading database ... 20%
(Reading database ... 25%
(Reading database ... 30%
(Reading database ... 35%
(Reading database ... 40%
(Reading database ... 45%
(Reading database ... 50%
(Reading database ... 55%
(Reading database ... 60%
(Reading database ... 65%
(Reading database ... 70%
(Reading database ... 75%
(Reading database ... 80%
(Reading database ... 85%
(Reading database ... 90%
(Reading database ... 95%
(Reading database ... 100%
(Reading database ... 4376 files and directories currently installed.)
#12 7.798 Preparing to unpack .../libssl3t64_3.0.13-0ubuntu3.16_arm64.deb ...
#12 7.803 Unpacking libssl3t64:arm64 (3.0.13-0ubuntu3.16) over (3.0.13-0ubuntu3.15) ...
#12 7.876 Setting up libssl3t64:arm64 (3.0.13-0ubuntu3.16) ...
#12 7.893 Selecting previously unselected package libpython3.12-minimal:arm64.
#12 7.893 (Reading database ... 
(Reading database ... 5%
(Reading database ... 10%
(Reading database ... 15%
(Reading database ... 20%
(Reading database ... 25%
(Reading database ... 30%
(Reading database ... 35%
(Reading database ... 40%
(Reading database ... 45%
(Reading database ... 50%
(Reading database ... 55%
(Reading database ... 60%
(Reading database ... 65%
(Reading database ... 70%
(Reading database ... 75%
(Reading database ... 80%
(Reading database ... 85%
(Reading database ... 90%
(Reading database ... 95%
(Reading database ... 100%
(Reading database ... 4376 files and directories currently installed.)
#12 7.896 Preparing to unpack .../libpython3.12-minimal_3.12.3-1ubuntu0.17_arm64.deb ...
#12 7.897 Unpacking libpython3.12-minimal:arm64 (3.12.3-1ubuntu0.17) ...
#12 7.956 Selecting previously unselected package libexpat1:arm64.
#12 7.957 Preparing to unpack .../libexpat1_2.6.1-2ubuntu0.6_arm64.deb ...
#12 7.959 Unpacking libexpat1:arm64 (2.6.1-2ubuntu0.6) ...
#12 7.975 Selecting previously unselected package python3.12-minimal.
#12 7.975 Preparing to unpack .../python3.12-minimal_3.12.3-1ubuntu0.17_arm64.deb ...
#12 7.979 Unpacking python3.12-minimal (3.12.3-1ubuntu0.17) ...
#12 8.035 Setting up libpython3.12-minimal:arm64 (3.12.3-1ubuntu0.17) ...
#12 8.040 Setting up libexpat1:arm64 (2.6.1-2ubuntu0.6) ...
#12 8.045 Setting up python3.12-minimal (3.12.3-1ubuntu0.17) ...
#12 8.697 Selecting previously unselected package python3-minimal.
#12 8.697 (Reading database ... 
(Reading database ... 5%
(Reading database ... 10%
(Reading database ... 15%
(Reading database ... 20%
(Reading database ... 25%
(Reading database ... 30%
(Reading database ... 35%
(Reading database ... 40%
(Reading database ... 45%
(Reading database ... 50%
(Reading database ... 55%
(Reading database ... 60%
(Reading database ... 65%
(Reading database ... 70%
(Reading database ... 75%
(Reading database ... 80%
(Reading database ... 85%
(Reading database ... 90%
(Reading database ... 95%
(Reading database ... 100%
(Reading database ... 4695 files and directories currently installed.)
#12 8.701 Preparing to unpack .../0-python3-minimal_3.12.3-0ubuntu2.1_arm64.deb ...
#12 8.702 Unpacking python3-minimal (3.12.3-0ubuntu2.1) ...
#12 8.715 Selecting previously unselected package media-types.
#12 8.715 Preparing to unpack .../1-media-types_10.1.0_all.deb ...
#12 8.717 Unpacking media-types (10.1.0) ...
#12 8.730 Selecting previously unselected package netbase.
#12 8.731 Preparing to unpack .../2-netbase_6.4_all.deb ...
#12 8.732 Unpacking netbase (6.4) ...
#12 8.746 Selecting previously unselected package tzdata.
#12 8.747 Preparing to unpack .../3-tzdata_2026c-0ubuntu0.24.04.1_all.deb ...
#12 8.748 Unpacking tzdata (2026c-0ubuntu0.24.04.1) ...
#12 8.798 Selecting previously unselected package readline-common.
#12 8.799 Preparing to unpack .../4-readline-common_8.2-4build1_all.deb ...
#12 8.801 Unpacking readline-common (8.2-4build1) ...
#12 8.815 Selecting previously unselected package libreadline8t64:arm64.
#12 8.816 Preparing to unpack .../5-libreadline8t64_8.2-4build1_arm64.deb ...
#12 8.819 Adding 'diversion of /lib/aarch64-linux-gnu/libhistory.so.8 to /lib/aarch64-linux-gnu/libhistory.so.8.usr-is-merged by libreadline8t64'
#12 8.823 Adding 'diversion of /lib/aarch64-linux-gnu/libhistory.so.8.2 to /lib/aarch64-linux-gnu/libhistory.so.8.2.usr-is-merged by libreadline8t64'
#12 8.825 Adding 'diversion of /lib/aarch64-linux-gnu/libreadline.so.8 to /lib/aarch64-linux-gnu/libreadline.so.8.usr-is-merged by libreadline8t64'
#12 8.828 Adding 'diversion of /lib/aarch64-linux-gnu/libreadline.so.8.2 to /lib/aarch64-linux-gnu/libreadline.so.8.2.usr-is-merged by libreadline8t64'
#12 8.829 Unpacking libreadline8t64:arm64 (8.2-4build1) ...
#12 8.845 Selecting previously unselected package libsqlite3-0:arm64.
#12 8.845 Preparing to unpack .../6-libsqlite3-0_3.45.1-1ubuntu2.8_arm64.deb ...
#12 8.847 Unpacking libsqlite3-0:arm64 (3.45.1-1ubuntu2.8) ...
#12 8.868 Selecting previously unselected package libpython3.12-stdlib:arm64.
#12 8.868 Preparing to unpack .../7-libpython3.12-stdlib_3.12.3-1ubuntu0.17_arm64.deb ...
#12 8.870 Unpacking libpython3.12-stdlib:arm64 (3.12.3-1ubuntu0.17) ...
#12 8.964 Selecting previously unselected package python3.12.
#12 8.965 Preparing to unpack .../8-python3.12_3.12.3-1ubuntu0.17_arm64.deb ...
#12 8.966 Unpacking python3.12 (3.12.3-1ubuntu0.17) ...
#12 8.981 Selecting previously unselected package libpython3-stdlib:arm64.
#12 8.982 Preparing to unpack .../9-libpython3-stdlib_3.12.3-0ubuntu2.1_arm64.deb ...
#12 8.983 Unpacking libpython3-stdlib:arm64 (3.12.3-0ubuntu2.1) ...
#12 8.996 Setting up python3-minimal (3.12.3-0ubuntu2.1) ...
#12 9.111 Selecting previously unselected package python3.
#12 9.111 (Reading database ... 
(Reading database ... 5%
(Reading database ... 10%
(Reading database ... 15%
(Reading database ... 20%
(Reading database ... 25%
(Reading database ... 30%
(Reading database ... 35%
(Reading database ... 40%
(Reading database ... 45%
(Reading database ... 50%
(Reading database ... 55%
(Reading database ... 60%
(Reading database ... 65%
(Reading database ... 70%
(Reading database ... 75%
(Reading database ... 80%
(Reading database ... 85%
(Reading database ... 90%
(Reading database ... 95%
(Reading database ... 100%
(Reading database ... 5701 files and directories currently installed.)
#12 9.115 Preparing to unpack .../0-python3_3.12.3-0ubuntu2.1_arm64.deb ...
#12 9.118 Unpacking python3 (3.12.3-0ubuntu2.1) ...
#12 9.131 Selecting previously unselected package openssl.
#12 9.132 Preparing to unpack .../1-openssl_3.0.13-0ubuntu3.16_arm64.deb ...
#12 9.134 Unpacking openssl (3.0.13-0ubuntu3.16) ...
#12 9.164 Selecting previously unselected package ca-certificates.
#12 9.165 Preparing to unpack .../2-ca-certificates_20260601~24.04.1_all.deb ...
#12 9.166 Unpacking ca-certificates (20260601~24.04.1) ...
#12 9.194 Selecting previously unselected package python3-pkg-resources.
#12 9.195 Preparing to unpack .../3-python3-pkg-resources_68.1.2-2ubuntu1.2_all.deb ...
#12 9.196 Unpacking python3-pkg-resources (68.1.2-2ubuntu1.2) ...
#12 9.216 Selecting previously unselected package python3-setuptools.
#12 9.217 Preparing to unpack .../4-python3-setuptools_68.1.2-2ubuntu1.2_all.deb ...
#12 9.219 Unpacking python3-setuptools (68.1.2-2ubuntu1.2) ...
#12 9.255 Selecting previously unselected package python3-wheel.
#12 9.256 Preparing to unpack .../5-python3-wheel_0.42.0-2_all.deb ...
#12 9.258 Unpacking python3-wheel (0.42.0-2) ...
#12 9.274 Selecting previously unselected package python3-pip.
#12 9.275 Preparing to unpack .../6-python3-pip_24.0+dfsg-1ubuntu1.3_all.deb ...
#12 9.276 Unpacking python3-pip (24.0+dfsg-1ubuntu1.3) ...
#12 9.369 Setting up media-types (10.1.0) ...
#12 9.374 Setting up libsqlite3-0:arm64 (3.45.1-1ubuntu2.8) ...
#12 9.378 Setting up tzdata (2026c-0ubuntu0.24.04.1) ...
#12 9.423 debconf: unable to initialize frontend: Dialog
#12 9.423 debconf: (TERM is not set, so the dialog frontend is not usable.)
#12 9.423 debconf: falling back to frontend: Readline
#12 9.423 debconf: unable to initialize frontend: Readline
#12 9.423 debconf: (Can't locate Term/ReadLine.pm in @INC (you may need to install the Term::ReadLine module) (@INC entries checked: /etc/perl /usr/local/lib/aarch64-linux-gnu/perl/5.38.2 /usr/local/share/perl/5.38.2 /usr/lib/aarch64-linux-gnu/perl5/5.38 /usr/share/perl5 /usr/lib/aarch64-linux-gnu/perl-base /usr/lib/aarch64-linux-gnu/perl/5.38 /usr/share/perl/5.38 /usr/local/lib/site_perl) at /usr/share/perl5/Debconf/FrontEnd/Readline.pm line 8.)
#12 9.423 debconf: falling back to frontend: Teletype
#12 9.448 Configuring tzdata
#12 9.448 ------------------
#12 9.448 
#12 9.448 Please select the geographic area in which you live. Subsequent configuration
#12 9.448 questions will narrow this down by presenting a list of cities, representing
#12 9.448 the time zones in which they are located.
#12 9.448 
#12 9.448   1. Africa      4. Arctic    7. Australia  10. Pacific
#12 9.448   2. America     5. Asia      8. Europe     11. Etc
#12 9.448   3. Antarctica  6. Atlantic  9. Indian     12. Legacy
#12 9.448 Geographic area: 
#12 9.448 Use of uninitialized value $_[1] in join or string at /usr/share/perl5/Debconf/DbDriver/Stack.pm line 112.
#12 9.452 
#12 9.452 Current default time zone: '/UTC'
#12 9.453 Local time is now:      Mon Oct  5 21:14:25 UTC 2026.
#12 9.453 Universal Time is now:  Mon Oct  5 21:14:25 UTC 2026.
#12 9.453 Run 'dpkg-reconfigure tzdata' if you wish to change it.
#12 9.453 
#12 9.454 Use of uninitialized value $val in substitution (s///) at /usr/share/perl5/Debconf/Format/822.pm line 84, <GEN6> line 4.
#12 9.454 Use of uninitialized value $val in concatenation (.) or string at /usr/share/perl5/Debconf/Format/822.pm line 85, <GEN6> line 4.
#12 9.464 Setting up netbase (6.4) ...
#12 9.475 Setting up openssl (3.0.13-0ubuntu3.16) ...
#12 9.480 Setting up readline-common (8.2-4build1) ...
#12 9.485 Setting up ca-certificates (20260601~24.04.1) ...
#12 9.532 debconf: unable to initialize frontend: Dialog
#12 9.532 debconf: (TERM is not set, so the dialog frontend is not usable.)
#12 9.532 debconf: falling back to frontend: Readline
#12 9.532 debconf: unable to initialize frontend: Readline
#12 9.532 debconf: (Can't locate Term/ReadLine.pm in @INC (you may need to install the Term::ReadLine module) (@INC entries checked: /etc/perl /usr/local/lib/aarch64-linux-gnu/perl/5.38.2 /usr/local/share/perl/5.38.2 /usr/lib/aarch64-linux-gnu/perl5/5.38 /usr/share/perl5 /usr/lib/aarch64-linux-gnu/perl-base /usr/lib/aarch64-linux-gnu/perl/5.38 /usr/share/perl/5.38 /usr/local/lib/site_perl) at /usr/share/perl5/Debconf/FrontEnd/Readline.pm line 8.)
#12 9.532 debconf: falling back to frontend: Teletype
#12 9.736 Updating certificates in /etc/ssl/certs...
#12 10.03 121 added, 0 removed; done.
#12 10.05 Setting up libreadline8t64:arm64 (8.2-4build1) ...
#12 10.05 Setting up libpython3.12-stdlib:arm64 (3.12.3-1ubuntu0.17) ...
#12 10.05 Setting up python3.12 (3.12.3-1ubuntu0.17) ...
#12 10.80 Setting up libpython3-stdlib:arm64 (3.12.3-0ubuntu2.1) ...
#12 10.80 Setting up python3 (3.12.3-0ubuntu2.1) ...
#12 10.81 running python rtupdate hooks for python3.12...
#12 10.81 running python post-rtupdate hooks for python3.12...
#12 10.88 Setting up python3-wheel (0.42.0-2) ...
#12 10.98 Setting up python3-pkg-resources (68.1.2-2ubuntu1.2) ...
#12 11.14 Setting up python3-setuptools (68.1.2-2ubuntu1.2) ...
#12 11.49 Setting up python3-pip (24.0+dfsg-1ubuntu1.3) ...
#12 12.50 Processing triggers for libc-bin (2.39-0ubuntu8.9) ...
#12 12.51 Processing triggers for ca-certificates (20260601~24.04.1) ...
#12 12.51 Updating certificates in /etc/ssl/certs...
#12 12.73 0 added, 0 removed; done.
#12 12.73 Running hooks in /etc/ca-certificates/update.d...
#12 12.73 done.
#12 13.17 Collecting pytest==8.4.1
#12 13.36   Downloading pytest-8.4.1-py3-none-any.whl.metadata (7.7 kB)
#12 13.40 Collecting iniconfig>=1 (from pytest==8.4.1)
#12 13.43   Downloading iniconfig-2.3.0-py3-none-any.whl.metadata (2.5 kB)
#12 13.47 Collecting packaging>=20 (from pytest==8.4.1)
#12 13.49   Downloading packaging-26.3-py3-none-any.whl.metadata (3.5 kB)
#12 13.53 Collecting pluggy<2,>=1.5 (from pytest==8.4.1)
#12 13.55   Downloading pluggy-1.6.0-py3-none-any.whl.metadata (4.8 kB)
#12 13.60 Collecting pygments>=2.7.2 (from pytest==8.4.1)
#12 13.62   Downloading pygments-2.21.0-py3-none-any.whl.metadata (2.5 kB)
#12 13.65 Downloading pytest-8.4.1-py3-none-any.whl (365 kB)
#12 13.75    ━━━━━━━━━━━━━━━━━━━━━━━━━━━━━━━━━━━━━━━━ 365.5/365.5 kB 4.3 MB/s eta 0:00:00
#12 13.77 Downloading iniconfig-2.3.0-py3-none-any.whl (7.5 kB)
#12 13.88 Downloading packaging-26.3-py3-none-any.whl (129 kB)
#12 13.89    ━━━━━━━━━━━━━━━━━━━━━━━━━━━━━━━━━━━━━━━━ 130.0/130.0 kB 23.9 MB/s eta 0:00:00
#12 13.92 Downloading pluggy-1.6.0-py3-none-any.whl (20 kB)
#12 13.94 Downloading pygments-2.21.0-py3-none-any.whl (1.3 MB)
#12 14.02    ━━━━━━━━━━━━━━━━━━━━━━━━━━━━━━━━━━━━━━━━ 1.3/1.3 MB 18.1 MB/s eta 0:00:00
#12 14.04 Installing collected packages: pygments, pluggy, packaging, iniconfig, pytest
#12 14.93 Successfully installed iniconfig-2.3.0 packaging-26.3 pluggy-1.6.0 pygments-2.21.0 pytest-8.4.1
#12 14.93 WARNING: Running pip as the 'root' user can result in broken permissions and conflicting behaviour with the system package manager. It is recommended to use a virtual environment instead: https://pip.pypa.io/warnings/venv
#12 DONE 15.1s

#13 exporting to image
#13 exporting layers
#13 exporting layers 3.5s done
#13 exporting manifest sha256:a15f166ef0d3e1ad0f97baa3c3d064a88fa493015b3b21a31707cb9e5f09acad done
#13 exporting config sha256:21a1d459e825b6d8e93a8b75c85ae135ce366458e4666315b8b132f720cb3ca1 done
#13 exporting attestation manifest sha256:1905a8c348bb9d189c2379546bfe9b83eb111e424016d944cd6698281d3456f5 0.0s done
#13 exporting manifest list sha256:e650d62974272f13e292be9a33a35045bd6c166a59ee829cd057fb77abf275f4 done
#13 naming to docker.io/library/verity-481:local done
#13 unpacking to docker.io/library/verity-481:local
#13 unpacking to docker.io/library/verity-481:local 1.0s done
#13 DONE 4.6s

View build details: docker-desktop://dashboard/build/desktop-linux/desktop-linux/9x8tx8v4csxilj3ajvwlp9qpi
