#0 building with "desktop-linux" instance using docker driver

#1 [internal] load build definition from Dockerfile
#1 transferring dockerfile: 629B done
#1 DONE 0.0s

#2 [internal] load metadata for skylensage-registry.cn-hangzhou.cr.aliyuncs.com/instances/1124:t-bench-python-3-13
#2 DONE 2.1s

#3 [internal] load .dockerignore
#3 transferring context: 45B done
#3 DONE 0.0s

#4 [1/7] FROM skylensage-registry.cn-hangzhou.cr.aliyuncs.com/instances/1124:t-bench-python-3-13@sha256:18d34cc73a311cb821ad1168031c7ece07540c785eeb9ffa81e63c968c652daa
#4 resolve skylensage-registry.cn-hangzhou.cr.aliyuncs.com/instances/1124:t-bench-python-3-13@sha256:18d34cc73a311cb821ad1168031c7ece07540c785eeb9ffa81e63c968c652daa done
#4 DONE 0.0s

#5 [internal] load build context
#5 transferring context: 5.51kB done
#5 DONE 0.0s

#6 [2/7] RUN pip install chess
#6 CACHED

#7 [3/7] WORKDIR /app
#7 CACHED

#8 [4/7] COPY position.pgn /app/position.pgn
#8 CACHED

#9 [6/7] COPY test_data /protected/test_data
#9 CACHED

#10 [5/7] RUN mkdir /protected
#10 CACHED

#11 [7/7] RUN if command -v python3 >/dev/null 2>&1 && python3 -m pip --version >/dev/null 2>&1; then python3 -m pip install --break-system-packages --no-cache-dir pytest==8.4.1; else apt-get update && apt-get install -y --no-install-recommends python3 python3-pip && rm -rf /var/lib/apt/lists/* && python3 -m pip install --break-system-packages --no-cache-dir pytest==8.4.1; fi
#11 CACHED

#12 exporting to image
#12 exporting layers done
#12 exporting manifest sha256:fd45f13eb8c95f41a47bdeb0ceee422fe83438de2fabd54f9f67da2f9883f569 done
#12 exporting config sha256:d07cf3d412c2b83c0ae7e7ae1bcf197d808e700fb01b1ca93d05bd8ca5b28d83 done
#12 exporting attestation manifest sha256:f46bed304480803bf040ac41daccda657d66b6040c078b8b27f5f6a8b81a33e0 done
#12 exporting manifest list sha256:e60e130f88d56fe53b2a296dd34cf251a9bff1520778e8bb396f7a7928ae6284 done
#12 naming to docker.io/library/verity-analyze-pgn-best-chess-move:local done
#12 unpacking to docker.io/library/verity-analyze-pgn-best-chess-move:local done
#12 DONE 0.0s

 [33m1 warning found (use docker --debug to expand):
[0m - InvalidBaseImagePlatform: Base image skylensage-registry.cn-hangzhou.cr.aliyuncs.com/instances/1124:t-bench-python-3-13 was pulled with platform "linux/amd64", expected "linux/arm64" for current build (line 1)

View build details: docker-desktop://dashboard/build/desktop-linux/desktop-linux/se15q0cy3x7r1iwmooro7gql2
